08-25 19:20:58.909  5076  5244 V WifiDisplayAdapter: getWifiDisplayStatusLocked: result=WifiDisplayStatus{featureState=2, scanState=0, activeDisplayState=0, activeDisplay=null, displays=[], sessionInfo=WifiDisplaySessionInfo:
08-25 19:20:58.909  5076  5244 V WifiDisplayAdapter:     Client/Owner: Client
08-25 19:20:58.909  5076  5244 V WifiDisplayAdapter:     GroupId:
08-25 19:20:58.909  5076  5244 V WifiDisplayAdapter:     SessionId: 0, connectedState=-1}
08-25 19:20:58.912 30398 30398 I TetheringManager: registerTetheringEventCallback:com.samsung.android.app.sharelive
08-25 19:20:58.912 30434 30434 I AbsSettings: getStringInner: from cache LockSettingsDBItem / PALETTE_VERSION = 100000
08-25 19:20:58.914 30398 30398 I ShareLive: [SLog][main][NotificationUtil] initNotificationChannel
08-25 19:20:58.917  5398  5418 D TileServices: onStartSuccessful android.os.Binder@3ff9e2
08-25 19:20:58.920 30398 30398 E ActivityThread: Failed to find provider info for com.samsung.android.oneconnect.external
08-25 19:20:58.920 30398 30398 I ShareLive: [SLog][main][ExternalIntentUtil] getLegacyVisibility value=0
08-25 19:20:58.920 30398 30398 I ShareLive: [SLog][main][ShareLiveApplication] migrateVisibilityFromLegacy legacyVisibility=0
08-25 19:20:58.925  5076  7373 D PackageManager: setEnabledSetting : userId = 0 packageName = com.samsung.android.app.sharelive cmp = com.samsung.android.app.sharelive.presentation.main.MainActivity newState = 1 callingPackage = 5026/com.samsung.android.app.sharelive
08-25 19:20:58.925 30398 30398 I ShareLive: [SLog][main][ExternalIntentUtil] Enable quickshare component
08-25 19:20:58.926 30398 30398 I CapsuleProvider_1.0.15: releasing initialize wait lock.
08-25 19:20:58.927  5398  5398 D TileLifecycleManager: onServiceConnected ComponentInfo{com.samsung.android.uds/com.samsung.android.uds.ui.uds.UDSTile}
08-25 19:20:58.927  5398  5398 D TileLifecycleManager: Handling pending onStartListening
08-25 19:20:58.927  5398  5398 D TileLifecycleManager: onStartListening
08-25 19:20:58.928 30398 30635 I ShareLive: [SLog][RxCachedThreadScheduler-1][SyncSettingUsecase] getMigrationSetting migrated=ON
08-25 19:20:58.930 30434 30434 E AbsSettings: refreshInner: refreshedSettingsDBItem key CLOCK_VERSION val = 200000
08-25 19:20:58.930 30434 30434 I AbsSettings: getStringInner: from cache AODSettingsDBItem / CLOCK_VERSION = 200000
08-25 19:20:58.930 30536 30536 I SoundAliveApplication: reset setting-value for Tube-Amp
08-25 19:20:58.932 30398 30398 I ShareLive: [SLog][main][PolicyManager] initPolicy
08-25 19:20:58.931 30434 30434 E AbsSettings: refreshInner: refreshedSettingsDBItem key PALETTE_VERSION val = 90000
08-25 19:20:58.932 30434 30434 I AbsSettings: getStringInner: from cache AODSettingsDBItem / PALETTE_VERSION = 90000
08-25 19:20:58.932  5076  5091 V WifiDisplayAdapter: getWifiDisplayStatusLocked: result=WifiDisplayStatus{featureState=2, scanState=0, activeDisplayState=0, activeDisplay=null, displays=[], sessionInfo=WifiDisplaySessionInfo:
08-25 19:20:58.932  5076  5091 V WifiDisplayAdapter:     Client/Owner: Client
08-25 19:20:58.932  5076  5091 V WifiDisplayAdapter:     GroupId:
08-25 19:20:58.932  5076  5091 V WifiDisplayAdapter:     SessionId: 0, connectedState=-1}
08-25 19:20:58.932  5398  5418 D TileServices: updateQsTile android.os.Binder@3ff9e2
08-25 19:20:58.933  5076  5514 V WifiDisplayAdapter: getWifiDisplayStatusLocked: result=WifiDisplayStatus{featureState=2, scanState=0, activeDisplayState=0, activeDisplay=null, displays=[], sessionInfo=WifiDisplaySessionInfo:
08-25 19:20:58.933  5076  5514 V WifiDisplayAdapter:     Client/Owner: Client
08-25 19:20:58.933  5076  5514 V WifiDisplayAdapter:     GroupId:
08-25 19:20:58.933  5076  5514 V WifiDisplayAdapter:     SessionId: 0, connectedState=-1}
08-25 19:20:58.933  5398  5418 D TileServices: recalculateBindAllowance
08-25 19:20:58.934  5398  5418 D Tile.CustomTile: updateState : Label = Ultra data
08-25 19:20:58.934  5398  5418 D Tile.CustomTile: saving, State = 1, Icon = Icon(typ=RESOURCE pkg=com.samsung.android.uds id=0x7f0701d2)
08-25 19:20:58.934 30434 30434 I AbsSettings: getStringInner: from cache AODSettingsDBItem / CLOCK_VERSION = 200000
08-25 19:20:58.934 30434 30434 I ClockInfoManager: isClockFaceType: type = 2 clockFaceType = 0
08-25 19:20:58.934 30434 30434 I AbsSettings: getStringInner: from cache AODSettingsDBItem / PALETTE_VERSION = 90000
08-25 19:20:58.937 30398 30398 I ShareLive: [SLog][main][ShareLiveApplication] onCreate versionName = [ 12.3.00.31 ], versionCode = [ 1230031000 ]
08-25 19:20:58.939 29850 30614 E ExceptionStackTrace: The exception is  android_getaddrinfo failed: EAI_NODATA (No address associated with hostname)
08-25 19:20:58.939 29850 30614 E ExceptionStackTrace: libcore.io.Linux.android_getaddrinfo(Native Method)
08-25 19:20:58.939 29850 30614 E ExceptionStackTrace: libcore.io.ForwardingOs.android_getaddrinfo(ForwardingOs.java:73)
08-25 19:20:58.939 29850 30614 E ExceptionStackTrace: libcore.io.BlockGuardOs.android_getaddrinfo(BlockGuardOs.java:202)
08-25 19:20:58.939 29850 30614 E ExceptionStackTrace: libcore.io.ForwardingOs.android_getaddrinfo(ForwardingOs.java:73)
08-25 19:20:58.939 29850 30614 E ExceptionStackTrace: java.net.Inet6AddressImpl.lookupHostByName(Inet6AddressImpl.java:135)
08-25 19:20:58.939 29850 30614 E ExceptionStackTrace: java.net.Inet6AddressImpl.lookupAllHostAddr(Inet6AddressImpl.java:103)
08-25 19:20:58.939 29850 30614 E ExceptionStackTrace: java.net.InetAddress.getAllByName(InetAddress.java:1152)
08-25 19:20:58.939 29850 30614 E ExceptionStackTrace: com.microsoft.office.outlook.http.HttpSortedDns.lookup(SourceFile:2)
08-25 19:20:58.939 29850 30614 E ExceptionStackTrace: okhttp3.internal.connection.RouteSelector.resetNextInetSocketAddress(SourceFile:15)
08-25 19:20:58.939 29850 30614 E ExceptionStackTrace: okhttp3.internal.connection.RouteSelector.nextProxy(SourceFile:3)
08-25 19:20:58.939 29850 30614 E ExceptionStackTrace: okhttp3.internal.connection.RouteSelector.next(SourceFile:4)
08-25 19:20:58.939 29850 30614 E ExceptionStackTrace: okhttp3.internal.connection.StreamAllocation.findConnection(SourceFile:18)
08-25 19:20:58.939 29850 30614 E ExceptionStackTrace: okhttp3.internal.connection.StreamAllocation.findHealthyConnection(SourceFile:1)
08-25 19:20:58.939 29850 30614 E ExceptionStackTrace: okhttp3.internal.connection.S
08-25 19:20:58.940 30398 30398 I ShareLive: [SLog][main][DeviceVisibilityTileService] DeviceVisibilityTileService
08-25 19:20:58.940 29850 30614 E ExceptionStackTrace: The exception is  Unable to resolve host "outlook.office.com": No address associated with hostname
08-25 19:20:58.940 29850 30614 E ExceptionStackTrace: java.net.Inet6AddressImpl.lookupHostByName(Inet6AddressImpl.java:156)
08-25 19:20:58.940 29850 30614 E ExceptionStackTrace: java.net.Inet6AddressImpl.lookupAllHostAddr(Inet6AddressImpl.java:103)
08-25 19:20:58.940 29850 30614 E ExceptionStackTrace: java.net.InetAddress.getAllByName(InetAddress.java:1152)
08-25 19:20:58.940 29850 30614 E ExceptionStackTrace: com.microsoft.office.outlook.http.HttpSortedDns.lookup(SourceFile:2)
08-25 19:20:58.940 29850 30614 E ExceptionStackTrace: okhttp3.internal.connection.RouteSelector.resetNextInetSocketAddress(SourceFile:15)
08-25 19:20:58.940 29850 30614 E ExceptionStackTrace: okhttp3.internal.connection.RouteSelector.nextProxy(SourceFile:3)
08-25 19:20:58.940 29850 30614 E ExceptionStackTrace: okhttp3.internal.connection.RouteSelector.next(SourceFile:4)
08-25 19:20:58.940 29850 30614 E ExceptionStackTrace: okhttp3.internal.connection.StreamAllocation.findConnection(SourceFile:18)
08-25 19:20:58.940 29850 30614 E ExceptionStackTrace: okhttp3.internal.connection.StreamAllocation.findHealthyConnection(SourceFile:1)
08-25 19:20:58.940 29850 30614 E ExceptionStackTrace: okhttp3.internal.connection.StreamAllocation.newStream(SourceFile:6)
08-25 19:20:58.940 29850 30614 E ExceptionStackTrace: okhttp3.internal.connection.ConnectInterceptor.intercept(SourceFile:5)
08-25 19:20:58.940 29850 30614 E ExceptionStackTrace: okhttp3.internal.http.RealInterceptorChain.proceed(SourceFile:10)
08-25 19:20:58.940 29850 30614 E ExceptionStackTrace: okhttp3.internal.http.RealInterceptorChain.proceed(SourceFile:1)
08-25 19:20:58.940 29850 30614 E ExceptionStackTrace: okhtt
08-25 19:20:58.942 29850 30608 E ExceptionStackTrace: The exception is  android_getaddrinfo failed: EAI_NODATA (No address associated with hostname)
08-25 19:20:58.942 29850 30608 E ExceptionStackTrace: libcore.io.Linux.android_getaddrinfo(Native Method)
08-25 19:20:58.942 29850 30608 E ExceptionStackTrace: libcore.io.ForwardingOs.android_getaddrinfo(ForwardingOs.java:73)
08-25 19:20:58.942 29850 30608 E ExceptionStackTrace: libcore.io.BlockGuardOs.android_getaddrinfo(BlockGuardOs.java:202)
08-25 19:20:58.942 29850 30608 E ExceptionStackTrace: libcore.io.ForwardingOs.android_getaddrinfo(ForwardingOs.java:73)
08-25 19:20:58.942 29850 30608 E ExceptionStackTrace: java.net.Inet6AddressImpl.lookupHostByName(Inet6AddressImpl.java:135)
08-25 19:20:58.942 29850 30608 E ExceptionStackTrace: java.net.Inet6AddressImpl.lookupAllHostAddr(Inet6AddressImpl.java:103)
08-25 19:20:58.942 29850 30608 E ExceptionStackTrace: java.net.InetAddress.getAllByName(InetAddress.java:1152)
08-25 19:20:58.942 29850 30608 E ExceptionStackTrace: com.microsoft.office.outlook.http.HttpSortedDns.lookup(SourceFile:2)
08-25 19:20:58.942 29850 30608 E ExceptionStackTrace: okhttp3.internal.connection.RouteSelector.resetNextInetSocketAddress(SourceFile:15)
08-25 19:20:58.942 29850 30608 E ExceptionStackTrace: okhttp3.internal.connection.RouteSelector.nextProxy(SourceFile:3)
08-25 19:20:58.942 29850 30608 E ExceptionStackTrace: okhttp3.internal.connection.RouteSelector.next(SourceFile:4)
08-25 19:20:58.942 29850 30608 E ExceptionStackTrace: okhttp3.internal.connection.StreamAllocation.findConnection(SourceFile:18)
08-25 19:20:58.942 29850 30608 E ExceptionStackTrace: okhttp3.internal.connection.StreamAllocation.findHealthyConnection(SourceFile:1)
08-25 19:20:58.942 29850 30608 E ExceptionStackTrace: okhttp3.internal.connection.S
08-25 19:20:58.942 30463 30463 I BluetoothAdapter: getA2dpSinkActiveDevice
08-25 19:20:58.942 29850 30608 E ExceptionStackTrace: The exception is  Unable to resolve host "outlook.office365.com": No address associated with hostname
08-25 19:20:58.942 29850 30608 E ExceptionStackTrace: java.net.Inet6AddressImpl.lookupHostByName(Inet6AddressImpl.java:156)
08-25 19:20:58.942 29850 30608 E ExceptionStackTrace: java.net.Inet6AddressImpl.lookupAllHostAddr(Inet6AddressImpl.java:103)
08-25 19:20:58.942 29850 30608 E ExceptionStackTrace: java.net.InetAddress.getAllByName(InetAddress.java:1152)
08-25 19:20:58.942 29850 30608 E ExceptionStackTrace: com.microsoft.office.outlook.http.HttpSortedDns.lookup(SourceFile:2)
08-25 19:20:58.942 29850 30608 E ExceptionStackTrace: okhttp3.internal.connection.RouteSelector.resetNextInetSocketAddress(SourceFile:15)
08-25 19:20:58.942 29850 30608 E ExceptionStackTrace: okhttp3.internal.connection.RouteSelector.nextProxy(SourceFile:3)
08-25 19:20:58.942 29850 30608 E ExceptionStackTrace: okhttp3.internal.connection.RouteSelector.next(SourceFile:4)
08-25 19:20:58.942 29850 30608 E ExceptionStackTrace: okhttp3.internal.connection.StreamAllocation.findConnection(SourceFile:18)
08-25 19:20:58.942 29850 30608 E ExceptionStackTrace: okhttp3.internal.connection.StreamAllocation.findHealthyConnection(SourceFile:1)
08-25 19:20:58.942 29850 30608 E ExceptionStackTrace: okhttp3.internal.connection.StreamAllocation.newStream(SourceFile:6)
08-25 19:20:58.942 29850 30608 E ExceptionStackTrace: okhttp3.internal.connection.ConnectInterceptor.intercept(SourceFile:5)
08-25 19:20:58.942 29850 30608 E ExceptionStackTrace: okhttp3.internal.http.RealInterceptorChain.proceed(SourceFile:10)
08-25 19:20:58.942 29850 30608 E ExceptionStackTrace: okhttp3.internal.http.RealInterceptorChain.proceed(SourceFile:1)
08-25 19:20:58.942 29850 30608 E ExceptionStackTrace: ok
08-25 19:20:58.947 30536 30536 I SoundAliveApplication: sound assistant, NOT installed
08-25 19:20:58.947 30536 30536 I SoundAliveApplication: setConcertHallSupport : false
08-25 19:20:58.948 30536 30536 I SoundAliveApplication: mConcertHallSupport : false
08-25 19:20:58.948 30536 30536 I SoundAliveApplication: reset setting-value for Concert-Hall
08-25 19:20:58.948 30536 30536 I SoundAliveApplication: reset setting-value for Surround
08-25 19:20:58.948 30536 30536 I SoundAliveApplication: reset setting-value for Tube-Amp
08-25 19:20:58.948 30398 30398 I ShareLive: [SLog][main][DeviceVisibilityTileService] onCreate
08-25 19:20:58.948 30398 30398 I ShareLive: [SLog][main][BroadcastUtil] sendBroadcastUpdateVisibility
08-25 19:20:58.948 30536 30536 I SoundAliveApplication: sound assistant, NOT installed
08-25 19:20:58.948 30536 30536 I SoundAliveApplication: setConcertHallSupport : false
08-25 19:20:58.948 30536 30536 I SoundAliveApplication: mConcertHallSupport : false
08-25 19:20:58.948 30536 30536 I SoundAliveApplication: reset setting-value for Concert-Hall
08-25 19:20:58.948 30536 30536 I SoundAliveApplication: reset setting-value for Surround
08-25 19:20:58.948 30536 30536 I SoundAliveApplication: reset setting-value for Tube-Amp
08-25 19:20:58.949 30536 30536 I SoundAliveApplication: sound assistant, NOT installed
08-25 19:20:58.949 30536 30536 I SoundAliveApplication: setConcertHallSupport : false
08-25 19:20:58.949 30536 30536 I SoundAliveApplication: mConcertHallSupport : false
08-25 19:20:58.949 30536 30536 I SoundAliveApplication: reset setting-value for Concert-Hall
08-25 19:20:58.949 30536 30536 I SoundAliveApplication: reset setting-value for Surround
08-25 19:20:58.949 30536 30536 I SoundAliveApplication: reset setting-value for Tube-Amp
08-25 19:20:58.950 30398 30638 I ShareLive: [SLog][RxCachedThreadScheduler-2][SettingsRepositoryImpl] update ret= 1 key= migrated_legacy_visibility value = 1
08-25 19:20:58.950 30536 30536 I SoundAliveApplication: sound assistant, NOT installed
08-25 19:20:58.950 30536 30536 I SoundAliveApplication: setConcertHallSupport : false
08-25 19:20:58.950 30536 30536 I SoundAliveApplication: mConcertHallSupport : false
08-25 19:20:58.950 30536 30536 I SoundAliveApplication: reset setting-value for Concert-Hall
08-25 19:20:58.950 30536 30536 I SoundAliveApplication: reset setting-value for Surround
08-25 19:20:58.950 30536 30536 I SoundAliveApplication: reset setting-value for Tube-Amp
08-25 19:20:58.952 30536 30536 I SoundAliveApplication: sound assistant, NOT installed
08-25 19:20:58.952 30536 30536 I SoundAliveApplication: setConcertHallSupport : false
08-25 19:20:58.952 30536 30536 I SoundAliveApplication: mConcertHallSupport : false
08-25 19:20:58.952 30536 30536 I SoundAliveApplication: reset setting-value for Concert-Hall
08-25 19:20:58.953 30536 30536 I SoundAliveApplication: reset setting-value for Surround
08-25 19:20:58.953 30536 30536 I SoundAliveApplication: reset setting-value for Tube-Amp
08-25 19:20:58.953 30536 30536 I SoundAliveApplication: sound assistant, NOT installed
08-25 19:20:58.953 30536 30536 I SoundAliveApplication: setConcertHallSupport : false
08-25 19:20:58.953 30536 30536 I SoundAliveApplication: mConcertHallSupport : false
08-25 19:20:58.953 30536 30536 I SoundAliveApplication: reset setting-value for Concert-Hall
08-25 19:20:58.954 30536 30536 I SoundAliveApplication: reset setting-value for Surround
08-25 19:20:58.954 30536 30536 I SoundAliveApplication: reset setting-value for Tube-Amp
08-25 19:20:58.954  5076  5124 D StorageManagerService: getExternalStorageMountMode: uid=5025 packageName=com.samsung.android.mdx.kit
08-25 19:20:58.954 30536 30536 I SoundAliveApplication: sound assistant, NOT installed
08-25 19:20:58.954 30536 30536 I SoundAliveApplication: setConcertHallSupport : false
08-25 19:20:58.954 30536 30536 I SoundAliveApplication: mConcertHallSupport : false
08-25 19:20:58.955 30536 30536 I SoundAliveApplication: reset setting-value for Concert-Hall
08-25 19:20:58.955 30536 30536 I SoundAliveApplication: reset setting-value for Surround
08-25 19:20:58.955 30536 30536 I SoundAliveApplication: reset setting-value for Tube-Amp
08-25 19:20:58.955  5076  5124 D CompatibilityChangeReporter: Compat change id reported: 135634846; UID 5025; state: DISABLED
08-25 19:20:58.955 30536 30536 I SoundAliveApplication: sound assistant, NOT installed
08-25 19:20:58.955 30536 30536 I SoundAliveApplication: setConcertHallSupport : false
08-25 19:20:58.955 30536 30536 I SoundAliveApplication: mConcertHallSupport : false
08-25 19:20:58.955 30536 30536 I SoundAliveApplication: reset setting-value for Concert-Hall
08-25 19:20:58.955 30536 30536 I SoundAliveApplication: reset setting-value for Surround
08-25 19:20:58.955 30536 30536 I SoundAliveApplication: loadDolbyAtmosGaming
08-25 19:20:58.956 30536 30536 I SoundAliveApplication: reset setting-value for Dolby Gaming for Audio path SPK__
08-25 19:20:58.956 30536 30536 I SoundAliveApplication: reset setting-value for Dolby Gaming for Audio path EAR__
08-25 19:20:58.956 30536 30536 I SoundAliveApplication: reset setting-value for Dolby Gaming for Audio path BT__
08-25 19:20:58.956 30536 30536 I SoundAliveApplication: reset setting-value for Dolby Gaming for Audio path LineOut__
08-25 19:20:58.956 30536 30536 I SoundAliveApplication: reset setting-value for Dolby Gaming for Audio path HDMI__
08-25 19:20:58.956 30536 30536 I SoundAliveApplication: reset setting-value for Dolby Gaming for Audio path SUBMIX__
08-25 19:20:58.956 30536 30536 I SoundAliveApplication: reset setting-value for Dolby Gaming for Audio path USB__
08-25 19:20:58.956 30536 30536 I SoundAliveApplication: reset setting-value for Dolby Gaming for Audio path UNKNOWN__
08-25 19:20:58.960 30398 30635 I Policy_12.2.02: [RxCachedThreadScheduler-1][MobileServicePolicy] scheduleJob success : 86400000
08-25 19:20:58.961 30398 30635 I Policy_12.2.02: [RxCachedThreadScheduler-1][GetPolicyJobService] polling job service was already scheduled (from:86400000 to:86400000)
08-25 19:20:58.962 30398 30398 E ActivityThread: Failed to find provider info for com.samsung.android.oneconnect.external
08-25 19:20:58.963 30398 30398 I ShareLive: [SLog][main][ExternalIntentUtil] getLegacyVisibility value=0
08-25 19:20:58.963 30398 30398 I ShareLive: [SLog][main][DeviceVisibilityTileService] migrateVisibilityFromLegacy legacyVisibility=0
08-25 19:20:58.965 30434 30434 I ResourceUtils: initDisplayValues LogicalHeight 2340 LogicalWidth = 1080 DisplayDeviceType = -1, sIsLandscape = false
08-25 19:20:58.966 26843 26868 D InstantProfile: getA2dpSinkActiveDevice false 0
08-25 19:20:58.966 30434 30434 W DeviceType: readFingerprintSensor : No file for sensor pos
08-25 19:20:58.968 30398 30638 I ShareLive: [SLog][RxCachedThreadScheduler-2][SyncSettingUsecase] getMigrationSetting migrated=ON
08-25 19:20:58.971 30398 30635 I ShareLive: [SLog][RxCachedThreadScheduler-1][SettingsRepositoryImpl] update ret= 1 key= migrated_legacy_visibility value = 1
08-25 19:20:58.972  5076  7373 D PackageManager: setEnabledSetting : userId = 0 packageName = com.samsung.android.app.sharelive cmp = com.samsung.android.app.sharelive.presentation.main.MainActivity newState = 1 callingPackage = 5026/com.samsung.android.app.sharelive
08-25 19:20:58.972 30398 30398 I ShareLive: [SLog][main][ExternalIntentUtil] Enable quickshare component
08-25 19:20:58.972 30434 30434 I AODTileService: onCreate
08-25 19:20:58.973  4743  7631 V APM_AudioPolicyManager: listAudioPorts() role 0 type 0 num_ports 0 ports 0x76d2480620
08-25 19:20:58.973  4743  7631 V APM_AudioPolicyManager: listAudioPorts() got 0 ports needed 10
08-25 19:20:58.974  4743  7631 V APM_AudioPolicyManager: listAudioPorts() role 0 type 0 num_ports 10 ports 0x7641ea6800
08-25 19:20:58.974  4743  7631 V APM_AudioPolicyManager: listAudioPorts() got 10 ports needed 10
08-25 19:20:58.976 30536 30536 I AudioDeviceCallback: registerAudioDeviceCallback
08-25 19:20:58.978  4648  4648 D Zygote  : Forked child process 30647
08-25 19:20:58.981  5076  7270 I GenerationRegistry: mBackingStore.isClosed() : false
08-25 19:20:58.983 30398 30398 I ShareLive: [SLog][main][ExternalIntentUtil] disableLegacyComponents
08-25 19:20:58.983 30398 30398 I ShareLive: [SLog][main][ExternalIntentUtil] disableComponentcom.samsung.android.oneconnect.external.DeviceVisibilityTile
08-25 19:20:58.983 30398 30398 I ShareLive: [SLog][main][ExternalIntentUtil] updateComponentcom.samsung.android.oneconnect.external.DeviceVisibilityTile
08-25 19:20:58.984 30398 30398 I ShareLive: [SLog][main][ExternalIntentUtil] exception while disable component java.lang.IllegalArgumentException: Unknown component: ComponentInfo{com.samsung.android.oneconnect/com.samsung.android.oneconnect.external.DeviceVisibilityTile}
08-25 19:20:58.984 30398 30398 I ShareLive: [SLog][main][ExternalIntentUtil] disableComponentcom.samsung.android.oneconnect.ui.contentssharing.ContentsSharingActivity
08-25 19:20:58.984 30398 30398 I ShareLive: [SLog][main][ExternalIntentUtil] updateComponentcom.samsung.android.oneconnect.ui.contentssharing.ContentsSharingActivity
08-25 19:20:58.984  5076  5091 I GenerationRegistry: mBackingStore.isClosed() : false
08-25 19:20:58.985 30398 30398 I ShareLive: [SLog][main][ExternalIntentUtil] exception while disable component java.lang.IllegalArgumentException: Unknown component: ComponentInfo{com.samsung.android.oneconnect/com.samsung.android.oneconnect.ui.contentssharing.ContentsSharingActivity}
08-25 19:20:58.985 30398 30398 I ShareLive: [SLog][main][ExternalIntentUtil] disableComponentcom.samsung.android.oneconnect.serviceui.AcceptDialogActivity
08-25 19:20:58.986 30398 30398 I ShareLive: [SLog][main][ExternalIntentUtil] updateComponentcom.samsung.android.oneconnect.serviceui.AcceptDialogActivity
08-25 19:20:58.989  5076  5125 I ActivityManager: Start proc 30647:com.samsung.android.mdx.kit/5025 for broadcast {com.samsung.android.mdx.kit/com.samsung.android.mdx.kit.discovery.impl.viewImpl.DeviceDiscoverySystemReceiver}
08-25 19:20:58.989 30398 30398 I ShareLive: [SLog][main][ExternalIntentUtil] exception while disable component java.lang.IllegalArgumentException: Unknown component: ComponentInfo{com.samsung.android.oneconnect/com.samsung.android.oneconnect.serviceui.AcceptDialogActivity}
08-25 19:20:58.989 30398 30398 I ShareLive: [SLog][main][ExternalIntentUtil] updateLegacyVisibility
08-25 19:20:58.990  5398  7942 D TileServices: onStartSuccessful android.os.Binder@10778f7
08-25 19:20:58.990 30398 30398 E ActivityThread: Failed to find provider info for com.samsung.android.oneconnect.external
08-25 19:20:58.990  5398  5398 D TileLifecycleManager: onServiceConnected ComponentInfo{com.samsung.android.app.sharelive/com.samsung.android.app.sharelive.presentation.quickpanel.DeviceVisibilityTileService}
08-25 19:20:58.990  5398  5398 D TileLifecycleManager: Handling pending onStartListening
08-25 19:20:58.991  5398  5398 D TileLifecycleManager: onStartListening
08-25 19:20:58.992  5398  5398 D TileLifecycleManager: onServiceConnected ComponentInfo{com.samsung.android.smartmirroring/com.samsung.android.smartmirroring.tile.SmartMirroringTile}
08-25 19:20:58.992  5398  5398 D TileLifecycleManager: Handling pending onStartListening
08-25 19:20:58.992  5398  5398 D TileLifecycleManager: onStartListening
08-25 19:20:58.992  5398  5418 D TileServices: onStartSuccessful android.os.Binder@f3bafa6
08-25 19:20:58.992  5398  7942 D TileServices: onStartSuccessful android.os.Binder@ea98d15
08-25 19:20:58.993 30398 30398 I ShareLive: [SLog][main][DeviceVisibilityTileService] onStartListening
08-25 19:20:58.993 30398 30398 I ShareLive: [SLog][main][ExternalIntentUtil] disableLegacyComponents
08-25 19:20:58.993 30398 30398 I ShareLive: [SLog][main][ExternalIntentUtil] disableComponentcom.samsung.android.oneconnect.external.DeviceVisibilityTile
08-25 19:20:58.993 30398 30398 I ShareLive: [SLog][main][ExternalIntentUtil] updateComponentcom.samsung.android.oneconnect.external.DeviceVisibilityTile
08-25 19:20:58.993  5076  5091 V WifiDisplayAdapter: getWifiDisplayStatusLocked: result=WifiDisplayStatus{featureState=2, scanState=0, activeDisplayState=0, activeDisplay=null, displays=[], sessionInfo=WifiDisplaySessionInfo:
08-25 19:20:58.993  5076  5091 V WifiDisplayAdapter:     Client/Owner: Client
08-25 19:20:58.993  5076  5091 V WifiDisplayAdapter:     GroupId:
08-25 19:20:58.993  5076  5091 V WifiDisplayAdapter:     SessionId: 0, connectedState=-1}
08-25 19:20:58.994 30398 30398 I ShareLive: [SLog][main][ExternalIntentUtil] exception while disable component java.lang.IllegalArgumentException: Unknown component: ComponentInfo{com.samsung.android.oneconnect/com.samsung.android.oneconnect.external.DeviceVisibilityTile}
08-25 19:20:58.994 30398 30398 I ShareLive: [SLog][main][ExternalIntentUtil] disableComponentcom.samsung.android.oneconnect.ui.contentssharing.ContentsSharingActivity
08-25 19:20:58.994 30398 30398 I ShareLive: [SLog][main][ExternalIntentUtil] updateComponentcom.samsung.android.oneconnect.ui.contentssharing.ContentsSharingActivity
08-25 19:20:58.995 30398 30398 I ShareLive: [SLog][main][ExternalIntentUtil] exception while disable component java.lang.IllegalArgumentException: Unknown component: ComponentInfo{com.samsung.android.oneconnect/com.samsung.android.oneconnect.ui.contentssharing.ContentsSharingActivity}
08-25 19:20:58.996 30398 30398 I ShareLive: [SLog][main][ExternalIntentUtil] disableComponentcom.samsung.android.oneconnect.serviceui.AcceptDialogActivity
08-25 19:20:58.996 30398 30398 I ShareLive: [SLog][main][ExternalIntentUtil] updateComponentcom.samsung.android.oneconnect.serviceui.AcceptDialogActivity
08-25 19:20:58.996 30398 30398 I ShareLive: [SLog][main][ExternalIntentUtil] exception while disable component java.lang.IllegalArgumentException: Unknown component: ComponentInfo{com.samsung.android.oneconnect/com.samsung.android.oneconnect.serviceui.AcceptDialogActivity}
08-25 19:20:58.996 30398 30398 I ShareLive: [SLog][main][ExternalIntentUtil] updateLegacyVisibility
08-25 19:20:58.997 30398 30398 E ActivityThread: Failed to find provider info for com.samsung.android.oneconnect.external
08-25 19:20:58.997 30398 30398 I ShareLive: [SLog][main][DeviceVisibilityTileService] init
08-25 19:20:58.997 30398 30398 I ShareLive: [SLog][main][DeviceVisibilityTileService] observeSettingState
08-25 19:20:59.000 30536 30536 I AudioDeviceCallback: isExternalDevice... device.getType() = 1
08-25 19:20:59.000 30536 30536 I AudioDeviceCallback: isExternalDevice... device.getType() = 2
08-25 19:20:59.000 30536 30536 I AudioDeviceCallback: isExternalDevice... device.getType() = 15
08-25 19:20:59.000 30536 30536 I AudioDeviceCallback: isExternalDevice... device.getType() = 15
08-25 19:20:59.000 30536 30536 I AudioDeviceCallback: isExternalDevice... device.getType() = 18
08-25 19:20:59.000 30536 30536 I AudioDeviceCallback: isExternalDevice... device.getType() = 25
08-25 19:20:59.003  5398  5398 D MultiSIMPreferredSlotBar: setExpanded : false
08-25 19:20:59.003 30398 30398 I ShareLive: [SLog][main][DeviceVisibilityTileService] checkSocialServiceState initSync=true
08-25 19:20:59.004  5398  5616 D TileLifecycleManager: onStopListening
08-25 19:20:59.004  5398  6824 D TileServices: onStartSuccessful android.os.Binder@3902d48
08-25 19:20:59.006  5398  5398 D SimCardManagerServiceProvider: SimCardManagerProcessService already is Running !!!
08-25 19:20:59.007  5398  5616 D TileServices: recalculateBindAllowance
08-25 19:20:59.007 30334 30334 I PowerMode.Tile: onStopListening
08-25 19:20:59.007  5398  5616 D TileLifecycleManager: onStopListening
08-25 19:20:59.008  5398  5398 D SimCardManagerServiceProvider: SimCardManagerProcessService already is Running !!!
08-25 19:20:59.008  5398  5398 D SimCardManagerServiceProvider: CloseService : mIsRemainCallbackCall = false, delayTime = 0
08-25 19:20:59.008 29850 30608 E ExceptionStackTrace: The exception is  Unable to resolve host "outlook.office.com": No address associated with hostname
08-25 19:20:59.008 29850 30608 E ExceptionStackTrace: java.net.Inet6AddressImpl.lookupHostByName(Inet6AddressImpl.java:124)
08-25 19:20:59.008 29850 30608 E ExceptionStackTrace: java.net.Inet6AddressImpl.lookupAllHostAddr(Inet6AddressImpl.java:103)
08-25 19:20:59.008 29850 30608 E ExceptionStackTrace: java.net.InetAddress.getAllByName(InetAddress.java:1152)
08-25 19:20:59.008 29850 30608 E ExceptionStackTrace: com.microsoft.office.outlook.http.HttpSortedDns.lookup(SourceFile:2)
08-25 19:20:59.008 29850 30608 E ExceptionStackTrace: okhttp3.internal.connection.RouteSelector.resetNextInetSocketAddress(SourceFile:15)
08-25 19:20:59.008 29850 30608 E ExceptionStackTrace: okhttp3.internal.connection.RouteSelector.nextProxy(SourceFile:3)
08-25 19:20:59.008 29850 30608 E ExceptionStackTrace: okhttp3.internal.connection.RouteSelector.next(SourceFile:4)
08-25 19:20:59.008 29850 30608 E ExceptionStackTrace: okhttp3.internal.connection.StreamAllocation.findConnection(SourceFile:18)
08-25 19:20:59.008 29850 30608 E ExceptionStackTrace: okhttp3.internal.connection.StreamAllocation.findHealthyConnection(SourceFile:1)
08-25 19:20:59.008 29850 30608 E ExceptionStackTrace: okhttp3.internal.connection.StreamAllocation.newStream(SourceFile:6)
08-25 19:20:59.008 29850 30608 E ExceptionStackTrace: okhttp3.internal.connection.ConnectInterceptor.intercept(SourceFile:5)
08-25 19:20:59.008 29850 30608 E ExceptionStackTrace: okhttp3.internal.http.RealInterceptorChain.proceed(SourceFile:10)
08-25 19:20:59.008 29850 30608 E ExceptionStackTrace: okhttp3.internal.http.RealInterceptorChain.proceed(SourceFile:1)
08-25 19:20:59.008 29850 30608 E ExceptionStackTrace: okhtt
08-25 19:20:59.009  5398  5398 V PanelView: com.android.systemui:id/notification_panel: setExpandedHeight(1470.0)
08-25 19:20:59.009  5076  5514 D GoogleCastController: isConnected: false
08-25 19:20:59.009  5398  5398 D PanelBar: go state: 2 -> 2, tracking=false, expanded=true, fraction=1.000000
08-25 19:20:59.009  5398  5398 V PanelBar: onPanelFullyOpened
08-25 19:20:59.010  5871 11416 I TouchInteractionService: onSystemUiStateChanged, stateFlags : 4
08-25 19:20:59.010  5871  5871 I TouchInteractionService: onSystemUiFlagsChanged, userUnlocked
08-25 19:20:59.011  5398  5398 D SystemUIAnalytics: sendScreenViewLog
08-25 19:20:59.011  5076  5091 W ActivityManager: wait for provider publish: waiters=1 callerApp=ProcessRecord{ff8140c 30398:com.samsung.android.app.sharelive/5026} cpr=ContentProviderRecord{df4428f u0 com.samsung.android.mdx.kit/.compatibility.CapabilityContentProvider}
08-25 19:20:59.011 30369 30369 I [UNWFC]-- WFCQS - : WFC tile service onStopListening
08-25 19:20:59.011 30369 30369 I [UNWFC]-- WFCQS - : registerRbReceiver:false
08-25 19:20:59.011 30369 30369 E [UNWFC]-- WFCQS - : Unable to unregister receiver. Receiver was not registered or already unregistered.
08-25 19:20:59.011 30369 30369 I [UNWFC]-- Util: multiSim Device
08-25 19:20:59.011 30369 30369 I [UNWFC]-- Util: isDuosSetting:false
08-25 19:20:59.011 30369 30369 I [UNWFC]-- Util: getVoWifiEnabledPhoneId: returning phone id: 0
08-25 19:20:59.012 30398 30398 I ShareLive: [SLog][main][DeviceVisibilityTileService] onVisibilityNext: visibility=OFF
08-25 19:20:59.012 30398 30398 I ShareLive: [SLog][main][DeviceVisibilityTileService] updateDetailView
08-25 19:20:59.012  5398  5398 V PanelView: com.android.systemui:id/notification_panel: setExpandedHeight(1468.0)
08-25 19:20:59.013  5398  5398 D PanelBar: go state: 2 -> 2, tracking=false, expanded=true, fraction=1.000000
08-25 19:20:59.013  5398  5398 V PanelBar: onPanelFullyOpened
08-25 19:20:59.013  5398  5398 V PanelBar: onExpandingFinished
08-25 19:20:59.014  5076  5514 V WindowManager: Relayout Window{3616715 u0 NotificationShade}: viewVisibility=0 req=1080x2340
08-25 19:20:59.014  5649 12762 I VolteNotifier: deregisterForCallStateEvent to phone#0
08-25 19:20:59.014  5398  6824 D TileServices: semUpdateDetailView : customTile =  com.android.systemui.qs.external.CustomTile@40b96cc
08-25 19:20:59.015  5398  5616 D TileServices: recalculateBindAllowance
08-25 19:20:59.015  5398  5616 I HotspotController: removeCallback com.android.systemui.qs.tiles.HotspotTile$HotspotAndDataSaverCallbacks@d3e5e3b
08-25 19:20:59.015  5398  5616 D TileLifecycleManager: onStopListening
08-25 19:20:59.016  5398  5616 D TileServices: recalculateBindAllowance
08-25 19:20:59.017 30463 30463 W DisplayManager: semGetActiveDlnaState, deviceInfo is null
08-25 19:20:59.017  5076  5514 V WindowManager: Relayout hash=3616715, pid=5398: mAttrs={(0,0)(fillxfill) gr=TOP CENTER_VERTICAL sim={adjust=resize} layoutInDisplayCutoutMode=always ty=2040 fmt=TRANSLUCENT
08-25 19:20:59.017  5076  5514 V WindowManager:   fl=81860040
08-25 19:20:59.017  5076  5514 V WindowManager:   pfl=1a000000
08-25 19:20:59.017  5076  5514 V WindowManager:   vsysui=2000
08-25 19:20:59.017  5076  5514 V WindowManager:   apr=LIGHT_STATUS_BARS
08-25 19:20:59.017  5076  5514 V WindowManager:   bhv=SHOW_TRANSIENT_BARS_BY_SWIPE naviIconColor=0
08-25 19:20:59.017  5076  5514 V WindowManager:   sfl=40000}
08-25 19:20:59.018  5076  5514 I SurfaceControl: release : mNativeObject = 539304605344 - Surface(name=NotificationShade$_5398)/@0x1fc78ab / android.view.SurfaceControl.writeToParcel:1136 android.view.IWindowSession$Stub.onTransact:925 com.android.server.wm.Session.onTransact:145 android.os.Binder.execTransactInternal:1195
08-25 19:20:59.018  5076  5514 I SurfaceControl: nativeRelease nativeObject s[539304605344]
08-25 19:20:59.018  5076  5514 I SurfaceControl: nativeRelease nativeObject e[539304605344]
08-25 19:20:59.020  5398  5398 I SurfaceControl: release : mNativeObject = 537301165728 - Surface(name=NotificationShade$_5398)/@0x8a249a8 / android.view.SurfaceControl.assignNativeObject:567 android.view.SurfaceControl.readFromParcel:1115 android.view.IWindowSession$Stub$Proxy.relayout:1810 android.view.ViewRootImpl.relayoutWindow:9005
08-25 19:20:59.020  5398  5398 I SurfaceControl: nativeRelease nativeObject s[537301165728]
08-25 19:20:59.020  5398  5398 I SurfaceControl: nativeRelease nativeObject e[537301165728]
08-25 19:20:59.020  5398  5398 I SurfaceControl: assignNativeObject: nativeObject = 0 Surface(name=null)/@0xac6df80 / android.view.SurfaceControl.readFromParcel:1115 android.view.IWindowSession$Stub$Proxy.relayout:1820 android.view.ViewRootImpl.relayoutWindow:9005 android.view.ViewRootImpl.performTraversals:3360 android.view.ViewRootImpl.doTraversal:2618 android.view.ViewRootImpl$TraversalRunnable.run:9965 android.view.Choreographer$CallbackRecord.run:1010 android.view.Choreographer.doCallbacks:809 android.view.Choreographer.doFrame:744 android.view.Choreographer$FrameDisplayEventReceiver.run:995
08-25 19:20:59.020  5398  6824 D TileServices: updateQsTile android.os.Binder@ea98d15
08-25 19:20:59.021  5398  5398 I SurfaceControl: release : mNativeObject = 537299283520 - Surface(name=Surface(name=2f448e9 NavigationBar0)/@0xba91ff3 - animation-leash)/@0xd5f4fd8 / android.view.-$$Lambda$Rl1VZmNJ0VZDLK0BAbaVGis0rrA.accept:2 android.view.InsetsSourceControl.release:170 android.view.InsetsSourceConsumer.setControl:202 android.view.InsetsController.onControlsChanged:833
08-25 19:20:59.021  5398  5398 I SurfaceControl: nativeRelease nativeObject s[537299283520]
08-25 19:20:59.021  5398  5398 I SurfaceControl: nativeRelease nativeObject e[537299283520]
08-25 19:20:59.021  5398  5616 D TileLifecycleManager: onStopListening
08-25 19:20:59.021  5398  5398 I SurfaceControl: release : mNativeObject = 537299679744 - Surface(name=Surface(name=af082f7 StatusBar)/@0xfe27844 - animation-leash)/@0x4f8ff31 / android.view.-$$Lambda$Rl1VZmNJ0VZDLK0BAbaVGis0rrA.accept:2 android.view.InsetsSourceControl.release:170 android.view.InsetsSourceConsumer.setControl:202 android.view.InsetsController.onControlsChanged:833
08-25 19:20:59.021  5398  5398 I SurfaceControl: nativeRelease nativeObject s[537299679744]
08-25 19:20:59.021  5398  5398 I SurfaceControl: nativeRelease nativeObject e[537299679744]
08-25 19:20:59.021  5398  5398 I ViewRootImpl@bc775cf[NotificationShade]: Relayout returned: old=(0,0,1080,2340) new=(0,0,1080,2340) req=(1080,2340)0 dur=6 res=0x1 s={true 537299533824} ch=false fn=75
08-25 19:20:59.025  5076  5116 D SurfaceControl: hide : mNativeObject = 539311349856 - sc.mNativeObject = 536716820320 - Surface(name=Input Consumer recents_animation_input_consumer)/@0x5c5ad70
08-25 19:20:59.026  5076  5116 D SurfaceControl: nativeSetFlags Done : Surface(name=Input Consumer recents_animation_input_consumer)/@0x5c5ad70
08-25 19:20:59.027 30463 30463 I BluetoothAdapter: getA2dpSinkActiveDevice
08-25 19:20:59.028 26843 26868 D InstantProfile: getA2dpSinkActiveDevice false 0
08-25 19:20:59.030 30562 30562 I DWBSettingsSearchProvid: version : 210000018, lang : en_GB
08-25 19:20:59.034  5398  6824 D TileServices: recalculateBindAllowance
08-25 19:20:59.034  5398  6824 D Tile.CustomTile: updateState : Label = Quick Share, State = 1, Icon = Icon(typ=RESOURCE pkg=com.samsung.android.app.sharelive id=0x7f08013c)
08-25 19:20:59.034  5398  5398 D TileLifecycleManager: onServiceConnected ComponentInfo{com.samsung.android.app.aodservice/com.samsung.android.app.aodservice.settings.AODTileService}
08-25 19:20:59.034  5398  5398 D TileLifecycleManager: Handling pending onStartListening
08-25 19:20:59.034  5398  5398 D TileLifecycleManager: onStartListening
08-25 19:20:59.035 30398 30398 I ShareLive: [SLog][main][DeviceVisibilityTileService] onVisibilityNext: visibility=OFF
08-25 19:20:59.035 30398 30398 I ShareLive: [SLog][main][DeviceVisibilityTileService] updateDetailView
08-25 19:20:59.036  5398  5398 D TileLifecycleManager: onServiceConnected ComponentInfo{com.sec.android.app.soundalive/com.sec.android.app.soundalive.DolbyTile}
08-25 19:20:59.036  5398  5398 D TileLifecycleManager: Handling pending onStartListening
08-25 19:20:59.036  5398  5398 D TileLifecycleManager: onStartListening
08-25 19:20:59.036 30463 30463 E CastingScreen_ConnectUtil: NameNotFoundException Exception : android.content.pm.PackageManager$NameNotFoundException: com.samsung.android.oneconnect
08-25 19:20:59.037  5398  5398 D QSMumButton: MumAndDexHelper.needToBeVisible() result:false, hasMultiUsers?false, DeviceState.isDesktopMode?false, DesktopManager.isDesktopMode?false, IsDexEnablingOrEnabled:false, mExpanded:false, isUserSwitcherSettingOn:false
08-25 19:20:59.037  5076  5514 D GoogleCastController: isConnected: false
08-25 19:20:59.037  5398  5398 D SimCardManagerServiceProvider: SIMCARD_MANAGER_SERVICE_CLOSE{ when=-29ms what=0 target=com.samsung.android.app.telephonyui.netsettings.ui.simcardmanager.service.SimCardManagerServiceProvider$1 }
08-25 19:20:59.037  5398  5398 D SimCardManagerServiceProvider: SimCardManagerProcessService Close !!!
08-25 19:20:59.037  5398  5398 D SimCardManagerServiceProvider$ServiceBindHelper: getServiceApi : true
08-25 19:20:59.038 30647 30647 E android.mdx.ki: Not starting debugger since process cannot load the jdwp agent.
08-25 19:20:59.038 30345 30378 I NU.SimCardManagerProcessService: unregisterSimCardManagerServiceCallback
08-25 19:20:59.038  5398  5398 D SimCardManagerServiceProvider$ServiceBindHelper: unbindService : mSimCardManagerServiceCallback is unregister
08-25 19:20:59.038  5398  5398 D SimCardManagerServiceProvider$ServiceBindHelper: unbindService : SimCardManagerProcessService
08-25 19:20:59.039 30434 30434 I AODTileService: onStartListening
08-25 19:20:59.040  5398  6824 D TileServices: semUpdateDetailView : customTile =  com.android.systemui.qs.external.CustomTile@40b96cc
08-25 19:20:59.040  5398  5616 D TileServices: recalculateBindAllowance
08-25 19:20:59.040  5398  5616 D TileLifecycleManager: onStopListening
08-25 19:20:59.044  5398  6824 D TileServices: updateQsTile android.os.Binder@ea98d15
08-25 19:20:59.044  5398  7942 D TileServices: updateQsTile android.os.Binder@f3bafa6
08-25 19:20:59.045 30647 30647 D ActivityThread: setConscryptValidator
08-25 19:20:59.045 30647 30647 D ActivityThread: setConscryptValidator - put
08-25 19:20:59.046 29850 30502 D SoLoader: About to load: libreactnativejni.so
08-25 19:20:59.046  5398  5398 D SimCardManagerServiceProvider$ServiceBindHelper: serviceStatus : 2 -> 0
08-25 19:20:59.046 30345 30345 I NU.SimCardManagerProcessService: onUnbind
08-25 19:20:59.046 29850 30502 D SoLoader: libreactnativejni.so not found on /data/data/com.microsoft.office.outlook/lib-main
08-25 19:20:59.047 29850 30502 D SoLoader: libreactnativejni.so found on /data/app/~~gc5GKtDEc2gjTY9m7AXVbw==/com.microsoft.office.outlook-U6I33j17HlfQDzOILqw9Mg==/lib/arm64
08-25 19:20:59.047 29850 30502 D SoLoader: Not resolving dependencies for libreactnativejni.so
08-25 19:20:59.047 30434 30434 I AOD_CONFIG@AODCommonUtils: isMirrorDisplayExist : [NONE]
08-25 19:20:59.047  5398  5616 D TileServices: recalculateBindAllowance
08-25 19:20:59.048  5398  6824 D TileServices: recalculateBindAllowance
08-25 19:20:59.048  5398  6824 D Tile.CustomTile: updateState : Label = Quick Share, State = 1, Icon = Icon(typ=RESOURCE pkg=com.samsung.android.app.sharelive id=0x7f08013c)
08-25 19:20:59.048 30562 30562 I DWBPackageUtils: app icon state false
08-25 19:20:59.048  5398  6824 D TileLifecycleManager: onStopListening
08-25 19:20:59.048 30562 30562 E DWBShortcutHelper: App icon disabled, so return addDynamicShortcuts
08-25 19:20:59.048 30345 30345 I NU.SimCardManagerProcessService: onDestroy
08-25 19:20:59.048  5398 11470 D SamsungAnalytics605033: SendLog Result = 0
08-25 19:20:59.048 30398 30398 I ShareLive: [SLog][main][DeviceVisibilityTileService] onUwbVisibilityNext: visibility=OFF
08-25 19:20:59.048 30398 30398 I ShareLive: [SLog][main][DeviceVisibilityTileService] updateDetailView
08-25 19:20:59.049 30562 30562 I DWBDwbContentProvider: onCreate
08-25 19:20:59.049  5076  5244 V WifiDisplayAdapter: getWifiDisplayStatusLocked: result=WifiDisplayStatus{featureState=2, scanState=0, activeDisplayState=0, activeDisplay=null, displays=[], sessionInfo=WifiDisplaySessionInfo:
08-25 19:20:59.049  5076  5244 V WifiDisplayAdapter:     Client/Owner: Client
08-25 19:20:59.049  5076  5244 V WifiDisplayAdapter:     GroupId:
08-25 19:20:59.049  5076  5244 V WifiDisplayAdapter:     SessionId: 0, connectedState=-1}
08-25 19:20:59.050  5398  7942 D TileServices: recalculateBindAllowance
08-25 19:20:59.050  5398  7942 D Tile.CustomTile: updateState : Label = Smart View, State = 1, Icon = Icon(typ=RESOURCE pkg=com.samsung.android.smartmirroring id=0x7f0f0039)
08-25 19:20:59.051 30463 30463 E CastingScreen_ConnectUtil: NameNotFoundException Exception : android.content.pm.PackageManager$NameNotFoundException: com.samsung.android.oneconnect
08-25 19:20:59.054  5398  6824 D TileServices: semUpdateDetailView : customTile =  com.android.systemui.qs.external.CustomTile@40b96cc
08-25 19:20:59.055  5398  5616 D TileLifecycleManager: onStopListening
08-25 19:20:59.055  5076  7314 I system_server: oneway function results will be dropped but finished with status OK and parcel size 4
08-25 19:20:59.056  5398  5616 D TileServices: recalculateBindAllowance
08-25 19:20:59.056  5398  6824 D TileServices: updateQsTile android.os.Binder@ea98d15
08-25 19:20:59.057  4743  5056 D NativeSemDvfsManager: acquire:: timeout = -999 mIsAcquired = 0  mTagName : AudioFlinger
08-25 19:20:59.057  4743  5056 E NativeCustomFrequencyManager: [NativeCFMS] BpCustomFrequencyManager::acquire()
08-25 19:20:59.057  5398  5616 D TileLifecycleManager: onStopListening
08-25 19:20:59.057  4677  4702 I HYPER-HAL: [RequestManager.cpp]acquire(): Acquired ID : 16494896  [4743 / 1000]    HINT :      list : [CPUMinFreq / 149500]
08-25 19:20:59.058  5398  5616 D TileServices: recalculateBindAllowance
08-25 19:20:59.058  5076  7270 I system_server: oneway function results will be dropped but finished with status OK and parcel size 4
08-25 19:20:59.058  4677  4702 I HYPER-HAL: [ResourceManager.cpp]updateResource(): [CPUMinFreq] UpdateResource Request ID : 16494896    Value : 149500
08-25 19:20:59.058  5398  6824 D TileServices: recalculateBindAllowance
08-25 19:20:59.058  5398  6824 D Tile.CustomTile: updateState : Label = Quick Share, State = 1, Icon = Icon(typ=RESOURCE pkg=com.samsung.android.app.sharelive id=0x7f08013c)
08-25 19:20:59.058  5398  6824 D TileLifecycleManager: onStopListening
08-25 19:20:59.058  5398  5616 D TileLifecycleManager: onStopListening
08-25 19:20:59.059 30434 30434 I AODCommonSettingsUtils: getAODDisableSettingsInUPSM value : 1, 1, splitArray length : 2
08-25 19:20:59.059 30434 30434 I ExclusiveFeatureType: isMPSMEnabled : false, isUPSMEnabled : false, isEmergencyMode : false, isDisableAODInMPSM : true, isDisableAODInUPSM : true
08-25 19:20:59.059 30398 30398 I ShareLive: [SLog][main][DeviceVisibilityTileService] onUwbAvailableNext: availability=NOT_AVAILABLE
08-25 19:20:59.059 30398 30398 I ShareLive: [SLog][main][DeviceVisibilityTileService] updateDetailView
08-25 19:20:59.059  5398  5616 D TileServices: recalculateBindAllowance
08-25 19:20:59.059  5398  6824 D TileServices: semUpdateDetailView : customTile =  com.android.systemui.qs.external.CustomTile@40b96cc
08-25 19:20:59.059  5398  5616 D TileLifecycleManager: onStopListening
08-25 19:20:59.059  5076  7314 I GenerationRegistry: mBackingStore.isClosed() : false
08-25 19:20:59.060  5076  5244 I ActivityManager: Killing 28100:com.samsung.sree/u0a319 (adj 999): empty #25
08-25 19:20:59.060  5398  5616 D TileServices: recalculateBindAllowance
08-25 19:20:59.060  5398  5616 D TileLifecycleManager: onStopListening
08-25 19:20:59.060  5076  7270 I system_server: oneway function results will be dropped but finished with status OK and parcel size 4
08-25 19:20:59.060  5076  7295 I system_server: oneway function results will be dropped but finished with status OK and parcel size 4
08-25 19:20:59.061  5398  5616 D TileServices: recalculateBindAllowance
08-25 19:20:59.061  5398  5616 D TileLifecycleManager: onStopListening
08-25 19:20:59.063  5398  6824 D TileServices: updateQsTile android.os.Binder@ea98d15
08-25 19:20:59.063 30434 30434 I ExclusiveFeatureType: POWER_SAVING_MODE_ON : false, VOICE_ASSISTANT : false, MAGNIFIER_WINDOW : false, MAGNIFICATION : false, MAGNIFICATION_NAVBAR : false, ASSISTANT_MENU_MAGNIFIER : false, DEVICE_NOT_PROVISIONED : false, NEGATIVE_COLOR : false, isChanged : false elapsed : 13
08-25 19:20:59.064 30434 30434 I ExclusiveFeatureType: isAnyExclusiveFeatureEnabled : Nothing enabled
08-25 19:20:59.064  5398  6824 D TileServices: recalculateBindAllowance
08-25 19:20:59.064  5398  6824 D Tile.CustomTile: updateState : Label = Quick Share, State = 1, Icon = Icon(typ=RESOURCE pkg=com.samsung.android.app.sharelive id=0x7f08013c)
08-25 19:20:59.064  5398  6824 D TileLifecycleManager: onStopListening
08-25 19:20:59.064 29850 30502 D SoLoader: Loaded: libreactnativejni.so
08-25 19:20:59.064  5398  5616 D TileServices: recalculateBindAllowance
08-25 19:20:59.065  5398  5616 D TileLifecycleManager: onStopListening
08-25 19:20:59.065  5398  5616 D TileServices: recalculateBindAllowance
08-25 19:20:59.065 29850 30502 D ReactNative: Initializing React Xplat Bridge.
08-25 19:20:59.065 30434 30434 I AODTileService: exclusive feature is not enabled => tile state should be Inactive by aod setting
08-25 19:20:59.065  5076  5514 I ActivityManager: DSS OFF for com.samsung.android.mdx.kit
08-25 19:20:59.065  5398  6824 D TileServices: updateQsTile android.os.Binder@10778f7
08-25 19:20:59.067 30398 30398 I ShareLive: [SLog][main][DeviceVisibilityTileService] onStopListening
08-25 19:20:59.068  5076  5514 D ActivityManager: attachApplicationLocked() app=ProcessRecord{5f96b4a 30647:com.samsung.android.mdx.kit/5025} app.isolatedEntryPoint=null instr2=null
08-25 19:20:59.071  5398  6824 D TileServices: recalculateBindAllowance
08-25 19:20:59.071  5398  6824 D Tile.CustomTile: updateState : Label = Always On
08-25 19:20:59.071  5398  6824 D Tile.CustomTile: Display, State = 1, Icon = Icon(typ=RESOURCE pkg=com.samsung.android.app.aodservice id=0x7f0800d5)
08-25 19:20:59.071  5398  6824 D TileLifecycleManager: onStopListening
08-25 19:20:59.073 30434 30434 I AODTileService: onStopListening
08-25 19:20:59.076 30647 30647 D ActivityThread: handleBindApplication()++ app=com.samsung.android.mdx.kit
08-25 19:20:59.078 30562 30562 I DWBDigitalWellbeingAppl: onCreate called
08-25 19:20:59.088  5076  7373 I GenerationRegistry: mBackingStore.isClosed() : false
08-25 19:20:59.092 30345 30345 I NU.SimCardManagerProcessService: Handler - receive SERVICE_CONNETED
08-25 19:20:59.092 30345 30345 I NU.SimCardManagerProcessService: sendMessageCallback N = 0, action = serviceConnected
08-25 19:20:59.093 30647 30647 I android.mdx.ki: The ClassLoaderContext is a special shared library.
08-25 19:20:59.100 29850 30502 D ReactNative: Initializing React Xplat Bridge before initializeBridge
08-25 19:20:59.106 30536 30536 I SAEffectManager: SoundAlive instance has created successfully. AUDIOSESSION_ID = -3
08-25 19:20:59.106 30536 30536 I SAEffectManager: SAEffectManager : mDolby = getNewDolbyInstance. AUDIOSESSION_ID = -3
08-25 19:20:59.106 30536 30536 I SAEffectManager: getNewDolbyInstance() : _dolbyType is 1
08-25 19:20:59.110 30536 30536 I SAEffectManager: Dolby effect instance has created successfully. AUDIOSESSION_ID = -3
08-25 19:20:59.110 30536 30536 I SAEffectManager: SAEffectManager : mDolbyGame = getNewDolbyInstance. AUDIOSESSION_ID = -3
08-25 19:20:59.110 30536 30536 I SAEffectManager: getNewDolbyInstance() : _dolbyType is 2
08-25 19:20:59.112 30536 30536 I SAEffectManager: Dolby Game Instance has created successfully.
08-25 19:20:59.112 30536 30536 I Feature : SUPPORT_HUN_FLOATING_FEATURE = trueCOUNTRY_CODE = India
08-25 19:20:59.112 30536 30536 E DeXUtil : DesktopModeManager is null, so it can't be decided.
08-25 19:20:59.112 30536 30536 I SAEffectManager: isSpatialAudioActive() : mode is ready (-1)
