08-25 19:20:45.087 29850 29949 D CortanaTelemeter: logEvent { Event = commuteFeatureFlag, CustomInfo = playEmailsCommercial,playEmailsAutoListen,playEmailsFavoritePeople,playEmailsFavoriteFolder,playEmailsReadAllEmails,playEmailsCreateMeeting,playEmailsFeatureTutorial,playEmailsCreateTask,playEmailsReplyImprovement,playEmailsMicForAllPages,playEmailsAcceptOrDeclineMeeting,playEmailsEligibilityServiceV2,playEmailsProactiveFeedback,playEmailsCommercialEnStar,playEmailsMultipleAccounts,playEmailsMediaCenter,playEmailsEnableOnboardingBar,playEmailsSupportHeadsetHFP,playEmailsSnackbarV2,playEmailsPhoneCall,playEmailsTeamsCall,playEmailsById,playEmailsDayOverview,playEmailsOnBoardingFlowV2,playEmailsGoogleAssistant,playEmailsServiceStorage,playEmailsCustomTheme,playEmailsEnCAVoiceFont, FeatureSessionId = Default-Value-499ef657-d2a1-40df-824c-491c480b1355 } - omc_android
08-25 19:20:45.101 29850 29975 D CortiniAccountEligibilityManager: <pii:0e16425438b19f2951f013f75bd3cb1d3a7bb10687e0cb63f8df48b191b76466fe694a28104d830dbc4209aafc45d14fea3720df6d6f3a9e4bd7d8037acb5111>
08-25 19:20:45.102 29850 29975 D CortiniAccountEligibilityManager: Saved eligibility is valid, updating the cache.
08-25 19:20:45.103 29850 29850 D CortiniVoiceSearchContribution: Eligibility has been updated. Resetting search account.
08-25 19:20:45.103 29850 29975 V PartnerSdkManager: Successfully created partner [com.microsoft.office.outlook.partner.cortini]
08-25 19:20:45.104 29850 29850 W CortiniVoiceSearchContribution: lastKnownSearchAccount is null, will skip account reset.
08-25 19:20:45.104 29850 29975 I PartnerSdkManager: createPartnerAsync called for partner[com.microsoft.office.outlook.partner.edgewebview] prevInit[false]
08-25 19:20:45.106 29850 29975 I PartnerSdkManager: IsFeatureEnabled Partner[com.microsoft.office.outlook.partner.edgewebview] Requirements[edgeIntegration(true)] IsOn[true]
08-25 19:20:45.107 29850 29975 D PartnerAssetManager: Downloading assets for partner: EdgeWebView
08-25 19:20:45.107 29850 29975 I PartnerSdkManager: Attempting to create partner[com.microsoft.office.outlook.partner.edgewebview]
08-25 19:20:45.115 29850 29975 I EdgeWebView: Edge Web View partner initialized.
08-25 19:20:45.116 29850 29975 V PartnerSdkManager: Successfully created partner [com.microsoft.office.outlook.partner.edgewebview]
08-25 19:20:45.117 29850 29975 I PartnerSdkManager: createPartnerAsync called for partner[com.microsoft.office.outlook.partner.startteamschat] prevInit[false]
08-25 19:20:45.118 29850 29975 I PartnerSdkManager: IsFeatureEnabled Partner[com.microsoft.office.outlook.partner.startteamschat] Requirements[metaOs(true)] IsOn[true]
08-25 19:20:45.119 29850 29975 D PartnerAssetManager: Downloading assets for partner: StartTeamsChat
08-25 19:20:45.120 29850 29975 I PartnerSdkManager: Attempting to create partner[com.microsoft.office.outlook.partner.startteamschat]
08-25 19:20:45.127 29850 29913 I System.out: (HTTPLog)-Static: isSBSettingEnabled false
08-25 19:20:45.128 29850 29913 I System.out: (HTTPLog)-Static: isSBSettingEnabled false
08-25 19:20:45.129  4647  4723 E Netd    : getNetworkForDns: getNetId from enterpriseCtrl is netid 0
08-25 19:20:45.130 29850 29949 D Commute : dailyRefreshEligibility: InitCommutePartner
08-25 19:20:45.132  4647 30171 E Netd    : To use pid in case SEC_PRODUCT_FEATURE_KNOX_SUPPORT_NPA is false, to remove build error (unused variable)
08-25 19:20:45.138 29920 30045 E nightwatch-target: /proc/zoneinfo open: errno=13
08-25 19:20:45.138 29920 30045 E nightwatch-target: sysmeminfo parse failed
08-25 19:20:45.138  4623  4623 E audit   : type=1400 audit(1629899445.131:260911): avc:  denied  { read } for  pid=29920 comm="AppInit9" name="zoneinfo" dev="proc" ino=4026531860 scontext=u:r:untrusted_app:s0:c183,c256,c512,c768 tcontext=u:object_r:proc_zoneinfo:s0 tclass=file permissive=0 SEPF_SM-M215F_11_0009 audit_filtered
08-25 19:20:45.145 29850 29975 I StartTeamsChat: Partner[Teams] not enabled due to flight[startTeamsChat] not enabled
08-25 19:20:45.146 29850 29975 V PartnerSdkManager: Successfully created partner [com.microsoft.office.outlook.partner.startteamschat]
08-25 19:20:45.147 29850 29975 I PartnerSdkManager: Completed loading all serial partners
08-25 19:20:45.151 29850 29949 V PartnerSdkManager: Successfully created partner [com.microsoft.office.outlook.partner.commute]
08-25 19:20:45.152 29850 29949 I PartnerSdkManager: Completed loading all file download partners
08-25 19:20:45.152 29850 29949 I PartnerSdkManager: All partners loaded. Processing contributions
08-25 19:20:45.153 29850 29949 I PartnerSdkManager: Building the partner CONTRIBUTION map size[5]
08-25 19:20:45.154 29850 29949 I PartnerSdkManager: Partner[com.microsoft.office.outlook.partner.assistantmetrics] is null. Not getting contributors.
08-25 19:20:45.156 29850 29949 I PartnerSdkManager: Partner [com.microsoft.office.outlook.partner.commute] has [6] contribution configurations.
08-25 19:20:45.157 29850 29949 I PartnerSdkManager: Partner[com.microsoft.office.outlook.partner.commute] Contribution[CommuteSettingsContribution] Valid[true]
08-25 19:20:45.157 29850 29949 I PartnerSdkManager: TopLevelType[SettingsMenuContribution]
08-25 19:20:45.159 29850 30172 D Commute : warmUpTokensSync(InitCommutePartner): enabled accounts
08-25 19:20:45.165  5076  7314 D NetdEventListenerService: DNS Requested by : 610, 10315
08-25 19:20:45.176 29850 29949 I PartnerSdkManager: Partner[com.microsoft.office.outlook.partner.commute] Contribution[CommuteDrawerMenuContribution] Valid[true]
08-25 19:20:45.177 29850 29949 I PartnerSdkManager: TopLevelType[DrawerMenuContribution]
08-25 19:20:45.178 29850 29949 I PartnerSdkManager: Partner[com.microsoft.office.outlook.partner.commute] Contribution[CommuteDiagnosticsContribution] Valid[true]
08-25 19:20:45.179 29850 29949 I PartnerSdkManager: TopLevelType[DiagnosticDataContribution]
08-25 19:20:45.180 29850 29949 I PartnerSdkManager: Partner[com.microsoft.office.outlook.partner.commute] Contribution[CommuteActivityEventsContribution] Valid[true]
08-25 19:20:45.180 29850 29949 I PartnerSdkManager: TopLevelType[ActivityEventsContribution]
08-25 19:20:45.181 29850 29949 I PartnerSdkManager: Partner[com.microsoft.office.outlook.partner.commute] Contribution[CommuteOpenLinkContribution] Valid[true]
08-25 19:20:45.182 29850 29949 I PartnerSdkManager: TopLevelType[LinkContribution]
08-25 19:20:45.183 29850 29949 I PartnerSdkManager: Partner[com.microsoft.office.outlook.partner.commute] Contribution[CommutePTCToolbarMenuContribution] Valid[false]
08-25 19:20:45.187 29850 29949 I PartnerSdkManager: Partner [com.microsoft.office.outlook.partner.cortini] has [7] contribution configurations.
08-25 19:20:45.196 29850 29949 I PartnerSdkManager: Partner[com.microsoft.office.outlook.partner.cortini] Contribution[CortiniVoiceSearchContribution] Valid[true]
08-25 19:20:45.198 29850 29949 I PartnerSdkManager: TopLevelType[VoiceSearchContribution]
08-25 19:20:45.200 29850 29949 I PartnerSdkManager: Partner[com.microsoft.office.outlook.partner.cortini] Contribution[CortiniActivityEventsContribution] Valid[true]
08-25 19:20:45.201 29850 29949 I PartnerSdkManager: TopLevelType[ActivityEventsContribution]
08-25 19:20:45.216 29850 30081 I JobExecutor: Finished job{id=4, finished=true, result=SUCCESS, canceled=false, periodic=true, class=AccountTokenRefreshJob, tag=AccountTokenRefreshJob}
08-25 19:20:45.227 29850 30082 D PlatformJobService: Finished job, request{id=4, tag=AccountTokenRefreshJob, transient=false} SUCCESS
08-25 19:20:45.232 29920 29965 W fb4a.AppInitScheduler|Run:   Finished GraphServiceEagerInit in 965ms
08-25 19:20:45.235 29850 29949 I PartnerSdkManager: Partner[com.microsoft.office.outlook.partner.cortini] Contribution[CortiniMenuItemContribution] Valid[true]
08-25 19:20:45.236 29850 29949 I PartnerSdkManager: TopLevelType[FabContribution]
08-25 19:20:45.237 29850 29949 I PartnerSdkManager: TopLevelType[ToolbarMenuContribution]
08-25 19:20:45.246 29850 29949 I PartnerSdkManager: Partner[com.microsoft.office.outlook.partner.cortini] Contribution[DictationComposeMenuItemContribution] Valid[false]
08-25 19:20:45.250  4337  4337 I io_stats: !@   8,0 r 1475210 46550460 w 465222 10923988 d 397817 100294660 f 270305 328406 iot 781260 658747 th 102400 0 0 pt 0 inp 0 0 33654.310
08-25 19:20:45.251  5076  7278 I SamsungAlarmManager: setLocked to kernel - T:2 / 20210825T192056, set=85536420, now=85524758
08-25 19:20:45.251  5076  7278 D SamsungAlarmManager: setInexact (T:2/F:0/AC:false) 20210825T192950 now=85524758 - CU:1000/CP:5076/L:d9d921b:*job.deadline*
08-25 19:20:45.252  5076  7278 I SamsungAlarmManager: setLocked to kernel - T:2 / 20210825T192056, set=85536420, now=85524759
08-25 19:20:45.256 29850 29949 I PartnerSdkManager: Partner[com.microsoft.office.outlook.partner.cortini] Contribution[DictationContribution] Valid[false]
08-25 19:20:45.260 29850 29949 I PartnerSdkManager: Partner[com.microsoft.office.outlook.partner.cortini] Contribution[DictationQuickReplyContribution] Valid[false]
08-25 19:20:45.262  5076  7278 I ActivityManager: Killing 28066:com.samsung.android.app.telephonyui/1001 (adj 999): empty #25
08-25 19:20:45.262 29850 29949 I PartnerSdkManager: Partner[com.microsoft.office.outlook.partner.cortini] Contribution[DictationSettingContribution] Valid[false]
08-25 19:20:45.264 29850 29949 I PartnerSdkManager: Partner [com.microsoft.office.outlook.partner.edgewebview] has [2] contribution configurations.
08-25 19:20:45.266 29850 29949 I PartnerSdkManager: Partner[com.microsoft.office.outlook.partner.edgewebview] Contribution[EdgePartnerContribution] Valid[false]
08-25 19:20:45.280 29850 29949 I PartnerSdkManager: Partner[com.microsoft.office.outlook.partner.edgewebview] Contribution[BrowserSettingsContribution] Valid[false]
08-25 19:20:45.282 29850 29949 I PartnerSdkManager: Partner [com.microsoft.office.outlook.partner.startteamschat] has [2] contribution configurations.
08-25 19:20:45.288 29920 29963 W fb4a.AppInitScheduler|Run:   Finished VideoComponentWarmup in 2425ms
08-25 19:20:45.289 29920 29963 W fb4a.AppInitScheduler|Run: All work finished.
08-25 19:20:45.290 29850 29949 I PartnerSdkManager: Partner[com.microsoft.office.outlook.partner.startteamschat] Contribution[RNReadingPaneFooterContribution] Valid[true]
08-25 19:20:45.292 29850 29949 I PartnerSdkManager: TopLevelType[ReadingPaneFooterContribution]
08-25 19:20:45.294 29850 29949 I PartnerSdkManager: Partner[com.microsoft.office.outlook.partner.startteamschat] Contribution[StartTeamsChatDiagnosticsContribution] Valid[true]
08-25 19:20:45.295 29850 29949 I PartnerSdkManager: TopLevelType[DiagnosticDataContribution]
08-25 19:20:45.297 29850 29949 I PartnerSdkManager: Building the partner telemeter collection
08-25 19:20:45.298 29850 29949 I PartnerSdkManager: Handling contribution requests
08-25 19:20:45.299 29850 29949 I PartnerSdkManager: initializeAsync complete
08-25 19:20:45.341  4648  4648 I Zygote  : Process 28066 exited due to signal 9 (Killed)
08-25 19:20:45.345  5076  5127 I libprocessgroup: Successfully killed process cgroup uid 1001 pid 28066 in 80ms
08-25 19:20:45.455 29850 29941 D AppCenter: triggerIngestion(group_core) pendingLogCount=1
08-25 19:20:45.455 29850 29941 D AppCenter: Trying to get 1 logs from the Persistence database for group_core
08-25 19:20:45.458 29850 29941 D AppCenter: Returning 1 log(s) with an ID, c4fb5a6d-407d-4844-b7f0-edc4dd48a58e
08-25 19:20:45.458 29850 29941 D AppCenter: The SID/ID pairs for returning log(s) is/are:
08-25 19:20:45.458 29850 29941 D AppCenter:     null / 948
08-25 19:20:45.458 29850 29941 D AppCenter: ingestLogs(group_core,c4fb5a6d-407d-4844-b7f0-edc4dd48a58e) pendingLogCount=0
08-25 19:20:45.462 29850 29941 D AppCenter: checkPendingLogs(group_core) pendingLogCount=0 batchTimeInterval=3000
08-25 19:20:45.469 29850 30176 V AppCenter: Calling https://in.appcenter.ms/logs?api-version=1.0.0...
08-25 19:20:45.470 29850 30176 V AppCenter: Headers: {Install-ID=4bb78ab6-4a77-4892-9450-675b538d5765, App-Secret=****************************e8a07491, Content-Type=application/json}
08-25 19:20:45.470 29850 30176 V AppCenter: {
08-25 19:20:45.470 29850 30176 V AppCenter:   "logs": [
08-25 19:20:45.470 29850 30176 V AppCenter:     {
08-25 19:20:45.470 29850 30176 V AppCenter:       "type": "startService",
08-25 19:20:45.470 29850 30176 V AppCenter:       "timestamp": "2021-08-25T13:50:42.451Z",
08-25 19:20:45.470 29850 30176 V AppCenter:       "device": {
08-25 19:20:45.470 29850 30176 V AppCenter:         "sdkName": "appcenter.android",
08-25 19:20:45.470 29850 30176 V AppCenter:         "sdkVersion": "4.0.0",
08-25 19:20:45.470 29850 30176 V AppCenter:         "model": "SM-M215F",
08-25 19:20:45.470 29850 30176 V AppCenter:         "oemName": "samsung",
08-25 19:20:45.470 29850 30176 V AppCenter:         "osName": "Android",
08-25 19:20:45.470 29850 30176 V AppCenter:         "osVersion": "11",
08-25 19:20:45.470 29850 30176 V AppCenter:         "osBuild": "RP1A.200720.012",
08-25 19:20:45.470 29850 30176 V AppCenter:         "osApiLevel": 30,
08-25 19:20:45.470 29850 30176 V AppCenter:         "locale": "en_GB",
08-25 19:20:45.470 29850 30176 V AppCenter:         "timeZoneOffset": 330,
08-25 19:20:45.470 29850 30176 V AppCenter:         "screenSize": "1080x2131",
08-25 19:20:45.470 29850 30176 V AppCenter:         "appVersion": "4.2131.1",
08-25 19:20:45.470 29850 30176 V AppCenter:         "carrierName": "JIO 4G",
08-25 19:20:45.470 29850 30176 V AppCenter:         "carrierCountry": "in",
08-25 19:20:45.470 29850 30176 V AppCenter:         "appBuild": "42131813",
08-25 19:20:45.470 29850 30176 V AppCenter:         "appNamespace": "com.microsoft.office.outlook"
08-25 19:20:45.470 29850 30176 V AppCenter:       },
08-25 19:20:45.470 29850 30176 V AppCenter:       "services": [
08-25 19:20:45.470 29850 30176 V AppCenter:         "Crashes",
08-25 19:20:45.470 29850 30176 V AppCenter:         "Analytics"
08-25 19:20:45.470 29850 30176 V AppCenter:       ]
08-25 19:20:45.470 29850 30176 V AppCenter:     }
08-25 19:20:45.470 29850 30176 V AppCenter:   ]
08-25 19:20:45.470 29850 30176 V AppCenter: }
08-25 19:20:45.471 29850 30176 I System.out: (HTTPLog)-Static: isSBSettingEnabled false
08-25 19:20:45.496 29850 30176 I System.out: (HTTPLog)-Static: isSBSettingEnabled false
08-25 19:20:45.498  4647  4723 E Netd    : getNetworkForDns: getNetId from enterpriseCtrl is netid 0
08-25 19:20:45.500  4647 30179 E Netd    : To use pid in case SEC_PRODUCT_FEATURE_KNOX_SUPPORT_NPA is false, to remove build error (unused variable)
08-25 19:20:45.502  4647 30179 E Netd    : To use pid in case SEC_PRODUCT_FEATURE_KNOX_SUPPORT_NPA is false, to remove build error (unused variable)
08-25 19:20:45.504  5076  7314 D NetdEventListenerService: DNS Requested by : 610, 10315
08-25 19:20:45.504  5076  5325 E NetdEventListenerService: DNS failed (10315) : 4
08-25 19:20:45.508 29850 29850 W AppCenter: Try #1 failed and will be retried in 9171 ms (UnknownHostException)
08-25 19:20:45.653 29920 29934 W JavaBinder: BinderProxy is being destroyed but the application did not call unlinkToDeath to unlink all of its death recipients beforehand.  Releasing leaked death recipient: X.090
08-25 19:20:45.653 29920 29934 I BpBinder: onLastStrongRef automatically unlinking death recipients: <uncached descriptor>
08-25 19:20:45.657 29920 29935 W System  : A resource failed to call close.
08-25 19:20:45.657 29920 29935 W System  : A resource failed to call close.
08-25 19:20:45.682  4623  4623 E audit   : type=1400 audit(1629899445.675:260912): avc:  granted  { execute } for  pid=29920 comm="CombinedTP8" path="/data/data/com.facebook.katana/lib-compressed/libimagesmerged.so" dev="sda32" ino=184794 scontext=u:r:untrusted_app:s0:c183,c256,c512,c768 tcontext=u:object_r:app_data_file:s0:c183,c256,c512,c768 tclass=file SEPF_SM-M215F_11_0009 audit_filtered
08-25 19:20:45.682  4623  4623 E audit   : type=1300 audit(1629899445.675:260912): arch=c00000b7 syscall=222 success=yes exit=539224449024 a0=7d8c482000 a1=372f0 a2=5 a3=12 items=0 ppid=4648 pid=29920 auid=4294967295 uid=10183 gid=10183 euid=10183 suid=10183 fsuid=10183 egid=10183 sgid=10183 fsgid=10183 tty=(none) ses=4294967295 comm="CombinedTP8" exe="/system/bin/app_process64" subj=u:r:untrusted_app:s0:c183,c256,c512,c768 key=(null)
08-25 19:20:45.682  4623  4623 E audit   : type=1327 audit(1629899445.675:260912): proctitle="com.facebook.katana"
08-25 19:20:45.800 29920 30022 I CameraManagerGlobal: Connecting to camera service
08-25 19:20:45.832 29920 30022 D VendorTagDescriptor: addVendorDescriptor: vendor tag id 3854507339 added
08-25 19:20:45.832  4790  7287 D CameraService: addListenerHelper: Add listener 0xe92b3ca0
08-25 19:20:45.833  4790  7287 W ServiceManager: Permission failure: android.permission.CAMERA_OPEN_CLOSE_LISTENER from uid=10183 pid=29920
08-25 19:20:45.833  4790  7287 D CameraService: CameraDeviceState for CameraManager
08-25 19:20:45.840 29920 30057 I CameraManagerGlobal: Camera 0 facing CAMERA_FACING_BACK state now CAMERA_STATE_CLOSED for client com.sec.android.app.camera API Level 2
08-25 19:20:45.840 29920 30057 I CameraManagerGlobal: Camera 1 facing CAMERA_FACING_FRONT state now CAMERA_STATE_CLOSED for client com.samsung.adaptivebrightnessgo API Level 2
08-25 19:20:45.844 29920 30057 I CameraManagerGlobal: Camera 2 facing CAMERA_FACING_BACK state now CAMERA_STATE_CLOSED for client android.system API Level 2
08-25 19:20:45.844 29920 30057 I CameraManagerGlobal: Camera 20 facing CAMERA_FACING_BACK state now CAMERA_STATE_CLOSED for client android.system API Level 2
08-25 19:20:45.844 29920 30057 I CameraManagerGlobal: Camera 23 facing CAMERA_FACING_BACK state now CAMERA_STATE_CLOSED for client android.system API Level 2
08-25 19:20:45.845 29920 30057 I CameraManagerGlobal: Camera 3 facing CAMERA_FACING_FRONT state now CAMERA_STATE_CLOSED for client com.sec.android.app.camera API Level 2
08-25 19:20:45.845 29920 30057 I CameraManagerGlobal: Camera 4 facing CAMERA_FACING_FRONT state now CAMERA_STATE_CLOSED for client android.system API Level 2
08-25 19:20:45.846 29920 30057 I CameraManagerGlobal: Camera 50 facing CAMERA_FACING_BACK state now CAMERA_STATE_CLOSED for client android.system API Level 2
08-25 19:20:45.846 29920 30057 I CameraManagerGlobal: Camera 52 facing CAMERA_FACING_BACK state now CAMERA_STATE_CLOSED for client android.system API Level 2
08-25 19:20:46.150  4623  4623 E audit   : type=1400 audit(1629899446.143:260913): avc:  granted  { execute } for  pid=29920 comm="Thread-6" path="/data/data/com.facebook.katana/lib-compressed/libard-upload.so" dev="sda32" ino=192600 scontext=u:r:untrusted_app:s0:c183,c256,c512,c768 tcontext=u:object_r:app_data_file:s0:c183,c256,c512,c768 tclass=file SEPF_SM-M215F_11_0009 audit_filtered
08-25 19:20:46.156 29920 30045 E nightwatch-target: /proc/zoneinfo open: errno=13
08-25 19:20:46.156 29920 30045 E nightwatch-target: sysmeminfo parse failed
08-25 19:20:46.713 29920 29932 I facebook.katan: Compiler allocated 8491KB to compile boolean X.04t.A08(android.os.StrictMode$ThreadPolicy, java.lang.String, java.lang.String, java.lang.String, int)
08-25 19:20:46.972  5076  7314 D SensorService: removeConnection, index : 1, size : 5
08-25 19:20:46.972  5076  7314 D SensorService: # removeConnection, index : 1, size : 4
08-25 19:20:46.972  5076  7314 D SensorService: Calling activate off 1
08-25 19:20:46.973  4673  4673 I SensorsHub: batch: handle=1 period=160000000 timeout=0
08-25 19:20:46.973  6338  6436 I AccSensorManager_FLP: handleMessage unregisterAccelerometer, Accelerometer successfully unregistered
08-25 19:20:46.986 29920 29932 I facebook.katan: Method exceeds compiler instruction limit: 17141 in int X.122.A00(java.lang.String)
08-25 19:20:47.068 29850 29886 I .office.outloo: Waiting for a blocking GC ProfileSaver
08-25 19:20:47.120 29850 29886 I .office.outloo: WaitForGcToComplete blocked ProfileSaver on ClassLinker for 52.467ms
08-25 19:20:47.123 29850 29877 W System  : A resource failed to call close.
08-25 19:20:47.124 29850 29877 W System  : A resource failed to call close.
08-25 19:20:47.137 29850 29875 I .office.outloo: WaitForGcToComplete blocked RunEmptyCheckpoint on ProfileSaver for 15.792ms
08-25 19:20:47.169 29920 30045 E nightwatch-target: /proc/zoneinfo open: errno=13
08-25 19:20:47.169 29920 30045 E nightwatch-target: sysmeminfo parse failed
08-25 19:20:47.169  4623  4623 E audit   : type=1400 audit(1629899447.163:260917): avc:  denied  { read } for  pid=29920 comm="AppInit9" name="zoneinfo" dev="proc" ino=4026531860 scontext=u:r:untrusted_app:s0:c183,c256,c512,c768 tcontext=u:object_r:proc_zoneinfo:s0 tclass=file permissive=0 SEPF_SM-M215F_11_0009 audit_filtered
08-25 19:20:47.169  4623  4623 E audit   : type=1300 audit(1629899447.163:260917): arch=c00000b7 syscall=56 success=no exit=-13 a0=ffffff9c a1=7d3228c36c a2=0 a3=0 items=0 ppid=4648 pid=29920 auid=4294967295 uid=10183 gid=10183 euid=10183 suid=10183 fsuid=10183 egid=10183 sgid=10183 fsgid=10183 tty=(none) ses=4294967295 comm="AppInit9" exe="/system/bin/app_process64" subj=u:r:untrusted_app:s0:c183,c256,c512,c768 key=(null)
08-25 19:20:47.169  4623  4623 E audit   : type=1327 audit(1629899447.163:260917): proctitle="com.facebook.katana"
08-25 19:20:47.254  4337  4337 I io_stats: !@   8,0 r 1475241 46550748 w 465224 10923996 d 397817 100294660 f 270305 328406 iot 781276 658755 th 102400 0 0 pt 0 inp 0 0 33656.314
08-25 19:20:47.431 29920 29945 I facebook.katan: Waiting for a blocking GC ProfileSaver
08-25 19:20:47.524 29920 29945 I facebook.katan: WaitForGcToComplete blocked ProfileSaver on ClassLinker for 92.328ms
08-25 19:20:47.539 29920 29935 W System  : A resource failed to call close.
08-25 19:20:47.539 29920 29935 W System  : A resource failed to call close.
08-25 19:20:47.540 29920 29935 W SQLiteConnectionPool: A SQLiteConnection object for database '+data+user+0+com_facebook_katana+databases+IdleProfiler_db' was leaked!  Please fix your application to end transactions in progress properly and to close the database when it is no longer needed.
08-25 19:20:47.540 29920 29935 W System  : A resource failed to call close.
08-25 19:20:47.546 29920 29933 I facebook.katan: WaitForGcToComplete blocked RunEmptyCheckpoint on ProfileSaver for 14.916ms
08-25 19:20:48.046 29920 30205 E fb4a.MsysMqttTopicsProvider: subscribing to Mqtt
08-25 19:20:48.056 29920 30205 E fb4a.MsysMqttTopicsProvider: subscribing to Mqtt
08-25 19:20:48.096  5076  7314 D SamsungAlarmManager: setExact (T:2/F:1/AC:false) 20210825T192848 now=85527603 - CU:10183/CP:29920/OP:PendingIntent{6805046: PendingIntentRecord{93bb207 com.facebook.katana broadcastIntent}}
08-25 19:20:48.096  5076  7314 I SamsungAlarmManager: setLocked to kernel - T:2 / 20210825T192056, set=85536420, now=85527603
08-25 19:20:48.106 29920 29932 I facebook.katan: Compiler allocated 8745KB to compile boolean X.04t.A08(android.os.StrictMode$ThreadPolicy, java.lang.String, java.lang.String, java.lang.String, int)
08-25 19:20:48.120 29920 30022 I mobileconfig: No OTA resource found
08-25 19:20:48.120 29920 30022 I mobileconfig: Using asset manager to stream (unitType: kMobileConfigSessionless) params_map.txt
08-25 19:20:48.179 29920 30045 E nightwatch-target: /proc/zoneinfo open: errno=13
08-25 19:20:48.179 29920 30045 E nightwatch-target: sysmeminfo parse failed
08-25 19:20:48.179  4623  4623 E audit   : type=1400 audit(1629899448.175:260918): avc:  denied  { read } for  pid=29920 comm="AppInit9" name="zoneinfo" dev="proc" ino=4026531860 scontext=u:r:untrusted_app:s0:c183,c256,c512,c768 tcontext=u:object_r:proc_zoneinfo:s0 tclass=file permissive=0 SEPF_SM-M215F_11_0009 audit_filtered
08-25 19:20:48.179  4623  4623 E audit   : type=1300 audit(1629899448.175:260918): arch=c00000b7 syscall=56 success=no exit=-13 a0=ffffff9c a1=7d3228c36c a2=0 a3=0 items=0 ppid=4648 pid=29920 auid=4294967295 uid=10183 gid=10183 euid=10183 suid=10183 fsuid=10183 egid=10183 sgid=10183 fsgid=10183 tty=(none) ses=4294967295 comm="AppInit9" exe="/system/bin/app_process64" subj=u:r:untrusted_app:s0:c183,c256,c512,c768 key=(null)
08-25 19:20:48.179  4623  4623 E audit   : type=1327 audit(1629899448.175:260918): proctitle="com.facebook.katana"
08-25 19:20:48.189  4751  4751 I SurfaceFlinger: SFWD update time=33657250187695
08-25 19:20:48.190 29920 30022 I mobileconfig: Params map streaming - readbytes: 306980/306980
08-25 19:20:48.191 29920 30022 I mobileconfig: Successfully parsed (unitType: kMobileConfigSessionless) params_map.txt
08-25 19:20:48.194 29920 30022 I mobileconfig: Read one query hash from asset, it is = e752d5f5774bbf8903dd3b91373691db17625f0f120d5c1c28f85c0a4cafac69
08-25 19:20:48.196 29920 30022 I mobileconfig: Initialized MobileConfig - directory: /data/user/0/com.facebook.katana/files, appVersion: 332.0.0.23.111, paramHash: 1d13576f1d97ec4b2ad13368de00712f:970c87036c5df2241e9a8fbafc48a733, readOnly: false bufferPathPostfix:
08-25 19:20:48.283 29920 30022 I mobileconfig: Using OTA mobileconfig resource
08-25 19:20:48.426 29920 30022 I mobileconfig: schema hash match: OTA: 1d13576f1d97ec4b2ad13368de00712f, ondisk: 1d13576f1d97ec4b2ad13368de00712f
08-25 19:20:48.426 29920 30022 I mobileconfig: Read one query hash from OTA, it is = 11d55fc5f3d069966e4a9313b6e67b72e9edda47ab36cb7b67a538e9c220382e
08-25 19:20:48.428 29920 30022 I mobileconfig: Initialized MobileConfig - directory: /data/user/0/com.facebook.katana/files, appVersion: 332.0.0.23.111, paramHash: 1d13576f1d97ec4b2ad13368de00712f:10f7d71eaf45fa65b665f46635eb16a5, readOnly: false bufferPathPostfix:
08-25 19:20:48.429 29920 30022 I mobileconfig: Read RN schema map size: 2335
08-25 19:20:48.644  5076  6751 D BatteryService: Sending ACTION_BATTERY_CHANGED. scale:100, info:{.chargerAcOnline = false, .chargerUsbOnline = true, .chargerWirelessOnline = false, .maxChargingCurrent = 0, .maxChargingVoltage = 0, .batteryStatus = CHARGING, .batteryHealth = GOOD, .batteryPresent = true, .batteryLevel = 83, .batteryVoltage = 4136, .batteryTemperature = 355, .batteryCurrent = 192, .batteryCycleCount = 0, .batteryFullCharge = 6000000, .batteryChargeCounter = 5004000, .batteryTechnology = Li-ion}
08-25 19:20:48.645  5076  6751 D BatteryService: online:4, current avg:270, charge type:1, POGO powered:false, power sharing:false, high voltage charger:false, charger_type:0, capacity:280000, misc_event:0x10000, current_event:0x0, current_now:192
08-25 19:20:48.646  5076  5220 D MotionRecognitionService:   onReceive : ACTION_BATTERY_CHANGED, Plugged: 2
08-25 19:20:48.646  5076  5076 D PhoneWindowManagerExt: ACTION_BATTERY_CHANGED - Level=83, status=2
08-25 19:20:48.646  5076  5220 I MotionRecognitionService: [TA] In/out: true, curr state: 1
08-25 19:20:48.646  5076  5076 D SemWifiApBroadcastReceiver: Received : android.intent.action.BATTERY_CHANGED
08-25 19:20:48.648  5373  5373 D SemBigDataInfoController: Intent : android.intent.action.BATTERY_CHANGED
08-25 19:20:48.649  5398  5398 I PowerUI : BATTERY_HEALTH_CHECK extraHealth=2 mBatteryMiscEvent=65536
08-25 19:20:48.649  5398  5398 D PowerUI : priorPlugType = 2 mPlugType = 2 priorBatteryStatus = 2 mBatteryStatus = 2
08-25 19:20:48.651  5373  5373 D SemBigDataInfoController: Intent : android.intent.action.BATTERY_CHANGED
08-25 19:20:48.651  5398  5398 D PowerUI.Notification: showChargingNotice oldChargingType : 1 currentChargingType : 1 oldChargingTime : 5884000 mChargingTime : 5884000
08-25 19:20:48.651  5398  5398 D PowerUI.Notification: There is no change about charging status, so return!
08-25 19:20:48.651  5398  5398 D PowerUI : Battery swelling mode - priorBatterySwellingMode = 0 mBatterySwellingMode = 0 mBatteryStatus = 2
08-25 19:20:48.651  5398  5398 I PowerUI : mBatteryMiscEvent = 65536
08-25 19:20:48.652  5398  5398 D KeyguardUpdateMonitor: received broadcast android.intent.action.BATTERY_CHANGED
08-25 19:20:48.664  5398 26488 E IndicatorGardenAlgorithmBasicCutout: NOT MATCH !!!! resourceHeight:78, cutoutHeight:83 ([IndicatorGardenInputProperty]  Rotation(0-0,90-1,180-2,270-3)0, Density:2.625, ScreenWidthSize:1080, CoverSidePadding:0, mIndicatorGardenCenterOffset:11, mCameraCutoutCropSize:60, mGardenPaddingStart:21, mIndicatorCornerPadding:0, mCameraSidePadding:0, mCameraTopMargin:0, DpCutout:DisplayCutout{insets=Rect(0, 83 - 0, 0) waterfall=Insets{left=0, top=0, right=0, bottom=0} boundingRect={Bounds=[Rect(0, 0 - 0, 0), Rect(443, 0 - 637, 83), Rect(0, 0 - 0, 0), Rect(0, 0 - 0, 0)]}})
08-25 19:20:48.664  5398 26488 E IndicatorGardenAlgorithmBasicCutout: NOT MATCH !!!! resourceHeight:78, cutoutHeight:83 ([IndicatorGardenInputProperty]  Rotation(0-0,90-1,180-2,270-3)0, Density:2.625, ScreenWidthSize:1080, CoverSidePadding:0, mIndicatorGardenCenterOffset:11, mCameraCutoutCropSize:60, mGardenPaddingStart:21, mIndicatorCornerPadding:0, mCameraSidePadding:0, mCameraTopMargin:0, DpCutout:DisplayCutout{insets=Rect(0, 83 - 0, 0) waterfall=Insets{left=0, top=0, right=0, bottom=0} boundingRect={Bounds=[Rect(0, 0 - 0, 0), Rect(443, 0 - 637, 83), Rect(0, 0 - 0, 0), Rect(0, 0 - 0, 0)]}})
08-25 19:20:48.665  5398  5398 I AODBatteryManager: updateBatteryData: ACTION_BATTERY_CHANGED
08-25 19:20:48.667  5398  5398 I AODBatteryManager: saveBatteryData : AOD BatteryData [mBatteryLevel=83, mBatteryStatus=CHARGING, mBatteryPlugType=USB, mBatteryPlugged=true, mRemainingChargeTime=5884000, mBatteryChargingType=1, mBatteryChargerType=NORMAL, mBatteryOnline=USB, mBatterySwellingMode=NONE]
08-25 19:20:48.667  5398  5398 D KeyguardUpdateMonitor: handleBatteryUpdate
08-25 19:20:48.762  5076  7314 D PackageManager: setEnabledSetting : userId = 0 packageName = com.facebook.katana cmp = com.facebook.battery.monitor.ContinuousBatteryMonitorService$BroadcastReceiver newState = 2 callingPackage = 10183/com.facebook.katana
08-25 19:20:48.769  5076  7314 D PackageManager: setEnabledSetting : userId = 0 packageName = com.facebook.katana cmp = com.facebook.backgroundlocation.reporting.BackgroundLocationReportingDeviceEvents$ShutdownReceiver newState = 2 callingPackage = 10183/com.facebook.katana
08-25 19:20:48.819  4623  4623 E audit   : type=1400 audit(1629899448.815:260919): avc:  granted  { execute } for  pid=29920 comm="Analytics-Micro" path="/data/data/com.facebook.katana/lib-compressed/libchipsetmerged.so" dev="sda32" ino=195055 scontext=u:r:untrusted_app:s0:c183,c256,c512,c768 tcontext=u:object_r:app_data_file:s0:c183,c256,c512,c768 tclass=file SEPF_SM-M215F_11_0009 audit_filtered
08-25 19:20:48.819  4623  4623 E audit   : type=1300 audit(1629899448.815:260919): arch=c00000b7 syscall=222 success=yes exit=539366330368 a0=7d94bd1000 a1=13210 a2=5 a3=12 items=0 ppid=4648 pid=29920 auid=4294967295 uid=10183 gid=10183 euid=10183 suid=10183 fsuid=10183 egid=10183 sgid=10183 fsgid=10183 tty=(none) ses=4294967295 comm="Analytics-Micro" exe="/system/bin/app_process64" subj=u:r:untrusted_app:s0:c183,c256,c512,c768 key=(null)
08-25 19:20:48.822  6338  6436 I RequestManager_FLP: removeExpiredGmsRequests, count=0
08-25 19:20:48.822  6338  6436 E RequestManager_FLP: [FusedLocationApi] Location remove 4f1b6ea from com.facebook.katana
08-25 19:20:48.822  6338  6436 W RequestManager_FLP: Not registered using location provider, 4f1b6ea
08-25 19:20:48.825  4646  4652 E statsd  : Predicate 5980654721335871649 dropping data for dimension key (10)0x2010101->10231[I] (10)0x30000->GCoreFlp[S]
08-25 19:20:48.827  4646  4652 E statsd  : Predicate 5980654721335871649 dropping data for dimension key (10)0x2010101->10231[I] (10)0x30000->GCoreFlp[S]
08-25 19:20:48.831  6338  6436 I RequestManager_FLP: removeExpiredGmsRequests, count=0
08-25 19:20:48.832  6338  6436 E RequestManager_FLP: [FusedLocationApi] Location remove 71ce078 from com.facebook.katana
08-25 19:20:48.832  6338  6436 W RequestManager_FLP: Not registered using location provider, 71ce078
08-25 19:20:48.833  4646  4652 E statsd  : Predicate 5980654721335871649 dropping data for dimension key (10)0x2010101->10231[I] (10)0x30000->GCoreFlp[S]
08-25 19:20:48.835  4646  4652 E statsd  : Predicate 5980654721335871649 dropping data for dimension key (10)0x2010101->10231[I] (10)0x30000->GCoreFlp[S]
08-25 19:20:49.142  5076  5091 D PackageManager: setEnabledSetting : userId = 0 packageName = com.facebook.katana cmp = com.facebook.composer.shareintent.ImplicitShareIntentHandlerDefaultAlias newState = 1 callingPackage = 10183/com.facebook.katana
08-25 19:20:49.144  5076  5091 D PackageManager: setEnabledSetting : userId = 0 packageName = com.facebook.katana cmp = com.facebook.composer.shareintent.AddToStoryAlias newState = 1 callingPackage = 10183/com.facebook.katana
08-25 19:20:49.146  5076  5091 D PackageManager: setEnabledSetting : userId = 0 packageName = com.facebook.katana cmp = com.facebook.composer.shareintent.ShareToGroupsAlias newState = 1 callingPackage = 10183/com.facebook.katana
08-25 19:20:49.147  5076  5091 D PackageManager: setEnabledSetting : userId = 0 packageName = com.facebook.katana cmp = com.facebook.composer.shareintent.ShareToGroupsDisableSinglePhotoAlias newState = 2 callingPackage = 10183/com.facebook.katana
08-25 19:20:49.161 29920 30041 W fb4a.ServiceInfoParser: X.4mD: Service com.facebook.attribution.AttributionIdService is missing meta key com.facebook.common.jobscheduler.compat.jobIds
08-25 19:20:49.161 29920 30041 W fb4a.ServiceInfoParser: X.4mD: Service com.facebook.common.errorreporting.memory.MemoryDumpUploadService is missing meta key com.facebook.common.jobscheduler.compat.jobIds
08-25 19:20:49.161 29920 30041 W fb4a.ServiceInfoParser: X.4mD: Service com.facebook.browser.lite.BrowserLiteIntentService is missing meta key com.facebook.common.jobscheduler.compat.jobIds
08-25 19:20:49.161 29920 30041 W fb4a.ServiceInfoParser: X.4mD: Service com.facebook.browser.lite.BrowserLiteInMainProcessIntentService is missing meta key com.facebook.common.jobscheduler.compat.jobIds
08-25 19:20:49.161 29920 30041 W fb4a.ServiceInfoParser: X.4mD: Service com.facebook.businessintegrity.cloakingdetection.service.CloakingDetectionService is missing meta key com.facebook.common.jobscheduler.compat.jobIds
08-25 19:20:49.162 29920 30041 W fb4a.ServiceInfoParser: X.4mD: Service com.facebook.contacts.service.ContactLocaleChangeService is missing meta key com.facebook.common.jobscheduler.compat.jobIds
08-25 19:20:49.162 29920 30041 W fb4a.ServiceInfoParser: X.4mD: Service androidx.work.impl.background.systemjob.SystemJobService is missing meta key com.facebook.common.jobscheduler.compat.jobIds
08-25 19:20:49.162 29920 30041 W fb4a.ServiceInfoParser: X.4mD: Service com.google.android.gms.analytics.AnalyticsJobService is missing meta key com.facebook.common.jobscheduler.compat.jobIds
08-25 19:20:49.162 29920 30041 W fb4a.ServiceInfoParser: X.4mD: Service com.facebook.account.login.notification.LoginNotificationService is missing meta key com.facebook.common.jobscheduler.compat.jobIds
08-25 19:20:49.162 29920 30041 W fb4a.ServiceInfoParser: X.4mD: Service com.facebook.analytics.appstatelogger.AppStateIntentService is missing meta key com.facebook.common.jobscheduler.compat.jobIds
08-25 19:20:49.163 29920 30041 W fb4a.ServiceInfoParser: X.4mD: Service com.facebook.analytics2.logger.LollipopUploadService is missing meta key com.facebook.common.jobscheduler.compat.jobIds
08-25 19:20:49.163 29920 30041 W fb4a.ServiceInfoParser: X.4mD: Service com.facebook.appcomponentmanager.AppComponentManagerService is missing meta key com.facebook.common.jobscheduler.compat.jobIds
08-25 19:20:49.163 29920 30041 W fb4a.ServiceInfoParser: X.4mD: Service com.facebook.backgroundlocation.process.BackgroundLocationGatheringService is missing meta key com.facebook.common.jobscheduler.compat.jobIds
08-25 19:20:49.163 29920 30041 W fb4a.ServiceInfoParser: X.4mD: Service com.facebook.backgroundlocation.reporting.periodic.PeriodicSignalCollectorJobService is missing meta key com.facebook.common.jobscheduler.compat.jobIds
08-25 19:20:49.163 29920 30041 W fb4a.ServiceInfoParser: X.4mD: Service com.facebook.battery.monitor.ContinuousBatteryMonitorService is missing meta key com.facebook.common.jobscheduler.compat.jobIds
08-25 19:20:49.165 29920 30041 W fb4a.ServiceInfoParser: X.4mD: Service com.facebook.common.dextricks.DexOptimization$Service is missing meta key com.facebook.common.jobscheduler.compat.jobIds
08-25 19:20:49.165 29920 30041 W fb4a.ServiceInfoParser: X.4mD: Service com.facebook.common.dextricks.DexOptimizationJobService is missing meta key com.facebook.common.jobscheduler.compat.jobIds
08-25 19:20:49.165 29920 30041 W fb4a.ServiceInfoParser: X.4mD: Service com.facebook.compost.service.CompostNotificationService is missing meta key com.facebook.common.jobscheduler.compat.jobIds
08-25 19:20:49.165 29920 30041 W fb4a.ServiceInfoParser: X.4mD: Service com.facebook.conditionalworker.ConditionalWorkerService is missing meta key com.facebook.common.jobscheduler.compat.jobIds
08-25 19:20:49.166 29920 30041 W fb4a.ServiceInfoParser: X.4mD: Service com.facebook.confirmation.notification.ConfirmationNotificationService is missing meta key com.facebook.common.jobscheduler.compat.jobIds
08-25 19:20:49.166 29920 30041 W fb4a.ServiceInfoParser: X.4mD: Service com.facebook.delayedworker.DelayedWorkerService is missing meta key com.facebook.common.jobscheduler.compat.jobIds
08-25 19:20:49.166 29920 30041 W fb4a.ServiceInfoParser: X.4mD: Service com.facebook.displaytimeinvalidation.service.DisplayTimeBlockIntentService is missing meta key com.facebook.common.jobscheduler.compat.jobIds
08-25 19:20:49.167 29920 30041 W fb4a.ServiceInfoParser: X.4mD: Service com.facebook.fbservice.service.BlueServiceJobIntentService is missing meta key com.facebook.common.jobscheduler.compat.jobIds
08-25 19:20:49.167 29920 30041 W fb4a.ServiceInfoParser: X.4mD: Service com.facebook.feed.platformads.AppInstallService is missing meta key com.facebook.common.jobscheduler.compat.jobIds
08-25 19:20:49.168 29920 30041 W fb4a.ServiceInfoParser: X.4mD: Service com.facebook.glc.ScheduledWifiMonitorService is missing meta key com.facebook.common.jobscheduler.compat.jobIds
08-25 19:20:49.168 29920 30041 W fb4a.ServiceInfoParser: X.4mD: Service com.facebook.glc.GLCService is missing meta key com.facebook.common.jobscheduler.compat.jobIds
08-25 19:20:49.168 29920 30041 W fb4a.ServiceInfoParser: X.4mD: Service com.facebook.googleplay.GooglePlayInstallRefererService is missing meta key com.facebook.common.jobscheduler.compat.jobIds
08-25 19:20:49.170 29920 30041 W fb4a.ServiceInfoParser: X.4mD: Service com.facebook.messaging.prefs.notifications.NotificationPrefsSyncService is missing meta key com.facebook.common.jobscheduler.compat.jobIds
08-25 19:20:49.170 29920 30041 W fb4a.ServiceInfoParser: X.4mD: Service com.facebook.notifications.appwidget.NotificationsWidgetService is missing meta key com.facebook.common.jobscheduler.compat.jobIds
08-25 19:20:49.170 29920 30041 W fb4a.ServiceInfoParser: X.4mD: Service com.facebook.notifications.tray.DelayedDeliveryJobScheduler is missing meta key com.facebook.common.jobscheduler.compat.jobIds
08-25 19:20:49.171 29920 30041 W fb4a.ServiceInfoParser: X.4mD: Service com.facebook.orca.notify.MessagesNotificationService is missing meta key com.facebook.common.jobscheduler.compat.jobIds
08-25 19:20:49.171 29920 30041 W fb4a.ServiceInfoParser: X.4mD: Service com.facebook.oxygen.preloads.sdk.firstparty.managedappcache.IsManagedAppCacheJobService is missing meta key com.facebook.common.jobscheduler.compat.jobIds
08-25 19:20:49.171 29920 30041 W fb4a.ServiceInfoParser: X.4mD: Service com.facebook.papaya.fb.client.FBPapayaJobService is missing meta key com.facebook.common.jobscheduler.compat.jobIds
08-25 19:20:49.171 29920 30041 W fb4a.ServiceInfoParser: X.4mD: Service com.facebook.push.registration.RegistrarHelperService is missing meta key com.facebook.common.jobscheduler.compat.jobIds
08-25 19:20:49.173 29920 30041 W fb4a.ServiceInfoParser: X.4mD: Service com.facebook.push.crossapp.PackageRemovedReporterService is missing meta key com.facebook.common.jobscheduler.compat.jobIds
08-25 19:20:49.173 29920 30041 W fb4a.ServiceInfoParser: X.4mD: Service com.facebook.push.adm.ADMService is missing meta key com.facebook.common.jobscheduler.compat.jobIds
08-25 19:20:49.174 29920 30041 W fb4a.ServiceInfoParser: X.4mD: Service com.facebook.push.adm.ADMBroadcastReceiverJobBase is missing meta key com.facebook.common.jobscheduler.compat.jobIds
08-25 19:20:49.174 29920 30041 W fb4a.ServiceInfoParser: X.4mD: Service com.facebook.push.adm.ADMJobIntentService is missing meta key com.facebook.common.jobscheduler.compat.jobIds
08-25 19:20:49.175 29920 30041 W fb4a.ServiceInfoParser: X.4mD: Service com.facebook.push.fbpushdata.common.FbPushDataHandlerService is missing meta key com.facebook.common.jobscheduler.compat.jobIds
08-25 19:20:49.175 29920 30041 W fb4a.ServiceInfoParser: X.4mD: Service com.facebook.push.fcm.FcmRegistrarFbJobIntentService is missing meta key com.facebook.common.jobscheduler.compat.jobIds
08-25 19:20:49.176 29920 30041 W fb4a.ServiceInfoParser: X.4mD: Service com.facebook.push.mqtt.service.MqttPushHelperService is missing meta key com.facebook.common.jobscheduler.compat.jobIds
08-25 19:20:49.176 29920 30041 W fb4a.ServiceInfoParser: X.4mD: Service com.facebook.push.negativefeedback.PushNegativeFeedbackFbJobIntentService is missing meta key com.facebook.common.jobscheduler.compat.jobIds
08-25 19:20:49.176 29920 30041 W fb4a.ServiceInfoParser: X.4mD: Service com.facebook.registration.notification.RegistrationNotificationService is missing meta key com.facebook.common.jobscheduler.compat.jobIds
08-25 19:20:49.176 29920 30041 W fb4a.ServiceInfoParser: X.4mD: Service com.facebook.reportaproblem.base.bugreport.BugReportUploadService is missing meta key com.facebook.common.jobscheduler.compat.jobIds
08-25 19:20:49.177 29920 30041 W fb4a.ServiceInfoParser: X.4mD: Service com.facebook.videolite.api.jobscheduler.UploadJobSchedulerService is missing meta key com.facebook.common.jobscheduler.compat.jobIds
08-25 19:20:49.186  5076  5124 W BroadcastQueue: Permission Denial: broadcasting Intent { act=android.net.conn.CONNECTIVITY_CHANGE flg=0x4200010 (has extras) } from null (pid=-1, uid=-1) requires com.facebook.permission.prod.FB_APP_COMMUNICATION due to registered receiver BroadcastFilter{8d3b701 10183/u0 ReceiverList{eb5c4e8 29920 com.facebook.katana/10183/u0 remote:1974e0b}}
08-25 19:20:49.189 29920 30045 E nightwatch-target: /proc/zoneinfo open: errno=13
08-25 19:20:49.189  4623  4623 E audit   : type=1400 audit(1629899449.183:260920): avc:  denied  { read } for  pid=29920 comm="AppInit9" name="zoneinfo" dev="proc" ino=4026531860 scontext=u:r:untrusted_app:s0:c183,c256,c512,c768 tcontext=u:object_r:proc_zoneinfo:s0 tclass=file permissive=0 SEPF_SM-M215F_11_0009 audit_filtered
08-25 19:20:49.189 29920 30045 E nightwatch-target: sysmeminfo parse failed
08-25 19:20:49.189  4623  4623 E audit   : type=1300 audit(1629899449.183:260920): arch=c00000b7 syscall=56 success=no exit=-13 a0=ffffff9c a1=7d3228c36c a2=0 a3=0 items=0 ppid=4648 pid=29920 auid=4294967295 uid=10183 gid=10183 euid=10183 suid=10183 fsuid=10183 egid=10183 sgid=10183 fsgid=10183 tty=(none) ses=4294967295 comm="AppInit9" exe="/system/bin/app_process64" subj=u:r:untrusted_app:s0:c183,c256,c512,c768 key=(null)
08-25 19:20:49.189  4623  4623 E audit   : type=1327 audit(1629899449.183:260920): proctitle="com.facebook.katana"
08-25 19:20:49.254  5076  5091 D PackageManager: setEnabledSetting : userId = 0 packageName = com.facebook.katana cmp = com.facebook.fbpay.w3c.ipc.IsReadyToPayServiceImpl newState = 2 callingPackage = 10183/com.facebook.katana
08-25 19:20:49.255  5076  5091 D PackageManager: setEnabledSetting : userId = 0 packageName = com.facebook.katana cmp = com.facebook.fbpay.w3c.ipc.FBPaymentServiceImpl newState = 2 callingPackage = 10183/com.facebook.katana
08-25 19:20:49.257  5076  5091 D PackageManager: setEnabledSetting : userId = 0 packageName = com.facebook.katana cmp = com.facebook.fbpay.w3c.views.PaymentActivity newState = 2 callingPackage = 10183/com.facebook.katana
08-25 19:20:49.257  4337  4337 I io_stats: !@   8,0 r 1475250 46550792 w 465298 10925116 d 397817 100294660 f 270306 328407 iot 781284 658765 th 102400 0 0 pt 0 inp 0 0 33658.317
08-25 19:20:49.311 29920 30041 D skia    : --- Failed to create image decoder with message 'unimplemented'
08-25 19:20:49.318 29920 30041 D skia    : --- Failed to create image decoder with message 'unimplemented'
08-25 19:20:49.320 29920 30041 D skia    : --- Failed to create image decoder with message 'unimplemented'
08-25 19:20:49.322 29920 30041 D skia    : --- Failed to create image decoder with message 'unimplemented'
08-25 19:20:49.329 29920 30041 D skia    : --- Failed to create image decoder with message 'unimplemented'
08-25 19:20:49.335 29920 30041 D skia    : --- Failed to create image decoder with message 'unimplemented'
08-25 19:20:49.336 29920 30041 D skia    : --- Failed to create image decoder with message 'unimplemented'
08-25 19:20:49.338 29920 30041 D skia    : --- Failed to create image decoder with message 'unimplemented'
08-25 19:20:49.339 29920 30043 D skia    : --- Failed to create image decoder with message 'unimplemented'
08-25 19:20:49.341 29920 30041 D skia    : --- Failed to create image decoder with message 'unimplemented'
08-25 19:20:49.347 29920 30041 D skia    : --- Failed to create image decoder with message 'unimplemented'
08-25 19:20:49.348 29920 30043 D skia    : --- Failed to create image decoder with message 'unimplemented'
08-25 19:20:49.350 29920 30041 D skia    : --- Failed to create image decoder with message 'unimplemented'
08-25 19:20:49.352 29920 30043 D skia    : --- Failed to create image decoder with message 'unimplemented'
08-25 19:20:49.355 29920 30022 D skia    : --- Failed to create image decoder with message 'unimplemented'
08-25 19:20:49.357 29920 30043 D skia    : --- Failed to create image decoder with message 'unimplemented'
08-25 19:20:49.359 29920 30043 D skia    : --- Failed to create image decoder with message 'unimplemented'
08-25 19:20:49.360 29920 30043 D skia    : --- Failed to create image decoder with message 'unimplemented'
08-25 19:20:49.365 29920 30043 D skia    : --- Failed to create image decoder with message 'unimplemented'
08-25 19:20:49.367 29920 30043 D skia    : --- Failed to create image decoder with message 'unimplemented'
08-25 19:20:49.368 29920 30022 D skia    : --- Failed to create image decoder with message 'unimplemented'
08-25 19:20:49.369 29920 30043 D skia    : --- Failed to create image decoder with message 'unimplemented'
08-25 19:20:49.373 29920 30043 D skia    : --- Failed to create image decoder with message 'unimplemented'
08-25 19:20:49.376 29920 30041 D skia    : --- Failed to create image decoder with message 'unimplemented'
08-25 19:20:49.377 29920 30022 D skia    : --- Failed to create image decoder with message 'unimplemented'
08-25 19:20:49.379 29920 30041 D skia    : --- Failed to create image decoder with message 'unimplemented'
08-25 19:20:49.379 29920 30043 D skia    : --- Failed to create image decoder with message 'unimplemented'
08-25 19:20:49.380 29920 30041 D skia    : --- Failed to create image decoder with message 'unimplemented'
08-25 19:20:49.381 29920 30041 D skia    : --- Failed to create image decoder with message 'unimplemented'
08-25 19:20:49.382 29920 30041 D skia    : --- Failed to create image decoder with message 'unimplemented'
08-25 19:20:49.384 29920 30041 D skia    : --- Failed to create image decoder with message 'unimplemented'
08-25 19:20:49.385 29920 30041 D skia    : --- Failed to create image decoder with message 'unimplemented'
08-25 19:20:49.386 29920 30041 D skia    : --- Failed to create image decoder with message 'unimplemented'
08-25 19:20:49.387 29920 30041 D skia    : --- Failed to create image decoder with message 'unimplemented'
08-25 19:20:49.388 29920 30041 D skia    : --- Failed to create image decoder with message 'unimplemented'
08-25 19:20:49.389 29920 30041 D skia    : --- Failed to create image decoder with message 'unimplemented'
08-25 19:20:49.392 29920 30040 D skia    : --- Failed to create image decoder with message 'unimplemented'
08-25 19:20:49.395 29920 30022 D skia    : --- Failed to create image decoder with message 'unimplemented'
08-25 19:20:49.398 29920 30114 D skia    : --- Failed to create image decoder with message 'unimplemented'
08-25 19:20:49.400 29920 30114 D skia    : --- Failed to create image decoder with message 'unimplemented'
08-25 19:20:49.401 29920 30114 D skia    : --- Failed to create image decoder with message 'unimplemented'
08-25 19:20:49.403 29920 30114 D skia    : --- Failed to create image decoder with message 'unimplemented'
08-25 19:20:49.405 29920 30114 D skia    : --- Failed to create image decoder with message 'unimplemented'
08-25 19:20:49.408 29920 30043 D skia    : --- Failed to create image decoder with message 'unimplemented'
08-25 19:20:49.408 29920 30114 D skia    : --- Failed to create image decoder with message 'unimplemented'
08-25 19:20:49.409 29920 30114 D skia    : --- Failed to create image decoder with message 'unimplemented'
08-25 19:20:49.409 29920 30040 D skia    : --- Failed to create image decoder with message 'unimplemented'
08-25 19:20:49.411 29920 30022 D skia    : --- Failed to create image decoder with message 'unimplemented'
08-25 19:20:49.412 29920 30040 D skia    : --- Failed to create image decoder with message 'unimplemented'
08-25 19:20:49.412 29920 30114 D skia    : --- Failed to create image decoder with message 'unimplemented'
08-25 19:20:49.414 29920 30114 D skia    : --- Failed to create image decoder with message 'unimplemented'
08-25 19:20:49.415 29920 30043 D skia    : --- Failed to create image decoder with message 'unimplemented'
08-25 19:20:49.416 29920 30114 D skia    : --- Failed to create image decoder with message 'unimplemented'
