08-25 19:20:58.152  5398  5616 D TileLifecycleManager: onStartListening
08-25 19:20:58.152  5871  5871 I TouchInteractionService: onSystemUiFlagsChanged, userUnlocked
08-25 19:20:58.152  5398  5616 I HotspotController: addCallback com.android.systemui.qs.tiles.HotspotTile$HotspotAndDataSaverCallbacks@d3e5e3b
08-25 19:20:58.152  5398  5616 D Tile.HotspotTile:  onDataSaverChanged : false
08-25 19:20:58.153  5398  5398 D DeviceState: getDisplayHeight portrait? true  displayHeight= 2340
08-25 19:20:58.153  5398  5616 D Tile.HotspotTile:  onDataSaverChanged : false
08-25 19:20:58.153  5398  5398 D SystemUIAnalytics: sendScreenViewLog
08-25 19:20:58.156  5076  7314 V WindowManager: Relayout Window{3616715 u0 NotificationShade}: viewVisibility=0 req=1080x2340
08-25 19:20:58.156  5398  5616 D TileLifecycleManager: Binding service Intent { cmp=com.sec.android.app.camera/.service.QrTileService (has extras) } UserHandle{0}
08-25 19:20:58.158  5076  5116 D SurfaceControl: hide : mNativeObject = 539311349856 - sc.mNativeObject = 536716820320 - Surface(name=Input Consumer recents_animation_input_consumer)/@0x5c5ad70
08-25 19:20:58.158  5076  5116 D SurfaceControl: nativeSetFlags Done : Surface(name=Input Consumer recents_animation_input_consumer)/@0x5c5ad70
08-25 19:20:58.159  5076  7314 V WindowManager: Relayout hash=3616715, pid=5398: mAttrs={(0,0)(fillxfill) gr=TOP CENTER_VERTICAL sim={adjust=resize} layoutInDisplayCutoutMode=always ty=2040 fmt=TRANSLUCENT
08-25 19:20:58.159  5076  7314 V WindowManager:   fl=81860040
08-25 19:20:58.159  5076  7314 V WindowManager:   pfl=1a000000
08-25 19:20:58.159  5076  7314 V WindowManager:   vsysui=2000
08-25 19:20:58.159  5076  7314 V WindowManager:   apr=LIGHT_STATUS_BARS
08-25 19:20:58.159  5076  7314 V WindowManager:   bhv=SHOW_TRANSIENT_BARS_BY_SWIPE naviIconColor=0
08-25 19:20:58.159  5076  7314 V WindowManager:   sfl=40000}
08-25 19:20:58.159  5076  7314 I SurfaceControl: release : mNativeObject = 537701149472 - Surface(name=NotificationShade$_5398)/@0x5f20f29 / android.view.SurfaceControl.writeToParcel:1136 android.view.IWindowSession$Stub.onTransact:925 com.android.server.wm.Session.onTransact:145 android.os.Binder.execTransactInternal:1195
08-25 19:20:58.159  5076  7314 I SurfaceControl: nativeRelease nativeObject s[537701149472]
08-25 19:20:58.159  5076  7314 I SurfaceControl: nativeRelease nativeObject e[537701149472]
08-25 19:20:58.159  5076  5091 D StorageManagerService: getExternalStorageMountMode: uid=10098 packageName=com.sec.android.app.camera
08-25 19:20:58.160  5076  5091 D CompatibilityChangeReporter: Compat change id reported: 135634846; UID 10098; state: DISABLED
08-25 19:20:58.160  5398  5616 D TileLifecycleManager: onStartListening
08-25 19:20:58.160  5398  5398 I SurfaceControl: release : mNativeObject = 537299679744 - Surface(name=NotificationShade$_5398)/@0x8a249a8 / android.view.SurfaceControl.assignNativeObject:567 android.view.SurfaceControl.readFromParcel:1115 android.view.IWindowSession$Stub$Proxy.relayout:1810 android.view.ViewRootImpl.relayoutWindow:9005
08-25 19:20:58.160  5398  5398 I SurfaceControl: nativeRelease nativeObject s[537299679744]
08-25 19:20:58.160  5398  5398 I SurfaceControl: nativeRelease nativeObject e[537299679744]
08-25 19:20:58.161  5398  5398 I SurfaceControl: assignNativeObject: nativeObject = 0 Surface(name=null)/@0xac6df80 / android.view.SurfaceControl.readFromParcel:1115 android.view.IWindowSession$Stub$Proxy.relayout:1820 android.view.ViewRootImpl.relayoutWindow:9005 android.view.ViewRootImpl.performTraversals:3360 android.view.ViewRootImpl.doTraversal:2618 android.view.ViewRootImpl$TraversalRunnable.run:9965 android.view.Choreographer$CallbackRecord.run:1010 android.view.Choreographer.doCallbacks:809 android.view.Choreographer.doFrame:744 android.view.Choreographer$FrameDisplayEventReceiver.run:995
08-25 19:20:58.161  5398  5398 I SurfaceControl: release : mNativeObject = 539414964960 - Surface(name=Surface(name=2f448e9 NavigationBar0)/@0xba91ff3 - animation-leash)/@0x6fd5fd7 / android.view.-$$Lambda$Rl1VZmNJ0VZDLK0BAbaVGis0rrA.accept:2 android.view.InsetsSourceControl.release:170 android.view.InsetsSourceConsumer.setControl:202 android.view.InsetsController.onControlsChanged:833
08-25 19:20:58.162  5398  5398 I SurfaceControl: nativeRelease nativeObject s[539414964960]
08-25 19:20:58.162  5398  5398 I SurfaceControl: nativeRelease nativeObject e[539414964960]
08-25 19:20:58.162  5398  5398 I SurfaceControl: release : mNativeObject = 539414969280 - Surface(name=Surface(name=af082f7 StatusBar)/@0xfe27844 - animation-leash)/@0x45f80c4 / android.view.-$$Lambda$Rl1VZmNJ0VZDLK0BAbaVGis0rrA.accept:2 android.view.InsetsSourceControl.release:170 android.view.InsetsSourceConsumer.setControl:202 android.view.InsetsController.onControlsChanged:833
08-25 19:20:58.162  5398  5398 I SurfaceControl: nativeRelease nativeObject s[539414969280]
08-25 19:20:58.162  5398  5398 I SurfaceControl: nativeRelease nativeObject e[539414969280]
08-25 19:20:58.162  5398  5398 I ViewRootImpl@bc775cf[NotificationShade]: Relayout returned: old=(0,0,1080,2340) new=(0,0,1080,2340) req=(1080,2340)0 dur=6 res=0x1 s={true 537299533824} ch=false fn=29
08-25 19:20:58.162  5398  5398 D DeviceState: getDisplayHeight portrait? true  displayHeight= 2340
08-25 19:20:58.164  4648  4648 D Zygote  : Forked child process 30334
08-25 19:20:58.168  5076  5125 I ActivityManager: Start proc 30334:com.samsung.android.lool:TileService.Process/1000 for service {com.samsung.android.lool/com.samsung.android.sm.battery.ui.mode.BatteryModeTile}
08-25 19:20:58.173  5398 11470 D SamsungAnalytics605033: SendLog Result = 0
08-25 19:20:58.174  5398  5616 D TileLifecycleManager: Binding service Intent { cmp=com.google.android.gms/.nearby.sharing.SharingTileService (has extras) } UserHandle{0}
08-25 19:20:58.181  5398  5616 D TileLifecycleManager: onStartListening
08-25 19:20:58.182  5398  5398 D QSMumButton: MumAndDexHelper.needToBeVisible() result:false, hasMultiUsers?false, DeviceState.isDesktopMode?false, DesktopManager.isDesktopMode?false, IsDexEnablingOrEnabled:false, mExpanded:true, isUserSwitcherSettingOn:false
08-25 19:20:58.183 30334 30334 E Service.Proces: Not starting debugger since process cannot load the jdwp agent.
08-25 19:20:58.184  4648  4648 D Zygote  : Forked child process 30345
08-25 19:20:58.187 19775 19775 I NearbySharing: SharingTileService created. [CONTEXT service_id=194 ]
08-25 19:20:58.187  5076  5125 I ActivityManager: Start proc 30345:com.samsung.android.app.telephonyui/1001 for service {com.samsung.android.app.telephonyui/com.samsung.android.app.telephonyui.netsettings.ui.simcardmanager.service.SimCardManagerProcessService}
08-25 19:20:58.189  5076  5125 D CompatibilityChangeReporter: Compat change id reported: 143937733; UID 10178; state: ENABLED
08-25 19:20:58.189 19775 19775 D TileService: onBind : mService = android.service.quicksettings.IQSService$Stub$Proxy@2197f30, mTileToken = android.os.BinderProxy@8bbf7a9
08-25 19:20:58.189  4751  4751 I SurfaceFlinger: SFWD update time=33667250431765
08-25 19:20:58.192  5398  5616 D TileLifecycleManager: Binding service Intent { cmp=com.samsung.android.app.sharelive/.presentation.quickpanel.DeviceVisibilityTileService (has extras) } UserHandle{0}
08-25 19:20:58.193 19775 19775 D TileService: onBind : mTile = android.service.quicksettings.Tile@334212e
08-25 19:20:58.194  5076  5514 D StorageManagerService: getExternalStorageMountMode: uid=5026 packageName=com.samsung.android.app.sharelive
08-25 19:20:58.194  5076  5514 D CompatibilityChangeReporter: Compat change id reported: 135634846; UID 5026; state: DISABLED
08-25 19:20:58.195  5398  5616 D TileLifecycleManager: onStartListening
08-25 19:20:58.195  5398  5398 D Tile.HotspotTile:  onHotspotChanged : false devices =0
08-25 19:20:58.196  5076  5091 I SemWifiApTetheredClientInfo: getWifiApStaListDetail
08-25 19:20:58.196  5398  5398 D Tile.HotspotTile: updateItems
08-25 19:20:58.196  5398  5398 D hot     :  hot updateConnectedDeviceList mConnectedDevices = []
08-25 19:20:58.196  5398  5418 D TileServices: onStartSuccessful android.os.Binder@bff15a3
08-25 19:20:58.198 29850 30071 D OlmAppSessionManager: AppFirstActivityPostResumed event handlers
08-25 19:20:58.201 29850 30071 D OlmAppSessionManager: AppFirstActivityPostResumed com.acompli.accore.ACAppSessionEventHandler isInForeground false
08-25 19:20:58.202 29850 30071 D OlmAppSessionManager: AppFirstActivityPostResumed com.microsoft.office.outlook.hx.managers.HxAppSessionEventHandler isInForeground false
08-25 19:20:58.205  5398  5398 D TileLifecycleManager: onServiceConnected ComponentInfo{com.google.android.gms/com.google.android.gms.nearby.sharing.SharingTileService}
08-25 19:20:58.205  5398  5398 D TileLifecycleManager: Handling pending onStartListening
08-25 19:20:58.205  5398  5398 D TileLifecycleManager: onStartListening
08-25 19:20:58.206  5398  5616 D TileLifecycleManager: Binding service Intent { cmp=com.samsung.android.app.aodservice/.settings.AODTileService (has extras) } UserHandle{0}
08-25 19:20:58.207 30345 30345 E app.telephonyu: Not starting debugger since process cannot load the jdwp agent.
08-25 19:20:58.209  5076  5514 D StorageManagerService: getExternalStorageMountMode: uid=10052 packageName=com.samsung.android.app.aodservice
08-25 19:20:58.210  5076  5514 D CompatibilityChangeReporter: Compat change id reported: 135634846; UID 10052; state: DISABLED
08-25 19:20:58.210  5398  5616 D TileLifecycleManager: onStartListening
08-25 19:20:58.211 30334 30334 D ActivityThread: setConscryptValidator
08-25 19:20:58.211 30334 30334 D ActivityThread: setConscryptValidator - put
08-25 19:20:58.213 29850 30071 D HxSettingsWatchdog: Starting
08-25 19:20:58.214  5076  5091 I ActivityManager: DSS OFF for com.samsung.android.lool
08-25 19:20:58.214 29850 30071 D HxAppSessionEventHandler: mBootComplete true mAppFirstActivityPostResumed true
08-25 19:20:58.215  5398  5418 D TileServices: updateQsTile android.os.Binder@bff15a3
08-25 19:20:58.215  5398  5616 D TileLifecycleManager: Binding service Intent { cmp=com.samsung.android.smartmirroring/.tile.SmartMirroringTile (has extras) } UserHandle{0}
08-25 19:20:58.217  4648  4648 D Zygote  : Forked child process 30369
08-25 19:20:58.217  5398  5418 D TileServices: recalculateBindAllowance
08-25 19:20:58.217  5398  5418 D Tile.CustomTile: updateState : Label = Nearby Share, State = 1, Icon = Icon(typ=BITMAP size=63x63)
08-25 19:20:58.218  5076  5091 D ActivityManager: attachApplicationLocked() app=ProcessRecord{5b78475 30334:com.samsung.android.lool:TileService.Process/1000} app.isolatedEntryPoint=null instr2=null
08-25 19:20:58.218  5076  5125 W ActivityManager: Slow operation: 68ms so far, now at startProcess: returned from zygote!
08-25 19:20:58.221 29850 29975 D HxSettingsWatchdog: Done scheduling tasks
08-25 19:20:58.222  5076  7314 D StorageManagerService: getExternalStorageMountMode: uid=10180 packageName=com.samsung.android.smartmirroring
08-25 19:20:58.223  5076  7314 D CompatibilityChangeReporter: Compat change id reported: 135634846; UID 10180; state: DISABLED
08-25 19:20:58.223  5076  5125 W ActivityManager: Slow operation: 73ms so far, now at startProcess: done updating battery stats
08-25 19:20:58.224  5076  5125 W ActivityManager: Slow operation: 73ms so far, now at startProcess: building log message
08-25 19:20:58.224  5076  5125 I ActivityManager: Start proc 30369:com.sec.unifiedwfc/u0a178 for service {com.sec.unifiedwfc/com.sec.unifiedwfc.ux.quicksettings.WFCQSTileService}
08-25 19:20:58.224  5076  5125 W ActivityManager: Slow operation: 73ms so far, now at startProcess: starting to update pids map
08-25 19:20:58.224  5398  5616 D TileLifecycleManager: onStartListening
08-25 19:20:58.224  5076  5125 W ActivityManager: Slow operation: 74ms so far, now at startProcess: done updating pids map
08-25 19:20:58.224  5076  5125 W ActivityManager: Slow operation: 66ms so far, now at startProcess: asking zygote to start proc
08-25 19:20:58.224  5076  5125 D CompatibilityChangeReporter: Compat change id reported: 143937733; UID 10098; state: ENABLED
08-25 19:20:58.225 30345 30345 D ActivityThread: setConscryptValidator
08-25 19:20:58.225 30345 30345 D ActivityThread: setConscryptValidator - put
08-25 19:20:58.225 30334 30334 D ActivityThread: handleBindApplication()++ app=com.samsung.android.lool:TileService.Process
08-25 19:20:58.229  5076  5514 I ActivityManager: DSS OFF for com.samsung.android.app.telephonyui
08-25 19:20:58.231  5076  5230 D InputReader: Btn_touch(6): value=0 when=33667.292365
08-25 19:20:58.231  5076  5230 I InputReader: Touch event's action is 0x1 (id=2, t=0) [pCnt=1, s=] when=33667.292365
08-25 19:20:58.232  5076  5229 I InputDispatcher: Delivering touch to (5398): action: 0x1, f=0x0, d=0, '3616715', t=1
08-25 19:20:58.233  5076  5514 D ActivityManager: attachApplicationLocked() app=ProcessRecord{fd3c0a 30345:com.samsung.android.app.telephonyui/1001} app.isolatedEntryPoint=null instr2=null
08-25 19:20:58.233  5076  5076 D SemGameManager: getGMSBinder(), begin
08-25 19:20:58.233  5398  5398 I ViewRootImpl@bc775cf[NotificationShade]: ViewPostIme pointer 1
08-25 19:20:58.233  5398  5398 D StatusBarOneClickJumpCallScreenManager_NotificationPanelView: (ACTION_UP) no jump to callscreen no ColorfulIndicator
08-25 19:20:58.234  5398  5398 D DeviceState: getDisplayHeight portrait? true  displayHeight= 2340
08-25 19:20:58.234  5076  5076 D SemGameManager: getGMSBinder(), successful: true
08-25 19:20:58.234  5076  5076 D GameManagerService: identifyGamePackage. com.google.android.gm, mCurrentUserId: 0, callerUserId: 0
08-25 19:20:58.234  5076  5076 D PkgDataHelper: getGamePkgData(). com.google.android.gm
08-25 19:20:58.234  5076  5076 I SemDvfsHyPerManager: acquire hyper - GESTURE_DETECTED/5076@29, type = -999
08-25 19:20:58.234  5076  5076 D SemGameManager: getGMSBinder(), begin
08-25 19:20:58.235 29850 29975 D HxSettingsWatchdog: Synchronized push notification setting for account 00000000-0000-0000-e415-030000000000.
08-25 19:20:58.236  5076  5076 D SemGameManager: getGMSBinder(), successful: true
08-25 19:20:58.236  4677  4702 I HYPER-HAL: [RequestManager.cpp]acquire(): Acquired ID : 13033094  [5076 / 29]    HINT : GESTURE_DETECTED    list : [TIMEOUT / 1225]
08-25 19:20:58.236  5076  5076 D GameManagerService: identifyGamePackage. com.google.android.gm, mCurrentUserId: 0, callerUserId: 0
08-25 19:20:58.236  5076  5076 D PkgDataHelper: getGamePkgData(). com.google.android.gm
08-25 19:20:58.236  4677  4702 I HYPER-HAL: [ResourceManager.cpp]updateResource(): [CPUMinFreq] UpdateResource Request ID : 13033094    Value : 936000
08-25 19:20:58.236  5076  5076 I SemDvfsHyPerManager: acquire hyper - GESTURE_DETECTED/5076@29, type = -999
08-25 19:20:58.237  5398  5616 D TileLifecycleManager: Binding service Intent { cmp=com.android.settings/com.samsung.android.settings.qstile.SecAccountTiles (has extras) } UserHandle{0}
08-25 19:20:58.239  4677  4702 I HYPER-HAL: [RequestManager.cpp]acquire(): Acquired ID : 13033094  [5076 / 29]    HINT : GESTURE_DETECTED    list : [TIMEOUT / 1225]
08-25 19:20:58.239  4677  4702 I HYPER-HAL: [ResourceManager.cpp]updateResource(): [CPUMinFreq] UpdateResource Request ID : 13033094    Value : 936000
08-25 19:20:58.242 29850 30071 D HxAccountsCollectionChangedEventHandler: addInboxIncomingMailEventHandler for hxAccount [73 00000000-0000-0000-e415-030000000000] HxAccountTrackedData null
08-25 19:20:58.242 30334 30334 I Service.Proces: The ClassLoaderContext is a special shared library.
08-25 19:20:58.242  5076  5091 D StorageManagerService: getExternalStorageMountMode: uid=1000 packageName=com.android.settings
08-25 19:20:58.244  5076  5091 D CompatibilityChangeReporter: Compat change id reported: 135634846; UID 1000; state: DISABLED
08-25 19:20:58.244 30345 30345 D ActivityThread: handleBindApplication()++ app=com.samsung.android.app.telephonyui
08-25 19:20:58.244  5398  5616 D TileLifecycleManager: onStartListening
08-25 19:20:58.248 30334 30334 I Service.Proces: The ClassLoaderContext is a special shared library.
08-25 19:20:58.254 30334 30334 I Service.Proces: The ClassLoaderContext is a special shared library.
08-25 19:20:58.256  4648  4648 D Zygote  : Forked child process 30384
08-25 19:20:58.258 30369 30369 E .sec.unifiedwf: Not starting debugger since process cannot load the jdwp agent.
08-25 19:20:58.258  5076  5125 W ActivityManager: Slow operation: 100ms so far, now at startProcess: returned from zygote!
08-25 19:20:58.259 29850 30071 D HxIncomingMailEvents: adding listener HxAccount 73 00000000-0000-0000-e415-030000000000 HxFolder 77 00000000-0000-0000-bb16-030000000000 HxCollection 4 00000000-0000-0000-fd17-030000000000
08-25 19:20:58.259  5076  5125 W ActivityManager: Slow operation: 101ms so far, now at startProcess: done updating battery stats
08-25 19:20:58.259  6169  7950 I NearbySharing: A new client has bound to the NearbySharingService ClientBridge for calling package com.google.android.gms [CONTEXT service_id=194 ]
08-25 19:20:58.259  5076  5125 W ActivityManager: Slow operation: 101ms so far, now at startProcess: building log message
08-25 19:20:58.259  5076  5125 I ActivityManager: Start proc 30384:com.sec.android.app.camera:QrTileService/u0a98 for service {com.sec.android.app.camera/com.sec.android.app.camera.service.QrTileService}
08-25 19:20:58.259  5076  5125 W ActivityManager: Slow operation: 101ms so far, now at startProcess: starting to update pids map
08-25 19:20:58.259  5076  5125 W ActivityManager: Slow operation: 101ms so far, now at startProcess: done updating pids map
08-25 19:20:58.260  5076  5125 W ActivityManager: Slow operation: 66ms so far, now at startProcess: asking zygote to start proc
08-25 19:20:58.261 29850 30071 D HxIncomingMailEvents: adding listener HxAccount 73 00000000-0000-0000-e415-030000000000 HxFolder 77 00000000-0000-0000-bb16-030000000000 HxCollection 4 00000000-0000-0000-0c18-030000000000
08-25 19:20:58.265  5398  5616 D TileLifecycleManager: Binding service Intent { cmp=com.samsung.android.uds/.ui.uds.UDSTile (has extras) } UserHandle{0}
08-25 19:20:58.267  5398  5418 D TileServices: updateQsTile android.os.Binder@bff15a3
08-25 19:20:58.268  5398  5418 D TileServices: recalculateBindAllowance
08-25 19:20:58.268  5398  5418 D Tile.CustomTile: updateState : Label = Nearby Share, State = 1, Icon = Icon(typ=BITMAP size=63x63)
08-25 19:20:58.271  5076  5514 D StorageManagerService: getExternalStorageMountMode: uid=1000 packageName=com.samsung.android.uds
08-25 19:20:58.273 30369 30369 D ActivityThread: setConscryptValidator
08-25 19:20:58.273  5398  5616 D TileLifecycleManager: onStartListening
08-25 19:20:58.273 30369 30369 D ActivityThread: setConscryptValidator - put
08-25 19:20:58.274  5398  5418 D TileServices: updateQsTile android.os.Binder@bff15a3
08-25 19:20:58.274 29850 30071 D OlmAppSessionManager: AppFirstActivityPostResumed com.microsoft.office.outlook.olmcore.managers.OlmCalendarManager.SyncViewedCalendarsToServer isInForeground false
08-25 19:20:58.275  5398  5418 D TileServices: recalculateBindAllowance
08-25 19:20:58.275  5398  5418 D Tile.CustomTile: updateState : Label = Nearby Share, State = 1, Icon = Icon(typ=BITMAP size=63x63)
08-25 19:20:58.275 29850 29850 D HxAccountsCollectionChangedEventHandler: addInboxIncomingMailEventHandler for hxAccount [73 00000000-0000-0000-e415-030000000000] HxAccountTrackedData null
08-25 19:20:58.277 29850 30071 D OlmAppSessionManager: AppFirstActivityPostResumed com.microsoft.office.outlook.boothandlers.BootTokenRefresher isInForeground false
08-25 19:20:58.277 30345 30345 I app.telephonyu: The ClassLoaderContext is a special shared library.
08-25 19:20:58.278  5076  5091 I ActivityManager: DSS OFF for com.sec.unifiedwfc
08-25 19:20:58.278  5398  5616 D TileLifecycleManager: Binding service Intent { cmp=com.sec.android.app.soundalive/.DolbyTile (has extras) } UserHandle{0}
08-25 19:20:58.279 29850 30071 D OlmAppSessionManager: AppFirstActivityPostResumed com.microsoft.office.outlook.boothandlers.BootBackgroundJobsAppSessionFirstActivityPostResumedEventHandler isInForeground false
08-25 19:20:58.280  5076  5091 D ActivityManager: attachApplicationLocked() app=ProcessRecord{e6de844 30369:com.sec.unifiedwfc/u0a178} app.isolatedEntryPoint=null instr2=null
08-25 19:20:58.284 29850 30071 D BootBackgroundJobsAppSessionFirstActivityPostResumedEventHandler: onAppFirstActivityPostResumed mACAccountManager.hasAccounts true
08-25 19:20:58.285 29850 30071 D BootBackgroundJobsAppSessionFirstActivityPostResumedEventHandler: scheduleStartupJobs
08-25 19:20:58.289  4648  4648 D Zygote  : Forked child process 30398
08-25 19:20:58.293  5076  5125 W ActivityManager: Slow operation: 100ms so far, now at startProcess: returned from zygote!
08-25 19:20:58.293  5076  5514 D StorageManagerService: getExternalStorageMountMode: uid=10117 packageName=com.sec.android.app.soundalive
08-25 19:20:58.294  5076  5514 D CompatibilityChangeReporter: Compat change id reported: 135634846; UID 10117; state: DISABLED
08-25 19:20:58.294  5398  5616 D TileLifecycleManager: onStartListening
08-25 19:20:58.294  5076  5125 W ActivityManager: Slow operation: 101ms so far, now at startProcess: done updating battery stats
08-25 19:20:58.295  5076  5125 W ActivityManager: Slow operation: 101ms so far, now at startProcess: building log message
08-25 19:20:58.295  5076  5125 I ActivityManager: Start proc 30398:com.samsung.android.app.sharelive/5026 for service {com.samsung.android.app.sharelive/com.samsung.android.app.sharelive.presentation.quickpanel.DeviceVisibilityTileService}
08-25 19:20:58.295  5076  5125 W ActivityManager: Slow operation: 101ms so far, now at startProcess: starting to update pids map
08-25 19:20:58.295  5076  5125 W ActivityManager: Slow operation: 102ms so far, now at startProcess: done updating pids map
08-25 19:20:58.296  5076  5125 W ActivityManager: Slow operation: 87ms so far, now at startProcess: asking zygote to start proc
08-25 19:20:58.296  5076  5125 D CompatibilityChangeReporter: Compat change id reported: 143937733; UID 10052; state: ENABLED
08-25 19:20:58.299 30384 30384 E a:QrTileServic: Not starting debugger since process cannot load the jdwp agent.
08-25 19:20:58.301 30369 30369 D ActivityThread: handleBindApplication()++ app=com.sec.unifiedwfc
08-25 19:20:58.306  5398  5616 D TileLifecycleManager: Binding service Intent { cmp=com.android.settings/com.samsung.android.settings.qstile.NightThemeTiles (has extras) } UserHandle{0}
08-25 19:20:58.309 29850 30071 I OutlookCoreJobCreator: Schedule boot jobs
08-25 19:20:58.311 29850 30071 D outlook.Outlook: isGooglePlayServicesAvailable: true. Code: 0
08-25 19:20:58.311  5398  5616 D TileLifecycleManager: onStartListening
08-25 19:20:58.311 29850 30071 I OutlookCoreJobCreator: Is FCM token valid: true
08-25 19:20:58.314  5398  5616 D TileLifecycleManager: Binding service Intent { cmp=com.samsung.android.forest/.focus.FocusModeTile (has extras) } UserHandle{0}
08-25 19:20:58.321  5076  5091 D StorageManagerService: getExternalStorageMountMode: uid=1000 packageName=com.samsung.android.forest
08-25 19:20:58.321 30398 30398 E d.app.shareliv: Not starting debugger since process cannot load the jdwp agent.
08-25 19:20:58.322 30345 30345 I CapsuleProvider_1.0.16: onCreate
08-25 19:20:58.325  5398  5616 D TileLifecycleManager: onStartListening
08-25 19:20:58.325  5398  5616 D Tile.WifiTile: handleUpdateState isTransient=false transientEnabling =false cb.isTransient=false state.state = 2 mStateBeforeClick.value =false enabled =true
08-25 19:20:58.326 30384 30384 D ActivityThread: setConscryptValidator
08-25 19:20:58.327 30384 30384 D ActivityThread: setConscryptValidator - put
08-25 19:20:58.327 30345 30345 I SettingSearchProvider: onCreate
08-25 19:20:58.329  5398  5616 D Tile.BluetoothTile:  handleUpdateState enabled = false connected = false connecting = false changedState =false bluetoothState = 10 enabledChanging = false state = BooleanState[,icon=ResourceIcon[resId=0x7f080778],iconSupplier=null,label=Bluetooth,secondaryLabel=null,contentDescription=Bluetooth,Off.,stateDescription=null,dualLabelContentDescription=null,expandedAccessibilityClassName=null,disabledByPolicy=false,dualTarget=true,isTransient=false,state=1,slash="null",tileClassName=null,value=false]
08-25 19:20:58.329 30369 30369 I .sec.unifiedwf: The ClassLoaderContext is a special shared library.
08-25 19:20:58.331  5076  5514 I ActivityManager: DSS OFF for com.sec.android.app.camera
08-25 19:20:58.334 29850 30071 D BackgroundWorkSchedulerImpl: received work infos for FcmTokenUpdateJob. Job origin: Boot
08-25 19:20:58.334 29850 30071 D BackgroundWorkSchedulerImpl: [WorkInfo{mId='aa942387-3806-4184-a917-200373ba847e', mState=SUCCEEDED, mOutputData=Data {}, mTags=[FcmTokenUpdateJob, com.microsoft.office.outlook.fcm.FcmTokenUpdateJob], mProgress=Data {}}]
08-25 19:20:58.335 29850 30071 D BackgroundWorkSchedulerImpl: scheduling FcmTokenUpdateJob
08-25 19:20:58.337 29850 30071 W WM-WorkSpec: Backoff delay duration less than minimum value
08-25 19:20:58.337  5398  5616 I DataUsageController: isSimReady simSlotCount : 2 ready : true
08-25 19:20:58.340  5076  5514 D ActivityManager: attachApplicationLocked() app=ProcessRecord{b8344b0 30384:com.sec.android.app.camera:QrTileService/u0a98} app.isolatedEntryPoint=null instr2=null
08-25 19:20:58.341 29850 30071 W WM-WorkSpec: Backoff delay duration less than minimum value
08-25 19:20:58.342 30398 30398 D ActivityThread: setConscryptValidator
08-25 19:20:58.342 30398 30398 D ActivityThread: setConscryptValidator - put
08-25 19:20:58.345  4648  4648 D Zygote  : Forked child process 30434
08-25 19:20:58.348  5076  5125 W ActivityManager: Slow operation: 140ms so far, now at startProcess: returned from zygote!
08-25 19:20:58.349 29850 30071 D OlmAppSessionManager: AppFirstActivityPostResumed com.microsoft.office.outlook.boothandlers.DetectBackgroundRestrictionEventHandler isInForeground false
08-25 19:20:58.350 30384 30384 D ActivityThread: handleBindApplication()++ app=com.sec.android.app.camera:QrTileService
08-25 19:20:58.352  5076  5091 I ActivityManager: DSS OFF for com.samsung.android.app.sharelive
08-25 19:20:58.352  5076  7270 I GenerationRegistry: mBackingStore.isClosed() : false
08-25 19:20:58.356 29850 30071 W ACAccountManager: isDeviceUnderOutlookManagement: admin active? Survey says { false, false }
08-25 19:20:58.357  5076  5091 D ActivityManager: attachApplicationLocked() app=ProcessRecord{ff8140c 30398:com.samsung.android.app.sharelive/5026} app.isolatedEntryPoint=null instr2=null
08-25 19:20:58.355  5398  5616 D Tile.MobileDataTile: handleUpdateState : state false
08-25 19:20:58.360  5398  5616 D Tile.DndTile: handleUpdateState zen 0  state = BooleanState[,icon=ResourceIcon[resId=0x7f08077b],iconSupplier=null,label=Do not
08-25 19:20:58.360  5398  5616 D Tile.DndTile: disturb,secondaryLabel=null,contentDescription=null,stateDescription=null,dualLabelContentDescription=null,expandedAccessibilityClassName=null,disabledByPolicy=false,dualTarget=true,isTransient=false,state=1,slash="null",tileClassName=null,value=false]
08-25 19:20:58.360  5398  5616 W Tile.CustomTile: handleUpdateState : hasPendingBind Power saving
08-25 19:20:58.360  5398  5616 W Tile.CustomTile: mode
08-25 19:20:58.362 29850 30071 D OlmAppSessionManager: AppFirstActivityPostResumed com.microsoft.office.outlook.boothandlers.ReactNativeAppSessionFirstActivityPostResumedEventHandler isInForeground false
08-25 19:20:58.362  5398  5616 W Tile.CustomTile: handleUpdateState : hasPendingBind Wi-Fi Calling
08-25 19:20:58.364 30345 30345 I UT.DiagMonLogger: DiagMonLogger initialize()
08-25 19:20:58.365  5076  5125 W ActivityManager: Slow operation: 157ms so far, now at startProcess: done updating battery stats
08-25 19:20:58.365  5076  5125 W ActivityManager: Slow operation: 157ms so far, now at startProcess: building log message
08-25 19:20:58.365  5076  5125 I ActivityManager: Start proc 30434:com.samsung.android.app.aodservice/u0a52 for service {com.samsung.android.app.aodservice/com.samsung.android.app.aodservice.settings.AODTileService}
08-25 19:20:58.365  5076  5125 W ActivityManager: Slow operation: 157ms so far, now at startProcess: starting to update pids map
08-25 19:20:58.367  5076  5125 W ActivityManager: Slow operation: 158ms so far, now at startProcess: done updating pids map
08-25 19:20:58.367  5076  5125 W ActivityManager: Slow operation: 145ms so far, now at startProcess: asking zygote to start proc
08-25 19:20:58.367  5076  5125 D CompatibilityChangeReporter: Compat change id reported: 143937733; UID 10180; state: ENABLED
08-25 19:20:58.367 30398 30398 D ActivityThread: handleBindApplication()++ app=com.samsung.android.app.sharelive
08-25 19:20:58.370 30334 30334 I DMT-StubUpdateUtils: current : 1220006110, market : 0
08-25 19:20:58.372  5076  7270 D PackageManager: setEnabledSetting : userId = 0 packageName = com.microsoft.office.outlook cmp = androidx.work.impl.background.systemalarm.RescheduleReceiver newState = 1 callingPackage = 10315/com.microsoft.office.outlook
08-25 19:20:58.376 30334 30334 I DMT-StubUpdateUtils: current : 710400110, market : 0
08-25 19:20:58.376  5398  5616 W Tile.CustomTile: handleUpdateState : hasPendingBind Scan QR code
08-25 19:20:58.378 29850 30071 I AvatarManager: AvatarManager - Constructor Begin
08-25 19:20:58.379 29850 30071 I AvatarManager: AvatarManager - Constructor End
08-25 19:20:58.381 30384 30384 I a:QrTileServic: The ClassLoaderContext is a special shared library.
08-25 19:20:58.386  5398  5398 D DeviceState: getDisplayHeight portrait? true  displayHeight= 2340
08-25 19:20:58.394 30434 30434 E .app.aodservic: Not starting debugger since process cannot load the jdwp agent.
08-25 19:20:58.394  5076  5091 I GenerationRegistry: mBackingStore.isClosed() : false
08-25 19:20:58.397  4648  4648 D Zygote  : Forked child process 30463
08-25 19:20:58.399  5398  5616 D AirplaneMode_TEMP: IsPowerOffServiceStatemServiceState -- {mVoiceRegState=0(IN_SERVICE), mDataRegState=0(IN_SERVICE), mChannelNumber=2453, duplexMode()=1, mCellBandwidths=[], isManualNetworkSelection=false(automatic), getRilVoiceRadioTechnology=14(LTE), getRilDataRadioTechnology=14(LTE), mCssIndicator=unsupported, mCdmaRoamingIndicator=-1, mCdmaDefaultRoamingIndicator=-1, VoiceRegType=0, ImsVoiceAvail=2, Snap=0, MobileVoice=IN_SERVICE, MobileData=IN_SERVICE, MobileDataRoamingType=home, MobileDataRat=LTE, PsOnly=false, FemtocellInd=0, SprDisplayRoam=false, NrBearerStatus=0, 5gStatus=0, mIsEmergencyOnly=false, isUsingCarrierAggregation=false, mLteEarfcnRsrpBoost=0, mNetworkRegistrationInfos=[NetworkRegistrationInfo{ domain=CS transportType=WWAN registrationState=HOME roamingType=NOT_ROAMING accessNetworkTechnology=LTE rejectCause=0 emergencyEnabled=false availableServices=[VOICE,SMS,VIDEO] cellIdentity=CellIdentityLte:{ mCi=1277234 mPci=278 mTac=189 mEarfcn=2453 mBands=[] mBandwidth=2147483647 mMcc=405 mMnc=854 mAlphaLong=JIO 4G mAlphaShort=JIO 4G mAdditionalPlmns={} mCsgInfo=null} voiceSpecificInfo=VoiceSpecificRegistrationInfo { mCssSupported=false mRoamingIndicator=0 mSystemIsInPrl=0 mDefaultRoamingIndicator=0} dataSpecificInfo=null nrState=NONE rRplmn=405854}, NetworkRegistrationInfo{ domain=PS transportType=WWAN registrationState=HOME roamingType=NOT_ROAMING accessNetworkTechnology=LTE rejectCause=0 emergencyEnabled=false availableServices=[DATA] cellIdentity=CellIdentityLte:{ mCi=1277234 mPci=278 mTac=189 mEarfcn=2453 mBands=[] mBandwidth=2147483647 mMcc=405 mMnc=854 mAlphaLong=JIO 4G mAlphaShort=JIO 4G mAdditionalPlmns={} mCsgInfo=null} voiceSpecificInfo=null dataSpecificInfo=android.telephony.DataSpecificRegistrationInfo :{ maxDataCalls = 4 isDcNrRestricted = false isNrAvailable = false isEnDcAvailable = false LteVopsSupportInfo :  mVopsSupport = 2 mEmcBearerSupport = 2 mIsUsingCarrierAggregation = false } nrState=NONE rRplmn=405854}], mNrFrequencyRange=0, mIsDataRoamingFromRegistration=false, mIsIwlanPreferred=false}mCurrentState.airplaneMode - falsemServiceState.getVoiceRegState() - 0!mServiceState.canCellularVoiceService() - false
08-25 19:20:58.399  5398  5616 D AirplaneMode_TEMP: IsPowerOffServiceState is false: 0
08-25 19:20:58.399  5398  5616 D Tile.AirplaneModeTile:  handleUpdateState: airplane mode is disabled
08-25 19:20:58.399 29850 30071 D ReactNativeManager: initializeInternal() called
08-25 19:20:58.400  5398  5616 D AirplaneMode_TEMP: IsPowerOffServiceStatemServiceState -- {mVoiceRegState=0(IN_SERVICE), mDataRegState=0(IN_SERVICE), mChannelNumber=2453, duplexMode()=1, mCellBandwidths=[], isManualNetworkSelection=false(automatic), getRilVoiceRadioTechnology=14(LTE), getRilDataRadioTechnology=14(LTE), mCssIndicator=unsupported, mCdmaRoamingIndicator=-1, mCdmaDefaultRoamingIndicator=-1, VoiceRegType=0, ImsVoiceAvail=2, Snap=0, MobileVoice=IN_SERVICE, MobileData=IN_SERVICE, MobileDataRoamingType=home, MobileDataRat=LTE, PsOnly=false, FemtocellInd=0, SprDisplayRoam=false, NrBearerStatus=0, 5gStatus=0, mIsEmergencyOnly=false, isUsingCarrierAggregation=false, mLteEarfcnRsrpBoost=0, mNetworkRegistrationInfos=[NetworkRegistrationInfo{ domain=CS transportType=WWAN registrationState=HOME roamingType=NOT_ROAMING accessNetworkTechnology=LTE rejectCause=0 emergencyEnabled=false availableServices=[VOICE,SMS,VIDEO] cellIdentity=CellIdentityLte:{ mCi=1277234 mPci=278 mTac=189 mEarfcn=2453 mBands=[] mBandwidth=2147483647 mMcc=405 mMnc=854 mAlphaLong=JIO 4G mAlphaShort=JIO 4G mAdditionalPlmns={} mCsgInfo=null} voiceSpecificInfo=VoiceSpecificRegistrationInfo { mCssSupported=false mRoamingIndicator=0 mSystemIsInPrl=0 mDefaultRoamingIndicator=0} dataSpecificInfo=null nrState=NONE rRplmn=405854}, NetworkRegistrationInfo{ domain=PS transportType=WWAN registrationState=HOME roamingType=NOT_ROAMING accessNetworkTechnology=LTE rejectCause=0 emergencyEnabled=false availableServices=[DATA] cellIdentity=CellIdentityLte:{ mCi=1277234 mPci=278 mTac=189 mEarfcn=2453 mBands=[] mBandwidth=2147483647 mMcc=405 mMnc=854 mAlphaLong=JIO 4G mAlphaShort=JIO 4G mAdditionalPlmns={} mCsgInfo=null} voiceSpecificInfo=null dataSpecificInfo=android.telephony.DataSpecificRegistrationInfo :{ maxDataCalls = 4 isDcNrRestricted = false isNrAvailable = false isEnDcAvailable = false LteVopsSupportInfo :  mVopsSupport = 2 mEmcBearerSupport = 2 mIsUsingCarrierAggregation = false } nrState=NONE rRplmn=405854}], mNrFrequencyRange=0, mIsDataRoamingFromRegistration=false, mIsIwlanPreferred=false}mCurrentState.airplaneMode - falsemServiceState.getVoiceRegState() - 0!mServiceState.canCellularVoiceService() - false
08-25 19:20:58.400  5398  5616 D AirplaneMode_TEMP: IsPowerOffServiceState is false: 0
08-25 19:20:58.400  5398  5616 D AirplaneMode_TEMP: enter mSetting.getValue() == 0DeviceType.isWiFiOnlyDevice(mContext) falseisNoSimState false!mNetworkController.IsPowerOffServiceState() true
08-25 19:20:58.400  5398  5616 D Tile.AirplaneModeTile:  handleUpdateState:  value = false, state = 1
08-25 19:20:58.400 30345 30345 I DIAGMON_SDK[605035]: DiagMonAgent type: 2
08-25 19:20:58.402  5076  5125 W ActivityManager: Slow operation: 181ms so far, now at startProcess: returned from zygote!
08-25 19:20:58.403 30345 30345 I DIAGMON_SDK[605035][tu52hac8ar] : generated SR object
08-25 19:20:58.403  5076  5125 W ActivityManager: Slow operation: 182ms so far, now at startProcess: done updating battery stats
08-25 19:20:58.403  5076  5125 W ActivityManager: Slow operation: 182ms so far, now at startProcess: building log message
08-25 19:20:58.403  5076  5125 I ActivityManager: Start proc 30463:com.samsung.android.smartmirroring/u0a180 for service {com.samsung.android.smartmirroring/com.samsung.android.smartmirroring.tile.SmartMirroringTile}
08-25 19:20:58.404  5076  5125 W ActivityManager: Slow operation: 182ms so far, now at startProcess: starting to update pids map
08-25 19:20:58.404  5076  5125 W ActivityManager: Slow operation: 182ms so far, now at startProcess: done updating pids map
08-25 19:20:58.404  5076  5125 W ActivityManager: Slow operation: 164ms so far, now at startProcess: asking zygote to start proc
08-25 19:20:58.406 29850 30071 D SoLoader: init start
08-25 19:20:58.406 29850 30071 D SoLoader: adding system library source: /vendor/lib64
08-25 19:20:58.406 30345 30345 I SettingSearchProvider: secQueryGetFingerprint
08-25 19:20:58.407 30345 30345 I UD.PackageUtils: getVersionName(com.samsung.android.app.telephonyui): 12.1.02.92
08-25 19:20:58.407 29850 30071 D SoLoader: adding system library source: /system/lib64
08-25 19:20:58.408 29850 30071 D SoLoader: adding application source: com.facebook.soloader.DirectorySoSource[root = /data/app/~~gc5GKtDEc2gjTY9m7AXVbw==/com.microsoft.office.outlook-U6I33j17HlfQDzOILqw9Mg==/lib/arm64 flags = 0]
08-25 19:20:58.409 30345 30345 I CP.AnswerMemoProvider: OnCreate
08-25 19:20:58.410 29850 30071 D SoLoader: adding backup source from : com.facebook.soloader.ApkSoSource[root = /data/data/com.microsoft.office.outlook/lib-main flags = 1]
08-25 19:20:58.410 30345 30345 I CU.AnsweringMessageNotificationMgr: getInstance()
08-25 19:20:58.410 30345 30345 I CU.AnsweringMessageNotificationMgr: create AnsweringMessageNotificationMgr
08-25 19:20:58.411 30384 30384 I a:QrTileServic: The ClassLoaderContext is a special shared library.
08-25 19:20:58.412  5398  5616 W Tile.CustomTile: handleUpdateState : hasPendingBind Quick Share
08-25 19:20:58.415  5398  5616 W Tile.CustomTile: handleUpdateState : hasPendingBind Always On
08-25 19:20:58.415  5398  5616 W Tile.CustomTile: Display
08-25 19:20:58.415 29850 30071 D SoLoader: Preparing SO source: com.facebook.soloader.DirectorySoSource[root = /system/lib64 flags = 2]
08-25 19:20:58.415 30384 30384 I a:QrTileServic: The ClassLoaderContext is a special shared library.
08-25 19:20:58.416 29850 30071 D SoLoader: Preparing SO source: com.facebook.soloader.DirectorySoSource[root = /vendor/lib64 flags = 2]
08-25 19:20:58.416 29850 30071 D SoLoader: Preparing SO source: com.facebook.soloader.DirectorySoSource[root = /data/app/~~gc5GKtDEc2gjTY9m7AXVbw==/com.microsoft.office.outlook-U6I33j17HlfQDzOILqw9Mg==/lib/arm64 flags = 0]
08-25 19:20:58.416 29850 30071 D SoLoader: Preparing SO source: com.facebook.soloader.ApkSoSource[root = /data/data/com.microsoft.office.outlook/lib-main flags = 1]
08-25 19:20:58.418 29850 30071 V fb-UnpackingSoSource: locked dso store /data/user/0/com.microsoft.office.outlook/lib-main
08-25 19:20:58.422 29850 30071 I fb-UnpackingSoSource: dso store is up-to-date: /data/user/0/com.microsoft.office.outlook/lib-main
08-25 19:20:58.422 29850 30071 V fb-UnpackingSoSource: releasing dso store lock for /data/user/0/com.microsoft.office.outlook/lib-main
08-25 19:20:58.422 29850 30071 D SoLoader: init finish: 4 SO sources prepared
08-25 19:20:58.426  5398  5616 W Tile.CustomTile: handleUpdateState : hasPendingBind Smart View
08-25 19:20:58.426 30345 30345 I InternalContentProvider: onCreate
08-25 19:20:58.427 30345 30345 I CallSettingsSearchProvider: onCreate
08-25 19:20:58.427 30345 30345 I CallSettingsSearchProvider: secQueryGetFingerprint :
08-25 19:20:58.427 30345 30345 I UD.PackageUtils: getVersionName(com.samsung.android.app.telephonyui): 12.1.02.92
08-25 19:20:58.431 29850 30071 D SoLoader: init exiting
08-25 19:20:58.434 30434 30434 D ActivityThread: setConscryptValidator
08-25 19:20:58.434 30434 30434 D ActivityThread: setConscryptValidator - put
08-25 19:20:58.439  5398  5616 D Tile.RotationLockTile:  handleUpdateState: true orientation = false
08-25 19:20:58.440  5398  5616 W Tile.CustomTile: handleUpdateState : hasPendingBind Sync
08-25 19:20:58.441  5076  7270 D PackageManager: setEnabledSetting : userId = 0 packageName = com.sec.unifiedwfc cmp = androidx.work.impl.background.systemjob.SystemJobService newState = 1 callingPackage = 10178/com.sec.unifiedwfc
08-25 19:20:58.441 29850 30082 I FcmTokenUpdateJob: Hx FCM token update job starting
08-25 19:20:58.444 30463 30463 E .smartmirrorin: Not starting debugger since process cannot load the jdwp agent.
08-25 19:20:58.445  5398  5616 W Tile.CustomTile: handleUpdateState : hasPendingBind Ultra data
08-25 19:20:58.445  5398  5616 W Tile.CustomTile: saving
08-25 19:20:58.446 30369 30369 I TetheringManager: registerTetheringEventCallback:com.sec.unifiedwfc
08-25 19:20:58.447  5398  5616 W Tile.CustomTile: handleUpdateState : hasPendingBind Dolby
08-25 19:20:58.447  5398  5616 W Tile.CustomTile: Atmos
08-25 19:20:58.448  5076  5091 I ActivityManager: DSS OFF for com.samsung.android.app.aodservice
08-25 19:20:58.449  5398  5616 W Tile.CustomTile: handleUpdateState : hasPendingBind Dark mode
08-25 19:20:58.451 30345 30345 I VvmConfigProvider: VvmConfigProvider
08-25 19:20:58.451 30345 30345 I VvmConfigProvider: onCreate
08-25 19:20:58.451 30345 30345 I VvmConfigProvider: createOmtpConfigHelperAsync
08-25 19:20:58.453  5076  5091 D ActivityManager: attachApplicationLocked() app=ProcessRecord{81864f8 30434:com.samsung.android.app.aodservice/u0a52} app.isolatedEntryPoint=null instr2=null
08-25 19:20:58.455 29850 30082 I HxFcmTokenUpdater: FCM token updated successfully in HxCore
08-25 19:20:58.457 30369 30369 W [UNWFC]-- : secQueryGetFingerprint :
08-25 19:20:58.457  4648  4648 D Zygote  : Forked child process 30488
08-25 19:20:58.458  5076  7270 I Telecom:SamsungTelecomServiceImpl: getCallCapablePhoneAccounts - includeDisabledAccounts : false / callingPackage : com.samsung.android.app.telephonyui
08-25 19:20:58.461  5398  5616 W Tile.CustomTile: handleUpdateState : hasPendingBind Focus mode
08-25 19:20:58.462 30345 30345 I VVM.VisualVoicemailSettingsUtil: setSimInfoForPhoneAccountHandle : callCapablePhoneAccounts.size = 1
08-25 19:20:58.462 30434 30434 D ActivityThread: handleBindApplication()++ app=com.samsung.android.app.aodservice
08-25 19:20:58.463 29850 30071 I ReactNativeManager: has already started initializing
08-25 19:20:58.465  5398  5616 W Tile.CustomTile: handleUpdateState : hasPendingBind Power saving
08-25 19:20:58.465  5398  5616 W Tile.CustomTile: mode
08-25 19:20:58.465  5398  5616 W Tile.CustomTile: handleUpdateState : hasPendingBind Power saving
08-25 19:20:58.465  5398  5616 W Tile.CustomTile: mode
08-25 19:20:58.465  5076  5244 I GenerationRegistry: mBackingStore.isClosed() : false
08-25 19:20:58.466  5398  5616 W Tile.CustomTile: handleUpdateState : hasPendingBind Wi-Fi Calling
08-25 19:20:58.466  5076  5125 W ActivityManager: Slow operation: 226ms so far, now at startProcess: returned from zygote!
08-25 19:20:58.467  5076  5125 W ActivityManager: Slow operation: 227ms so far, now at startProcess: done updating battery stats
08-25 19:20:58.467  5076  5125 W ActivityManager: Slow operation: 227ms so far, now at startProcess: building log message
08-25 19:20:58.467  5076  5125 I ActivityManager: Start proc 30488:com.android.settings:QuickSettingsTile/1000 for service {com.android.settings/com.samsung.android.settings.qstile.SecAccountTiles}
08-25 19:20:58.468  5076  5125 W ActivityManager: Slow operation: 227ms so far, now at startProcess: starting to update pids map
08-25 19:20:58.468  5076  5125 W ActivityManager: Slow operation: 227ms so far, now at startProcess: done updating pids map
08-25 19:20:58.468  5076  5125 W ActivityManager: Slow operation: 199ms so far, now at startProcess: asking zygote to start proc
08-25 19:20:58.470  5076  7270 I Telecom:SamsungTelecomServiceImpl: getPhoneAccount - PhoneAccountHandle : ComponentInfo{com.android.phone/com.android.services.telephony.TelephonyConnectionService}, ***, UserHandle{0} / callingPid : 30345 / processName : sts
08-25 19:20:58.472 29850 30017 I WM-WorkerWrapper: Worker result SUCCESS for Work [ id=c111d991-7e04-4d1d-8af9-fa9ed694dc41, tags={ FcmTokenUpdateJob, com.microsoft.office.outlook.fcm.FcmTokenUpdateJob } ]
08-25 19:20:58.473 29850 30071 D ReactNative: ReactInstanceManager.ctor()
08-25 19:20:58.474 29850 30071 D SoLoader: init exiting
08-25 19:20:58.475 30463 30463 D ActivityThread: setConscryptValidator
08-25 19:20:58.475 30463 30463 D ActivityThread: setConscryptValidator - put
08-25 19:20:58.477  5373  5714 D Telephony: SamsungTuiCallFunctions: getSubIdForPhoneAccount() subId= 1
08-25 19:20:58.478  5398  5616 W Tile.CustomTile: handleUpdateState : hasPendingBind Wi-Fi Calling
08-25 19:20:58.478 30345 30345 I SepApiWrapper: getSubIdForPhoneAccount [true, 1, null]
08-25 19:20:58.478 30345 30345 I FT.SimUtilFeature: getSubIdForPhoneAccountHandle phoneAccountSubId: 1
08-25 19:20:58.479 30345 30345 I UT.TelephonyUtils: getPhoneId : subId = 1
08-25 19:20:58.481  5076  5244 I ActivityManager: DSS OFF for com.samsung.android.smartmirroring
08-25 19:20:58.481 29850 30071 D SoLoader: init exiting
08-25 19:20:58.482 29850 29850 D ReactNative: ReactInstanceManager.createReactContextInBackground()
08-25 19:20:58.482 29850 30071 D OlmAppSessionManager: AppFirstActivityPostResumed com.microsoft.office.outlook.boothandlers.AddinsAppSessionFirstActivityPostResumedEventHandler isInForeground false
08-25 19:20:58.483 30345 30345 I FT.SimUtilFeature: getSlotIdForPhoneAccountHandle phoneAccountSlotId: 0
08-25 19:20:58.483 29850 29850 D ReactNative: ReactInstanceManager.recreateReactContextInBackgroundInner()
08-25 19:20:58.483 29850 29850 D ReactNative: ReactInstanceManager.recreateReactContextInBackgroundFromBundleLoader()
08-25 19:20:58.483 29850 29850 D ReactNative: ReactInstanceManager.recreateReactContextInBackground()
08-25 19:20:58.483 29850 29850 D ReactNative: ReactInstanceManager.runCreateReactContextOnNewThread()
08-25 19:20:58.483  5076  5244 D ActivityManager: attachApplicationLocked() app=ProcessRecord{fd8660d 30463:com.samsung.android.smartmirroring/u0a180} app.isolatedEntryPoint=null instr2=null
08-25 19:20:58.485  5398  5398 V PanelBar: onExpandingFinished
08-25 19:20:58.494 30488 30488 E ickSettingsTil: Not starting debugger since process cannot load the jdwp agent.
08-25 19:20:58.496 30369 30369 I [UNWFC]-- WfcSetConnProv: onCreateData
08-25 19:20:58.500 30345 30345 I VVM.VisualVoicemailSettingsUtil: << getSimSerialNumber slotId: 0 : l=20
08-25 19:20:58.500 30345 30345 I VVM.VisualVoicemailSettingsUtil: put slotId: 0
08-25 19:20:58.501 30345 30345 I TUI$    : init Log Path : /data/user/0/com.samsung.android.app.telephonyui/Log/
08-25 19:20:58.502 30345 30345 I TUI$    : init success
08-25 19:20:58.503 30334 30334 I DIAGMON_SDK[605034]: DiagMonAgent type: 2
08-25 19:20:58.503 30345 30345 I PhotoringProvider: OnCreate
08-25 19:20:58.504 30345 30345 I PhotoringInfoSessionMgr: initSessionMap
08-25 19:20:58.505  5398  5398 D KeyguardUpdateMonitor: handleStatusBarState( prev:false-> next:true )
08-25 19:20:58.507 30334 30334 I DIAGMON_SDK[605034][dc60qlc6ri] : generated SR object
08-25 19:20:58.508 30463 30463 D ActivityThread: handleBindApplication()++ app=com.samsung.android.smartmirroring
08-25 19:20:58.510 29850 30502 D SoLoader: About to load: libhermes.so
08-25 19:20:58.511 29850 30502 D SoLoader: libhermes.so not found on /data/data/com.microsoft.office.outlook/lib-main
08-25 19:20:58.512 30369 30369 I UNWFC-VoWifiApplication: onCreate
08-25 19:20:58.512 29850 30502 D SoLoader: libhermes.so found on /data/app/~~gc5GKtDEc2gjTY9m7AXVbw==/com.microsoft.office.outlook-U6I33j17HlfQDzOILqw9Mg==/lib/arm64
08-25 19:20:58.512 29850 30502 D SoLoader: Not resolving dependencies for libhermes.so
08-25 19:20:58.512  5398  5616 W Tile.CustomTile: handleUpdateState : hasPendingBind Scan QR code
08-25 19:20:58.513 29850 30071 D DialogManager: Addin popup dialog manager initialization.
08-25 19:20:58.514  5398  5616 W Tile.CustomTile: handleUpdateState : hasPendingBind Scan QR code
08-25 19:20:58.519 30345 30345 I SimCardManagerSettingSearchProvider: onCreate()
08-25 19:20:58.519 30345 30345 I SimCardManagerSettingSearchProvider: secQueryGetFingerprint()
