--------- beginning of system
08-25 19:20:43.190 29850 29850 D OriginalBootLifecycle: Phase 2
08-25 19:20:43.191 29850 29850 D OriginalBootLifecycle: Phase 2 end
08-25 19:20:43.192 29850 30062 W KeyStore: get(CACERT_HxCoreSecureStringSecretRSA) return_code(7)
08-25 19:20:43.192 29850 29850 D OriginalBootLifecycle: Create end
08-25 19:20:43.193 29850 30071 D OlmAppSessionManager: dispatchAppStarting
08-25 19:20:43.194  4818  4818 I keystore: !@ reading blob user_0/10315_USRPKEY_HxCoreSecureStringSecretRSA
08-25 19:20:43.195 29920 29968 W fb4a.AppInitScheduler|Run:   Finished StartupQPLReplayer in 11ms
08-25 19:20:43.197 29850 29850 I Choreographer: Skipped 49 frames!  The application may be doing too much work on its main thread.
08-25 19:20:43.197  4818  4818 I keystore: !@ Start - USRPKEY_HxCoreSecureStringSecretRSA from uid 10315 for uid 10315, isKnoxKey(0)
08-25 19:20:43.197  4818  4818 I keystore: !@ reading blob user_0/10315_USRPKEY_HxCoreSecureStringSecretRSA
08-25 19:20:43.198 29850 30071 D OlmAppSessionManager: onAppStarting com.acompli.accore.ACAppSessionEventHandler
08-25 19:20:43.198  4370  4370 W keymaster_tee: [WRN]begin req PARAMS: A1 P4
08-25 19:20:43.199 29850 30071 D OlmAppSessionManager: onAppStarting com.microsoft.office.outlook.hx.managers.HxAppSessionEventHandler
08-25 19:20:43.200 29850 29949 I ACAccountManager: Loading accounts
08-25 19:20:43.200 29850 30071 D OlmAppSessionManager: onAppStarting com.microsoft.office.outlook.calendar.workers.EventNotificationMigrationBootEventHandler
08-25 19:20:43.229 29850 30081 D OlmEventNotificationsManager: queryEventNotifications: 2021-08-24 - 2021-09-08
08-25 19:20:43.243 29920 29961 W fb4a.AppInitScheduler|Run:   Finished ProfiloBridgeFactoryImpl in 39ms
08-25 19:20:43.247  4337  4337 I io_stats: !@   8,0 r 1475025 46544872 w 465203 10922848 d 397811 100294636 f 270299 328395 iot 781132 658671 th 102400 0 0 pt 0 inp 0 0 33652.307
08-25 19:20:43.253 29850 29975 D PerformanceSummaryManager: unable to deserialize performance summary due to exception
08-25 19:20:43.253 29850 29975 D PerformanceSummaryManager: java.lang.NullPointerException: Attempt to invoke interface method 'int java.util.Map.size()' on a null object reference
08-25 19:20:43.253 29850 29975 D PerformanceSummaryManager:     at java.util.concurrent.ConcurrentHashMap.putAll(ConcurrentHashMap.java:1092)
08-25 19:20:43.253 29850 29975 D PerformanceSummaryManager:     at com.microsoft.office.outlook.telemetry.PerformanceSummaryManager.restorePerformanceSummaryIfNeeded(SourceFile:7)
08-25 19:20:43.253 29850 29975 D PerformanceSummaryManager:     at com.microsoft.office.outlook.telemetry.PerformanceSummaryManager.addInstanceForSummaryEvent(SourceFile:2)
08-25 19:20:43.253 29850 29975 D PerformanceSummaryManager:     at com.acompli.acompli.util.AriaAnalyticsProvider.a(SourceFile:1)
08-25 19:20:43.253 29850 29975 D PerformanceSummaryManager:     at com.acompli.acompli.helpers.PerformanceTrackerHelper.c(SourceFile:2)
08-25 19:20:43.253 29850 29975 D PerformanceSummaryManager:     at com.acompli.acompli.helpers.a.call(Unknown Source:10)
08-25 19:20:43.253 29850 29975 D PerformanceSummaryManager:     at bolts.Task$4.run(SourceFile:3)
08-25 19:20:43.253 29850 29975 D PerformanceSummaryManager:     at java.util.concurrent.ThreadPoolExecutor.runWorker(ThreadPoolExecutor.java:1167)
08-25 19:20:43.253 29850 29975 D PerformanceSummaryManager:     at java.util.concurrent.ThreadPoolExecutor$Worker.run(ThreadPoolExecutor.java:641)
08-25 19:20:43.253 29850 29975 D PerformanceSummaryManager:     at com.microsoft.office.outlook.executors.PrioritizingRunnable.run(SourceFile:2)
08-25 19:20:43.253 29850 29975 D PerformanceSummaryManager:     at java.lang.Thread.run(Thread.java:923)
08-25 19:20:43.282 29850 29949 D ACAccountManager: The total number of accounts in Outlook Client DB is 2
08-25 19:20:43.318 29850 30082 D PlatformJobService: Run job, request{id=4, tag=AccountTokenRefreshJob, transient=false}, waited 01:19:22 (+67 days), interval 00:54:59, flex 00:05:00
08-25 19:20:43.318 29850 30082 D OutlookCoreJobCreator: create AccountTokenRefreshJob
08-25 19:20:43.320 29850 30081 D HxEventNotificationsProvider: NotificationsDataCache items.size: 0
08-25 19:20:43.332 29850 29949 D HxServices: Loaded Hx Accounts that will be cached. ObjectId 00000003-0000-0000-0000-000000000000 Count 1
08-25 19:20:43.347 29850 29949 I ACAccountManager: HxMailAccount Handler setup done for HxAccountId=73 00000000-0000-0000-e415-030000000000, AccountId=32768
08-25 19:20:43.353 29850 29949 I ACAccountManager: Loaded account id=32769 remoteServerType=OneDriveForBusiness authType=OneDriveForBusinessDirect accountType=DirectFileAccount syncKey=null policyKey=
08-25 19:20:43.358 29850 30081 D EventNotificationWorker: Scheduled 0 notifications
08-25 19:20:43.370 29850 29949 I ACAccountManager: Loaded account id=32768 remoteServerType=Office365 authType=Office365Hx accountType=HxAccount syncKey=null policyKey=
08-25 19:20:43.374 29850 30016 I WM-WorkerWrapper: Worker result SUCCESS for Work [ id=88e2ce25-6f6f-4c73-a95f-b3807d16a1fb, tags={ com.microsoft.office.outlook.calendar.workers.EventNotificationWorker, EventNotificationWorker_Periodic } ]
08-25 19:20:43.379 29850 29949 D OMHxStorageCompletePostProcessor: Accounts loaded
08-25 19:20:43.390 29850 29949 D MainAriaEventLogger: updating EventLogger with customerType:commercial hasHx:true
08-25 19:20:43.392 29850 29949 D AppCenterCrashReportManager: Initializing AppCenterCrashReportManager
08-25 19:20:43.401 29850 29949 E NativeCrashManager: NativeCrashManager is already enabled. Updating listener
08-25 19:20:43.416 29850 29850 D AppCenterCrashReportManager: Processing 0 pending errors
08-25 19:20:43.429 29850 29949 D AdjustSdkManager: No need to initialize Adjust SDK anymore.
08-25 19:20:43.431 29850 29949 I FcmSvc  : Getting FCM token from the source
08-25 19:20:43.457 29850 29949 I FcmSvc  : Received InstanceId-FCM token result [true]
08-25 19:20:43.459 29850 29949 I FcmSvc  : Returning FCM token - IsValid[true]
08-25 19:20:43.489 29850 29949 V PLConfig: PowerLift client-side analysis enabled: true
08-25 19:20:43.491 29850 30082 I JobExecutor: Executing request{id=4, tag=AccountTokenRefreshJob, transient=false}, context PlatformJobService
08-25 19:20:43.501 29920 29962 W fb4a.AppInitScheduler|Run:   Finished ZeroLibraryInitializer in 634ms
08-25 19:20:43.541  4623  4623 E audit   : type=1400 audit(1629899443.535:260907): avc:  granted  { execute } for  pid=29920 comm="AppInit8" path="/data/data/com.facebook.katana/lib-compressed/librequestattribution.so" dev="sda32" ino=272414 scontext=u:r:untrusted_app:s0:c183,c256,c512,c768 tcontext=u:object_r:app_data_file:s0:c183,c256,c512,c768 tclass=file SEPF_SM-M215F_11_0009 audit_filtered
08-25 19:20:43.541 29850 30081 D PowerManagerSettingsLogger: isDeviceIdleMode false isIgnoringBatteryOptimizations false isInteractive true isPowerSaveMode false isSustainedPerformanceModeSupported false
08-25 19:20:43.542  4623  4623 E audit   : type=1300 audit(1629899443.535:260907): arch=c00000b7 syscall=222 success=yes exit=537149136896 a0=7d10956000 a1=4a00 a2=5 a3=12 items=0 ppid=4648 pid=29920 auid=4294967295 uid=10183 gid=10183 euid=10183 suid=10183 fsuid=10183 egid=10183 sgid=10183 fsgid=10183 tty=(none) ses=4294967295 comm="AppInit8" exe="/system/bin/app_process64" subj=u:r:untrusted_app:s0:c183,c256,c512,c768 key=(null)
08-25 19:20:43.542  4623  4623 E audit   : type=1327 audit(1629899443.535:260907): proctitle="com.facebook.katana"
08-25 19:20:43.545  4647  4723 E Netd    : getNetworkForDns: getNetId from enterpriseCtrl is netid 0
08-25 19:20:43.548  4647 30095 E Netd    : To use pid in case SEC_PRODUCT_FEATURE_KNOX_SUPPORT_NPA is false, to remove build error (unused variable)
08-25 19:20:43.550  4647 30095 E Netd    : To use pid in case SEC_PRODUCT_FEATURE_KNOX_SUPPORT_NPA is false, to remove build error (unused variable)
08-25 19:20:43.552  5076  7314 D NetdEventListenerService: DNS Requested by : 610, 10183
08-25 19:20:43.552  5076  5325 E NetdEventListenerService: DNS failed (10183) : 4
08-25 19:20:43.557 29850 30081 D outlook.Accounts: O365 accountId: 32768 token expiration time: 2021-08-26T05:42:37 UTC next token refresh at: 2021-08-25T14:55:43 UTC isForcedRefresh: false
08-25 19:20:43.580 29850 29949 D TokenSharingManager_v1.5.8: Library works in release mode
08-25 19:20:43.581 29850 29949 D LocalCalendarManager: registerAccountsChangeListener()
08-25 19:20:43.582 29850 29949 D LocalCalendarManager: Updating calendar content observer registration.
08-25 19:20:43.583 29850 29949 D LocalCalendarManager: No local calendar accounts, removing observer.
08-25 19:20:43.584 29850 29949 D LocalCalendarManager: Already removed, ignoring.
08-25 19:20:43.601 29920 29969 V requestattribution: requestattribution/JNI_OnLoad called
08-25 19:20:43.616 29850 30081 I ADALUtil: Acquire token for account 32768 with resource https://cortana.ai
08-25 19:20:43.631 29920 30035 E HQSession.cpp: Peer closed with error err=Internal Error msg=Error on socket write Network is unreachable, Operation not permitted proto=, client CID=, server CID=00000000, local=<uninitialized address>, <uninitialized address>=upstream, drain=none
08-25 19:20:43.638 29920 29969 W fb4a.AppInitScheduler|Run:   Finished EagerInitTigonInterceptors in 923ms
08-25 19:20:43.705 29850 30071 D OlmAppSessionManager: dispatchAppStartCompleted: inForeground false
08-25 19:20:43.706 29850 30071 D OlmAppSessionManager: onAppStartCompleted com.acompli.accore.ACAppSessionEventHandler isInForeground false
08-25 19:20:43.707 29850 30071 D OlmAppSessionManager: onAppStartCompleted com.microsoft.office.outlook.hx.managers.HxAppSessionEventHandler isInForeground false
08-25 19:20:43.712 29850 30081 D outlook.Accounts: ADAL auth correlationId: 8eab9648-c0b0-406d-874a-58fb08ea5340 for scope https://cortana.ai
08-25 19:20:43.713 29850 30071 D HxAppSessionEventHandler: HxActorAPIs.OnBootCompleted()
08-25 19:20:43.718  4647  4723 E Netd    : getNetworkForDns: getNetId from enterpriseCtrl is netid 0
08-25 19:20:43.718  4647  4723 E Netd    : getNetworkForDns: getNetId from enterpriseCtrl is netid 0
08-25 19:20:43.719  4647  4723 E Netd    : getNetworkForDns: getNetId from enterpriseCtrl is netid 0
08-25 19:20:43.721  4647 30111 E Netd    : To use pid in case SEC_PRODUCT_FEATURE_KNOX_SUPPORT_NPA is false, to remove build error (unused variable)
08-25 19:20:43.722  4647 30112 E Netd    : To use pid in case SEC_PRODUCT_FEATURE_KNOX_SUPPORT_NPA is false, to remove build error (unused variable)
08-25 19:20:43.724  4647 30112 E Netd    : To use pid in case SEC_PRODUCT_FEATURE_KNOX_SUPPORT_NPA is false, to remove build error (unused variable)
08-25 19:20:43.725  4647 30113 E Netd    : To use pid in case SEC_PRODUCT_FEATURE_KNOX_SUPPORT_NPA is false, to remove build error (unused variable)
08-25 19:20:43.725  4647 30111 E Netd    : To use pid in case SEC_PRODUCT_FEATURE_KNOX_SUPPORT_NPA is false, to remove build error (unused variable)
08-25 19:20:43.725  5076  7314 D NetdEventListenerService: DNS Requested by : 610, 10183
08-25 19:20:43.726  5076  5325 E NetdEventListenerService: DNS failed (10183) : 4
08-25 19:20:43.727  4647 30113 E Netd    : To use pid in case SEC_PRODUCT_FEATURE_KNOX_SUPPORT_NPA is false, to remove build error (unused variable)
08-25 19:20:43.729  5076  7314 D NetdEventListenerService: DNS Requested by : 610, 10183
08-25 19:20:43.730  5076  5325 E NetdEventListenerService: DNS failed (10183) : 4
08-25 19:20:43.733  5076  7314 D NetdEventListenerService: DNS Requested by : 610, 10183
08-25 19:20:43.733  5076  5325 E NetdEventListenerService: DNS failed (10183) : 4
08-25 19:20:43.738 29850 30071 D outlook.Outlook: isGooglePlayServicesAvailable: true. Code: 0
08-25 19:20:43.744 29850 30071 I FcmTokenReaderWriter: isPushSyncAvailable: Token[true] PlaySvc[true] ForceUnavailable[false]
08-25 19:20:43.752  4647  4723 E Netd    : getNetworkForDns: getNetId from enterpriseCtrl is netid 0
08-25 19:20:43.755  4647 30118 E Netd    : To use pid in case SEC_PRODUCT_FEATURE_KNOX_SUPPORT_NPA is false, to remove build error (unused variable)
08-25 19:20:43.757  4647 30118 E Netd    : To use pid in case SEC_PRODUCT_FEATURE_KNOX_SUPPORT_NPA is false, to remove build error (unused variable)
08-25 19:20:43.756 29850 30071 I OutlookCoreJobCreator: shouldSchedulePeriodicSyncJob PushSyncAvailable[true] Gallatin[false] DirectSync[false]
08-25 19:20:43.759  5076  7314 D NetdEventListenerService: DNS Requested by : 610, 10183
08-25 19:20:43.759  5076  5325 E NetdEventListenerService: DNS failed (10183) : 4
08-25 19:20:43.770 29850 30036 I HxAppSessionEventHandler: AllowUserDataNetworkConnections call succeeded
08-25 19:20:43.776  4647  4723 E Netd    : getNetworkForDns: getNetId from enterpriseCtrl is netid 0
08-25 19:20:43.779  4647 30122 E Netd    : To use pid in case SEC_PRODUCT_FEATURE_KNOX_SUPPORT_NPA is false, to remove build error (unused variable)
08-25 19:20:43.781  4647 30122 E Netd    : To use pid in case SEC_PRODUCT_FEATURE_KNOX_SUPPORT_NPA is false, to remove build error (unused variable)
08-25 19:20:43.781  4647  4723 E Netd    : getNetworkForDns: getNetId from enterpriseCtrl is netid 0
08-25 19:20:43.783  5076  7314 D NetdEventListenerService: DNS Requested by : 610, 10183
08-25 19:20:43.784  5076  5325 E NetdEventListenerService: DNS failed (10183) : 4
08-25 19:20:43.784  4647 30125 E Netd    : To use pid in case SEC_PRODUCT_FEATURE_KNOX_SUPPORT_NPA is false, to remove build error (unused variable)
08-25 19:20:43.786  4647 30125 E Netd    : To use pid in case SEC_PRODUCT_FEATURE_KNOX_SUPPORT_NPA is false, to remove build error (unused variable)
08-25 19:20:43.787  5076  7314 D NetdEventListenerService: DNS Requested by : 610, 10183
08-25 19:20:43.788  5076  5325 E NetdEventListenerService: DNS failed (10183) : 4
08-25 19:20:43.797 29850 30071 D HxBatteryStatusReceiver: calculateBootBatteryStatus PluggedIn
08-25 19:20:43.800  4647  4723 E Netd    : getNetworkForDns: getNetId from enterpriseCtrl is netid 0
08-25 19:20:43.802  4647 30129 E Netd    : To use pid in case SEC_PRODUCT_FEATURE_KNOX_SUPPORT_NPA is false, to remove build error (unused variable)
08-25 19:20:43.803 29850 30071 D HxBatteryStatusReceiver: updateBootBatteryStatus PluggedIn
08-25 19:20:43.804  4647 30129 E Netd    : To use pid in case SEC_PRODUCT_FEATURE_KNOX_SUPPORT_NPA is false, to remove build error (unused variable)
08-25 19:20:43.806  5076  7314 D NetdEventListenerService: DNS Requested by : 610, 10183
08-25 19:20:43.807  5076  5325 E NetdEventListenerService: DNS failed (10183) : 4
08-25 19:20:43.816  4647  4723 E Netd    : getNetworkForDns: getNetId from enterpriseCtrl is netid 0
08-25 19:20:43.818  4647 30132 E Netd    : To use pid in case SEC_PRODUCT_FEATURE_KNOX_SUPPORT_NPA is false, to remove build error (unused variable)
08-25 19:20:43.820  4647 30132 E Netd    : To use pid in case SEC_PRODUCT_FEATURE_KNOX_SUPPORT_NPA is false, to remove build error (unused variable)
08-25 19:20:43.822  5076  7314 D NetdEventListenerService: DNS Requested by : 610, 10183
08-25 19:20:43.822  5076  5325 E NetdEventListenerService: DNS failed (10183) : 4
08-25 19:20:43.828  4647  4723 E Netd    : getNetworkForDns: getNetId from enterpriseCtrl is netid 0
08-25 19:20:43.831  4647 30137 E Netd    : To use pid in case SEC_PRODUCT_FEATURE_KNOX_SUPPORT_NPA is false, to remove build error (unused variable)
08-25 19:20:43.832  4647 30137 E Netd    : To use pid in case SEC_PRODUCT_FEATURE_KNOX_SUPPORT_NPA is false, to remove build error (unused variable)
08-25 19:20:43.834  5076  7314 D NetdEventListenerService: DNS Requested by : 610, 10183
08-25 19:20:43.834  5076  5325 E NetdEventListenerService: DNS failed (10183) : 4
08-25 19:20:43.834 29850 30071 D HxNetworkStatusReceiver: Active Network Type WIFI IsConnected true isAvailable true isConnectedOrConnecting true State CONNECTED IsRoaming false
08-25 19:20:43.843 29850 30071 D HxNetworkStatusReceiver: Network Status of the active network is Unrestricted
08-25 19:20:43.846 29850 30071 D HxNetworkStatusReceiver: calculateBootNetworkStatus Unrestricted
08-25 19:20:43.849 29850 30071 D HxNetworkStatusReceiver: updateBootNetworkStatus Unrestricted
08-25 19:20:43.850 29850 30071 D HxNetworkStatusReceiver: Updating network status in HxCore. Current network status is Unrestricted and new network status is Unrestricted
08-25 19:20:43.858 29920 29970 W fb4a.AppInitScheduler|Run:   Finished InitLacrimaLaterInit in 1064ms
08-25 19:20:43.895  4647  4723 E Netd    : getNetworkForDns: getNetId from enterpriseCtrl is netid 0
08-25 19:20:43.898  4647 30143 E Netd    : To use pid in case SEC_PRODUCT_FEATURE_KNOX_SUPPORT_NPA is false, to remove build error (unused variable)
08-25 19:20:43.899 29850 30134 D HxBatteryStatusReceiver: Update Battery Status: LatestHxBatteryStatus PluggedIn NewHxBatteryStatus PluggedIn ShouldUpdate false
08-25 19:20:43.899  4647 30143 E Netd    : To use pid in case SEC_PRODUCT_FEATURE_KNOX_SUPPORT_NPA is false, to remove build error (unused variable)
08-25 19:20:43.901  5076  7314 D NetdEventListenerService: DNS Requested by : 610, 10183
08-25 19:20:43.902  5076  5325 E NetdEventListenerService: DNS failed (10183) : 4
08-25 19:20:43.913  4647  4723 E Netd    : getNetworkForDns: getNetId from enterpriseCtrl is netid 0
08-25 19:20:43.915  4647 30146 E Netd    : To use pid in case SEC_PRODUCT_FEATURE_KNOX_SUPPORT_NPA is false, to remove build error (unused variable)
08-25 19:20:43.916 29850 30100 I outlook.Accounts: ADALOAuth2TokenCache: [2021-08-25 13:50:43 - {"thread_id":"12827","correlation_id":"8eab9648-c0b0-406d-874a-58fb08ea5340"}] Context is an Application? [true] Android 30 (null) - null
08-25 19:20:43.917  4647 30146 E Netd    : To use pid in case SEC_PRODUCT_FEATURE_KNOX_SUPPORT_NPA is false, to remove build error (unused variable)
08-25 19:20:43.917 29850 30071 I HxAppSessionEventHandler: suspend hx start
08-25 19:20:43.918 29850 30071 I HxAppSessionEventHandler: suspend hx end
08-25 19:20:43.919  5076  7314 D NetdEventListenerService: DNS Requested by : 610, 10183
08-25 19:20:43.920  5076  5325 E NetdEventListenerService: DNS failed (10183) : 4
08-25 19:20:43.930 29850 30071 D OlmAppSessionManager: onAppStartCompleted com.acompli.acompli.utils.l isInForeground false
08-25 19:20:43.941 29850 30071 D OlmAppSessionManager: onAppStartCompleted com.microsoft.office.outlook.hx.util.HxAuthDelegate isInForeground false
08-25 19:20:43.941 29850 29850 D HxNetworkStatusReceiver: HxNetworkStatusReceiver:onReceive()
08-25 19:20:43.948 29850 30071 D HxAuthDelegate: onAppStartCompleted isInForeground false
08-25 19:20:43.950 29850 30134 D HxNetworkStatusReceiver: Active Network Type WIFI IsConnected true isAvailable true isConnectedOrConnecting true State CONNECTED IsRoaming false
08-25 19:20:43.952 29850 30071 D HxAuthDelegate: onAppStartCompleted no accounts that need their token refreshed
08-25 19:20:43.953 29850 30134 D HxNetworkStatusReceiver: Network Status of the active network is Unrestricted
08-25 19:20:43.958 29850 30071 D OlmAppSessionManager: onAppStartCompleted com.microsoft.office.outlook.boothandlers.AdManagerServerBootstrapAppStartedEventHandler isInForeground false
08-25 19:20:43.959 29850 30134 D HxNetworkStatusReceiver: Updating network status in HxCore. Current network status is Unrestricted and new network status is Unrestricted
08-25 19:20:43.974 29850 30100 W outlook.Accounts: Telemetry: [2021-08-25 13:50:43 - {"thread_id":"12845","correlation_id":"8eab9648-c0b0-406d-874a-58fb08ea5340"}] Telemetry is disabled because the Telemetry context or configuration is null Android 30 (null) - null
08-25 19:20:43.980 29850 30071 D AdPolicyChecker: areAccountsEligibleForAds called
08-25 19:20:43.982 29850 30071 D AdPolicyChecker: OneDrive for Business accounts configured. Returning server_type_not_support
08-25 19:20:43.993 29850 30071 D AdServerBootstrap: AdPolicyCheckResult adsAllowed false OTAdNotShownReason server_type_not_support
08-25 19:20:44.000 29850 30147 I System.out: (HTTPLog)-Static: isSBSettingEnabled false
08-25 19:20:44.000 29850 30147 I System.out: (HTTPLog)-Static: isSBSettingEnabled false
08-25 19:20:44.004  4647  4723 E Netd    : getNetworkForDns: getNetId from enterpriseCtrl is netid 0
08-25 19:20:44.005 29850 29949 D CalendarSelectionPreferences: [accountsReady] load AQACAACAAAAAAFcBAyQAZTAyNmM4YTAtMmIyMy00MjM3LTgxMDgtNTJkNTM5OGY4ZDUwAC4AAAMR61f9TlwsRrQQIp-_zo0HAQCRFAO-XRzyTYpWCCdqxZgOAAACAVoAAAA=
08-25 19:20:44.008  4647 30151 E Netd    : To use pid in case SEC_PRODUCT_FEATURE_KNOX_SUPPORT_NPA is false, to remove build error (unused variable)
08-25 19:20:44.008 29850 29949 D CalendarSelectionPreferences: [accountsReady] load AQACAACAAAAAAFcBAyQAZTAyNmM4YTAtMmIyMy00MjM3LTgxMDgtNTJkNTM5OGY4ZDUwAC4AAAMR61f9TlwsRrQQIp-_zo0HAQCRFAO-XRzyTYpWCCdqxZgOAAACAVwAAAA=
08-25 19:20:44.009 29850 29949 D CalendarSelectionPreferences: [accountsReady] load AQACAACAAAAAAFcBAyQAZTAyNmM4YTAtMmIyMy00MjM3LTgxMDgtNTJkNTM5OGY4ZDUwAC4AAAMR61f9TlwsRrQQIp-_zo0HAQCRFAO-XRzyTYpWCCdqxZgOAAACAQ0AAAA=
08-25 19:20:44.010  4647 30151 E Netd    : To use pid in case SEC_PRODUCT_FEATURE_KNOX_SUPPORT_NPA is false, to remove build error (unused variable)
08-25 19:20:44.012  5076  7314 D NetdEventListenerService: DNS Requested by : 610, 10183
08-25 19:20:44.013  5076  5325 E NetdEventListenerService: DNS failed (10183) : 4
08-25 19:20:44.017 29850 30071 D OlmAppSessionManager: onAppStartCompleted com.microsoft.office.outlook.boothandlers.CursorLeakTrackerAppSessionStartCompletedEventHandler isInForeground false
08-25 19:20:44.021 29850 29949 V IntuneAppConfigManager: Loading Intune app config...
08-25 19:20:44.028  4647  4723 E Netd    : getNetworkForDns: getNetId from enterpriseCtrl is netid 0
08-25 19:20:44.030 29850 30071 D OlmAppSessionManager: onAppStartCompleted com.microsoft.office.outlook.boothandlers.PowerLiftAppSessionStartCompletedEventHandler isInForeground false
08-25 19:20:44.031  4647 30154 E Netd    : To use pid in case SEC_PRODUCT_FEATURE_KNOX_SUPPORT_NPA is false, to remove build error (unused variable)
08-25 19:20:44.041 29850 30071 D OlmAppSessionManager: onAppStartCompleted com.microsoft.office.outlook.boothandlers.ClpAppSessionStartCompletedEventHandler isInForeground false
08-25 19:20:44.045 29850 29949 V IntuneAppConfigManager:Provider: Retrieve MDM configs from Convenience API.
08-25 19:20:44.062 29850 30071 D HxClpHelper: parsing Labels for accounts
08-25 19:20:44.064 29850 30071 D HxClpHelper: Clp supported for account ID:: 32768
08-25 19:20:44.083 29850 29850 V IntuneAppConfigManager: Applying Intune app config...
08-25 19:20:44.085 29850 30062 V IntuneAppConfigManager: Default Signature Enabled: true
08-25 19:20:44.089 29850 29949 D HxContactChangeEventHelper: initialize. Accounts count 1
08-25 19:20:44.098  5076  7314 D NetdEventListenerService: DNS Requested by : 610, 10315
08-25 19:20:44.115 29850 30071 D HxClpHelper: registering listener as MIP labels not available on first pass
08-25 19:20:44.125 29850 30071 D OlmAppSessionManager: onAppStartCompleted com.microsoft.office.outlook.boothandlers.PerformanceTrackerAppSessionListener isInForeground false
08-25 19:20:44.126 29850 30071 D PerformanceTrackerAppSessionListener: App started in background. Disable performance tracker
08-25 19:20:44.127 29850 29949 D HxAppSessionEventHandler: mBootComplete true mAppFirstActivityPostResumed false
08-25 19:20:44.127 29850 30071 D OlmAppSessionManager: onAppStartCompleted com.microsoft.office.outlook.partner.boot.PartnerSdkAppSessionStartCompletedEventHandler isInForeground false
08-25 19:20:44.128 29850 29949 D UnderTheHoodMigrationManager: Running underTheHood migration on storage boot complete
08-25 19:20:44.136 29920 30045 E nightwatch-target: /proc/zoneinfo open: errno=13
08-25 19:20:44.136  4623  4623 E audit   : type=1400 audit(1629899444.131:260908): avc:  denied  { read } for  pid=29920 comm="AppInit9" name="zoneinfo" dev="proc" ino=4026531860 scontext=u:r:untrusted_app:s0:c183,c256,c512,c768 tcontext=u:object_r:proc_zoneinfo:s0 tclass=file permissive=0 SEPF_SM-M215F_11_0009 audit_filtered
08-25 19:20:44.136 29920 30045 E nightwatch-target: sysmeminfo parse failed
08-25 19:20:44.137 29920 29964 W fb4a.AppInitScheduler|Run:   Finished EagerTigonLigerXPlatService in 1410ms
08-25 19:20:44.151 29850 29949 D UnderTheHoodAccountMigrationManager: Setting up account changed notification handler
08-25 19:20:44.185 29850 29949 D OMHxStorageCompletePostProcessor: Loading folders
08-25 19:20:44.208 29850 29975 D WeekNumberManager: Successfully fetched settings from Hx storage
08-25 19:20:44.210 29850 29949 D HxFoldersCacheManagement: Build cache of HxFolders. Hx Accounts count 1
08-25 19:20:44.230 29920 29964 W fb4a.AppInitScheduler|Run: Running NetworkEagerInit
08-25 19:20:44.238 29850 29949 D HxFoldersCacheManagement: Registering for MailAccountData's view collection change notification to update folder cache. ViewId 00000004-0000-0000-e415-030000000000 Count 8
08-25 19:20:44.238 29850 29975 D WeekNumberManager: Successfully save week number settings into shared preference, weekNumberEnabled: false, firstWeekOfYear: FirstDayOfYear
08-25 19:20:44.252 29850 30071 D OlmAppSessionManager: onAppStartCompleted com.microsoft.office.outlook.boothandlers.LottieAppSessionStartedCompletedEventHandler isInForeground false
08-25 19:20:44.253 29850 29978 I PartnerSdkManager: Initializing partner SDK with version: 4.2131.1
08-25 19:20:44.255 29850 29978 I PartnerSdkManager: Building the partner DATA map
08-25 19:20:44.260 29850 29978 I PartnerAssetManager: No files to download for partner: StartTeamsChat
08-25 19:20:44.266 29920 29964 W fb4a.AppInitScheduler|Run:   Finished NetworkEagerInit in 36ms
08-25 19:20:44.266 29920 29965 W fb4a.AppInitScheduler|Run: Running GraphServiceEagerInit
08-25 19:20:44.286 29850 29949 D HxFoldersCacheManagement: Registering for Group collection change notification to update folder cache. CollectionId 00000000-0000-0000-e415-030000000000
08-25 19:20:44.286 29850 30071 D OlmAppSessionManager: onAppStartCompleted com.acompli.acompli.feedback.RatingPrompterAppSessionStartedCompletedEventHandler isInForeground false
08-25 19:20:44.288 29850 30071 D OlmAppSessionManager: onAppStartCompleted com.microsoft.office.outlook.dnd.DoNotDisturbAppSessionStartCompletedEventHandler isInForeground false
08-25 19:20:44.291 29850 30071 D OlmAppSessionManager: onAppStartCompleted com.microsoft.office.outlook.boot.initializer.c isInForeground false
08-25 19:20:44.302 29850 29978 I PartnerAssetManager: No files to download for partner: AssistantMetrics
08-25 19:20:44.307 29850 29978 I PartnerAssetManager: No files to download for partner: EdgeWebView
08-25 19:20:44.311 29850 29949 D HxFoldersCacheManagement: Registering for Favorite collection change notification to update folder cache. CollectionId 00000001-0000-0000-e415-030000000000
08-25 19:20:44.312 29850 29975 D LocalDoNotDisturbStatusManager: Cleared 0 expired entries.
08-25 19:20:44.333 29850 29949 D HxFoldersCacheManagement: Build cache of HxFolders for Hx Account 00000000-0000-0000-e415-030000000000. Total count of UI folders is 9 - Total count of hidden folders is 1
08-25 19:20:44.335 29850 29949 V HxFoldersCacheManagement: No delta summary specified - Summary UI folders count is 8 - Hidden folders count is 1
08-25 19:20:44.365 29850 29949 D OMHxStorageCompletePostProcessor: folders loaded
08-25 19:20:44.403 29850 29949 D OMHxStorageCompletePostProcessor: Registered for Accounts Change listener post hx storage boot complete
08-25 19:20:44.404 29850 29949 D OMHxStorageCompletePostProcessor: Running AccountWatchdog after Account Load
08-25 19:20:44.484 29850 29949 D OlmEventNotificationsManager: initializeCalendarChangeListener
08-25 19:20:44.512 29850 29978 I PartnerAssetManager: No files to download for partner: Cortini
08-25 19:20:44.546  4623  4623 E audit   : type=1400 audit(1629899444.539:260910): avc:  granted  { execute } for  pid=29920 comm="AppInit4" path="/data/data/com.facebook.katana/lib-compressed/libimagepipeline.so" dev="sda32" ino=192850 scontext=u:r:untrusted_app:s0:c183,c256,c512,c768 tcontext=u:object_r:app_data_file:s0:c183,c256,c512,c768 tclass=file SEPF_SM-M215F_11_0009 audit_filtered
08-25 19:20:44.546  4623  4623 E audit   : type=1300 audit(1629899444.539:260910): arch=c00000b7 syscall=222 success=yes exit=536691036160 a0=7cf5475000 a1=2540 a2=5 a3=12 items=0 ppid=4648 pid=29920 auid=4294967295 uid=10183 gid=10183 euid=10183 suid=10183 fsuid=10183 egid=10183 sgid=10183 fsgid=10183 tty=(none) ses=4294967295 comm="AppInit4" exe="/system/bin/app_process64" subj=u:r:untrusted_app:s0:c183,c256,c512,c768 key=(null)
08-25 19:20:44.546  4623  4623 E audit   : type=1327 audit(1629899444.539:260910): proctitle="com.facebook.katana"
08-25 19:20:44.548 29920 29959 W fb4a.AppInitScheduler|Run:   Waiting on VideoComponentWarmup for 1675ms...
08-25 19:20:44.559 29850 30036 I PartnerSdkManager: UpdateDesiredCdnFiles - Completed - result: true
08-25 19:20:44.560 29850 30036 D PartnerSdkManager: State: null ErrorType: null
08-25 19:20:44.564 29850 30062 I PartnerSdkManager: Partner does not need file downloads: com.microsoft.office.outlook.partner.assistantmetrics
08-25 19:20:44.565 29850 30062 I PartnerSdkManager: Partner needs file downloads: com.microsoft.office.outlook.partner.commute
08-25 19:20:44.566 29850 30062 I PartnerSdkManager: Partner does not need file downloads: com.microsoft.office.outlook.partner.cortini
08-25 19:20:44.567 29850 30062 I PartnerSdkManager: Partner does not need file downloads: com.microsoft.office.outlook.partner.edgewebview
08-25 19:20:44.570 29850 30062 I PartnerSdkManager: Partner does not need file downloads: com.microsoft.office.outlook.partner.startteamschat
08-25 19:20:44.572 29850 29975 I PartnerSdkManager: createPartnerAsync called for partner[com.microsoft.office.outlook.partner.assistantmetrics] prevInit[false]
08-25 19:20:44.574 29850 29975 I PartnerSdkManager: IsFeatureEnabled Partner[com.microsoft.office.outlook.partner.assistantmetrics] Requirements[cortini3SInstrumentation(false)] IsOn[false]
08-25 19:20:44.575 29850 29975 I PartnerSdkManager: Skipping loading for [com.microsoft.office.outlook.partner.assistantmetrics] since flight is disabled.
08-25 19:20:44.576 29850 29975 I PartnerSdkManager: canPartnerInitialize returned false - exiting createPartnerAsync early
08-25 19:20:44.576 29850 29975 I PartnerSdkManager: createPartnerAsync called for partner[com.microsoft.office.outlook.partner.cortini] prevInit[false]
08-25 19:20:44.578 29850 29975 D CortiniPartnerConfig: Current Locale: en_GB
08-25 19:20:44.579 29850 30062 I PartnerSdkManager: createPartnerAsync called for partner[com.microsoft.office.outlook.partner.commute] prevInit[false]
08-25 19:20:44.586 29850 30062 I CommutePartnerConfig: init supported locale, current: en_GB
08-25 19:20:44.592 29850 30062 I CommutePartnerConfig: supported predefined locales: [en_CA, en_GB, en_AU, en_IN, en_US]
08-25 19:20:44.592 29850 30062 I CommutePartnerConfig: supported multiple locales: {}
08-25 19:20:44.593 29850 30062 D CommutePartnerConfig: en_GB is valid
08-25 19:20:44.594 29850 30062 I PartnerSdkManager: IsFeatureEnabled Partner[com.microsoft.office.outlook.partner.commute] Requirements[Not(IsTablet)(false) And playEmails(false) Or playEmailsCommercial(true) And IsLocale[en_GB](true)] IsOn[true]
08-25 19:20:44.595 29850 29975 I PartnerSdkManager: IsFeatureEnabled Partner[com.microsoft.office.outlook.partner.cortini] Requirements[IsLocale[en_US](false) Or IsLocale[en_CA](false) Or IsLocale[en_GB](true) Or IsLocale[en_AU](false) Or IsLocale[en_IN](false) Or cortiniFigsp(false) And IsLocale[ja_JP](false) Or IsLocale[zh_CN](false) Or IsLocale[it_IT](false) Or IsLocale[fr_FR](false) Or IsLocale[fr_CA](false) Or IsLocale[de_DE](false) Or IsLocale[es_ES](false) Or IsLocale[es_MX](false) Or IsLocale[pt_BR](false)] IsOn[true]
08-25 19:20:44.597 29850 29975 D PartnerAssetManager: Downloading assets for partner: Cortini
08-25 19:20:44.598 29850 29975 I PartnerSdkManager: Attempting to create partner[com.microsoft.office.outlook.partner.cortini]
08-25 19:20:44.608  4743  7631 V APM_AudioPolicyManager: listAudioPorts() role 0 type 0 num_ports 0 ports 0x76d2480620
08-25 19:20:44.608  4743  7631 V APM_AudioPolicyManager: listAudioPorts() got 0 ports needed 10
08-25 19:20:44.611 29850 30062 D PartnerAssetManager: Downloading assets for partner: Commute
08-25 19:20:44.621 29850 29949 I PartnerAssetManager: Fetching 72 assets for partner Commute
08-25 19:20:44.633 29850 30100 I outlook.Accounts: TokenCacheItem: [2021-08-25 13:50:44 - 8eab9648-c0b0-406d-874a-58fb08ea5340] Check token expiration time. ver:3.1.2 Android 30 (null) - null
08-25 19:20:44.643 29850 30081 I ADALUtil: Acquire token for account 32768 with resource https://substrate.office.com
08-25 19:20:44.648 29850 30081 D outlook.Accounts: ADAL auth correlationId: 090f7c7a-19ed-4bd3-8844-3eb2fcf7645e for scope https://substrate.office.com
08-25 19:20:44.652 29850 30062 I PartnerAssetManager: Fetching 1 assets for partner Commute
08-25 19:20:44.657  4743  7631 V APM_AudioPolicyManager: listAudioPorts() role 0 type 0 num_ports 10 ports 0x7641ea6800
08-25 19:20:44.658  4743  7631 V APM_AudioPolicyManager: listAudioPorts() got 10 ports needed 10
08-25 19:20:44.701 29850 30100 I outlook.Accounts: ADALOAuth2TokenCache: [2021-08-25 13:50:44 - {"thread_id":"12827","correlation_id":"090f7c7a-19ed-4bd3-8844-3eb2fcf7645e"}] Context is an Application? [true] Android 30 (null) - null
08-25 19:20:44.714 29850 30100 I outlook.Accounts: TokenCacheItem: [2021-08-25 13:50:44 - 090f7c7a-19ed-4bd3-8844-3eb2fcf7645e] Check token expiration time. ver:3.1.2 Android 30 (null) - null
08-25 19:20:44.717 29850 30081 I ADALUtil: Acquire token for account 32769 with resource https://srkrecac-my.sharepoint.com/
08-25 19:20:44.719 29850 30036 I PartnerAssetManager: CDN download success - partner [Commute] asset [assets/android/commute/2.2.0/en-US_EvaNeural_1.mp3]
08-25 19:20:44.720 29850 30036 I PartnerAssetManager: CDN download success - partner [Commute] asset [assets/android/commute/2.2.0/en-CA_EvaNeural_1.mp3]
08-25 19:20:44.721 29850 30081 D outlook.Accounts: ADAL auth correlationId: 39c0f3e2-9a78-449f-95c7-82fc983520c0 for scope https://srkrecac-my.sharepoint.com/
08-25 19:20:44.722 29850 30036 I PartnerAssetManager: CDN download success - partner [Commute] asset [assets/android/commute/2.2.0/en-GB_SarahNeural_1.mp3]
08-25 19:20:44.723 29850 30036 I PartnerAssetManager: CDN download success - partner [Commute] asset [assets/android/commute/2.2.0/en-AU_MatildaNeural_1.mp3]
08-25 19:20:44.724 29850 30036 I PartnerAssetManager: CDN download success - partner [Commute] asset [assets/android/commute/2.2.0/en-IN_NishaNeural_1.mp3]
08-25 19:20:44.725 29850 30036 I PartnerAssetManager: CDN download success - partner [Commute] asset [assets/android/commute/2.2.0/es-ES_AnaNeural_1.mp3]
08-25 19:20:44.727 29850 30036 I PartnerAssetManager: CDN download success - partner [Commute] asset [assets/android/commute/2.2.0/es-MX_MilaNeural_1.mp3]
08-25 19:20:44.730 29850 30036 I PartnerAssetManager: CDN download success - partner [Commute] asset [assets/android/commute/2.2.0/fr-FR_NathalieNeural_1.mp3]
08-25 19:20:44.735 29850 30100 I outlook.Accounts: ADALOAuth2TokenCache: [2021-08-25 13:50:44 - {"thread_id":"12827","correlation_id":"39c0f3e2-9a78-449f-95c7-82fc983520c0"}] Context is an Application? [true] Android 30 (null) - null
08-25 19:20:44.740 29850 30036 I PartnerAssetManager: CDN download success - partner [Commute] asset [assets/android/commute/2.2.0/fr-CA_NathalieNeural_1.mp3]
08-25 19:20:44.741 29850 30036 I PartnerAssetManager: CDN download success - partner [Commute] asset [assets/android/commute/2.2.0/pt-BR_JulianaNeural_1.mp3]
08-25 19:20:44.746 29850 30036 I PartnerAssetManager: CDN download success - partner [Commute] asset [assets/android/commute/2.2.0/en-US_EvanNeural_1.mp3]
08-25 19:20:44.748 29850 30036 I PartnerAssetManager: CDN download success - partner [Commute] asset [assets/android/commute/2.2.0/en-CA_EvanNeural_1.mp3]
08-25 19:20:44.749 29850 30036 I PartnerAssetManager: CDN download success - partner [Commute] asset [assets/android/commute/2.2.0/en-US_EvaNeural_2.mp3]
08-25 19:20:44.754 29850 30036 I PartnerAssetManager: CDN download success - partner [Commute] asset [assets/android/commute/2.2.0/en-GB_SarahNeural_2.mp3]
08-25 19:20:44.756 29850 30036 I PartnerAssetManager: CDN download success - partner [Commute] asset [assets/android/commute/2.2.0/en-AU_MatildaNeural_2.mp3]
08-25 19:20:44.758 29850 30100 I outlook.Accounts: TokenCacheItem: [2021-08-25 13:50:44 - 39c0f3e2-9a78-449f-95c7-82fc983520c0] Check token expiration time. ver:3.1.2 Android 30 (null) - null
08-25 19:20:44.761 29850 30081 I outlook.Accounts: Updated tokens for 0 accounts (2 attempted)
08-25 19:20:44.765 29850 30036 I PartnerAssetManager: CDN download success - partner [Commute] asset [assets/android/commute/2.2.0/en-IN_NishaNeural_2.mp3]
08-25 19:20:44.766 29850 30036 I PartnerAssetManager: CDN download success - partner [Commute] asset [assets/android/commute/2.2.0/es-ES_AnaNeural_2.mp3]
08-25 19:20:44.768 29850 30036 I PartnerAssetManager: CDN download success - partner [Commute] asset [assets/android/commute/2.2.0/es-MX_MilaNeural_2.mp3]
08-25 19:20:44.769 29850 30036 I PartnerAssetManager: CDN download success - partner [Commute] asset [assets/android/commute/2.2.0/fr-FR_NathalieNeural_2.mp3]
08-25 19:20:44.771 29850 30036 I PartnerAssetManager: CDN download success - partner [Commute] asset [assets/android/commute/2.2.0/fr-CA_NathalieNeural_2.mp3]
08-25 19:20:44.779 29850 30036 I PartnerAssetManager: CDN download success - partner [Commute] asset [assets/android/commute/2.2.0/pt-BR_JulianaNeural_2.mp3]
08-25 19:20:44.780 29850 30036 I PartnerAssetManager: CDN download success - partner [Commute] asset [assets/android/commute/2.2.0/en-US_EvanNeural_2.mp3]
08-25 19:20:44.782 29850 30036 I PartnerAssetManager: CDN download success - partner [Commute] asset [assets/android/commute/2.2.0/en-US_EvaNeural_3.mp3]
08-25 19:20:44.783 29850 30036 I PartnerAssetManager: CDN download success - partner [Commute] asset [assets/android/commute/2.2.0/en-GB_SarahNeural_3.mp3]
08-25 19:20:44.784 29850 30036 I PartnerAssetManager: CDN download success - partner [Commute] asset [assets/android/commute/2.2.0/en-AU_MatildaNeural_3.mp3]
08-25 19:20:44.786 29850 30036 I PartnerAssetManager: CDN download success - partner [Commute] asset [assets/android/commute/2.2.0/en-IN_NishaNeural_3.mp3]
08-25 19:20:44.787 29850 30036 I PartnerAssetManager: CDN download success - partner [Commute] asset [assets/android/commute/2.2.0/es-ES_AnaNeural_3.mp3]
08-25 19:20:44.789 29850 30036 I PartnerAssetManager: CDN download success - partner [Commute] asset [assets/android/commute/2.2.0/es-MX_MilaNeural_3.mp3]
08-25 19:20:44.790 29850 30036 I PartnerAssetManager: CDN download success - partner [Commute] asset [assets/android/commute/2.2.0/fr-FR_NathalieNeural_3.mp3]
08-25 19:20:44.791 29850 30036 I PartnerAssetManager: CDN download success - partner [Commute] asset [assets/android/commute/2.2.0/fr-CA_NathalieNeural_3.mp3]
08-25 19:20:44.792 29850 30036 I PartnerAssetManager: CDN download success - partner [Commute] asset [assets/android/commute/2.2.0/pt-BR_JulianaNeural_3.mp3]
08-25 19:20:44.793 29850 30036 I PartnerAssetManager: CDN download success - partner [Commute] asset [assets/android/commute/2.2.0/en-US_EvanNeural_3.mp3]
08-25 19:20:44.794 29850 30036 I PartnerAssetManager: CDN download success - partner [Commute] asset [assets/android/commute/2.2.0/en-US_EvaNeural_4.mp3]
08-25 19:20:44.796 29850 30036 I PartnerAssetManager: CDN download success - partner [Commute] asset [assets/android/commute/2.2.0/en-GB_SarahNeural_4.mp3]
08-25 19:20:44.797 29850 30036 I PartnerAssetManager: CDN download success - partner [Commute] asset [assets/android/commute/2.2.0/en-AU_MatildaNeural_4.mp3]
08-25 19:20:44.798 29850 30036 I PartnerAssetManager: CDN download success - partner [Commute] asset [assets/android/commute/2.2.0/en-IN_NishaNeural_4.mp3]
08-25 19:20:44.800 29850 30036 I PartnerAssetManager: CDN download success - partner [Commute] asset [assets/android/commute/2.2.0/es-ES_AnaNeural_4.mp3]
08-25 19:20:44.801 29850 30036 I PartnerAssetManager: CDN download success - partner [Commute] asset [assets/android/commute/2.2.0/es-MX_MilaNeural_4.mp3]
08-25 19:20:44.802 29850 30036 I PartnerAssetManager: CDN download success - partner [Commute] asset [assets/android/commute/2.2.0/fr-FR_NathalieNeural_4.mp3]
08-25 19:20:44.804 29850 30036 I PartnerAssetManager: CDN download success - partner [Commute] asset [assets/android/commute/2.2.0/fr-CA_NathalieNeural_4.mp3]
08-25 19:20:44.805 29850 30036 I PartnerAssetManager: CDN download success - partner [Commute] asset [assets/android/commute/2.2.0/pt-BR_JulianaNeural_4.mp3]
08-25 19:20:44.806 29850 30036 I PartnerAssetManager: CDN download success - partner [Commute] asset [assets/android/commute/2.2.0/en-US_EvanNeural_4.mp3]
08-25 19:20:44.836 29850 30036 I PartnerAssetManager: CDN download success - partner [Commute] asset [assets/android/commute/2.2.0/en-US_EvaNeural_5.mp3]
08-25 19:20:44.837 29850 30036 I PartnerAssetManager: CDN download success - partner [Commute] asset [assets/android/commute/2.2.0/en-GB_SarahNeural_5.mp3]
08-25 19:20:44.838 29850 30036 I PartnerAssetManager: CDN download success - partner [Commute] asset [assets/android/commute/2.2.0/en-AU_MatildaNeural_5.mp3]
08-25 19:20:44.840 29850 30036 I PartnerAssetManager: CDN download success - partner [Commute] asset [assets/android/commute/2.2.0/en-IN_NishaNeural_5.mp3]
08-25 19:20:44.842 29850 30036 I PartnerAssetManager: CDN download success - partner [Commute] asset [assets/android/commute/2.2.0/es-ES_AnaNeural_5.mp3]
08-25 19:20:44.843 29850 30036 I PartnerAssetManager: CDN download success - partner [Commute] asset [assets/android/commute/2.2.0/es-MX_MilaNeural_5.mp3]
08-25 19:20:44.846 29850 30036 I PartnerAssetManager: CDN download success - partner [Commute] asset [assets/android/commute/2.2.0/fr-FR_NathalieNeural_5.mp3]
08-25 19:20:44.847 29850 30036 I PartnerAssetManager: CDN download success - partner [Commute] asset [assets/android/commute/2.2.0/fr-CA_NathalieNeural_5.mp3]
08-25 19:20:44.859 29850 30036 I PartnerAssetManager: CDN download success - partner [Commute] asset [assets/android/commute/2.2.0/pt-BR_JulianaNeural_5.mp3]
08-25 19:20:44.860 29850 30036 I PartnerAssetManager: CDN download success - partner [Commute] asset [assets/android/commute/2.2.0/en-US_EvanNeural_5.mp3]
08-25 19:20:44.862 29850 30036 I PartnerAssetManager: CDN download success - partner [Commute] asset [assets/android/commute/2.2.0/en-US_EvaNeural_6.mp3]
08-25 19:20:44.863 29850 30036 I PartnerAssetManager: CDN download success - partner [Commute] asset [assets/android/commute/2.2.0/en-GB_SarahNeural_6.mp3]
08-25 19:20:44.871 29850 30036 I PartnerAssetManager: CDN download success - partner [Commute] asset [assets/android/commute/2.2.0/en-AU_MatildaNeural_6.mp3]
08-25 19:20:44.873 29850 30036 I PartnerAssetManager: CDN download success - partner [Commute] asset [assets/android/commute/2.2.0/en-IN_NishaNeural_6.mp3]
08-25 19:20:44.874 29850 30036 I PartnerAssetManager: CDN download success - partner [Commute] asset [assets/android/commute/2.2.0/es-ES_AnaNeural_6.mp3]
08-25 19:20:44.875 29850 30036 I PartnerAssetManager: CDN download success - partner [Commute] asset [assets/android/commute/2.2.0/es-MX_MilaNeural_6.mp3]
08-25 19:20:44.877 29850 30036 I PartnerAssetManager: CDN download success - partner [Commute] asset [assets/android/commute/2.2.0/fr-FR_NathalieNeural_6.mp3]
08-25 19:20:44.878 29850 30036 I PartnerAssetManager: CDN download success - partner [Commute] asset [assets/android/commute/2.2.0/fr-CA_NathalieNeural_6.mp3]
08-25 19:20:44.879 29850 30036 I PartnerAssetManager: CDN download success - partner [Commute] asset [assets/android/commute/2.2.0/pt-BR_JulianaNeural_6.mp3]
08-25 19:20:44.881 29850 30036 I PartnerAssetManager: CDN download success - partner [Commute] asset [assets/android/commute/2.2.0/en-US_EvanNeural_6.mp3]
08-25 19:20:44.882 29850 30036 I PartnerAssetManager: CDN download success - partner [Commute] asset [assets/android/commute/2.2.0/en-US_EvaNeural_7.mp3]
08-25 19:20:44.889 29850 29975 I System.out: Copied bytes: 2854
08-25 19:20:44.891 29850 29975 I System.out: Copied bytes: 1294
08-25 19:20:44.895 29850 30036 I PartnerAssetManager: CDN download success - partner [Commute] asset [assets/android/commute/2.2.0/en-GB_SarahNeural_7.mp3]
08-25 19:20:44.896 29850 30036 I PartnerAssetManager: CDN download success - partner [Commute] asset [assets/android/commute/2.2.0/en-AU_MatildaNeural_7.mp3]
08-25 19:20:44.897 29850 30036 I PartnerAssetManager: CDN download success - partner [Commute] asset [assets/android/commute/2.2.0/en-IN_NishaNeural_7.mp3]
08-25 19:20:44.899 29850 30036 I PartnerAssetManager: CDN download success - partner [Commute] asset [assets/android/commute/2.2.0/es-ES_AnaNeural_7.mp3]
08-25 19:20:44.900 29850 30036 I PartnerAssetManager: CDN download success - partner [Commute] asset [assets/android/commute/2.2.0/es-MX_MilaNeural_7.mp3]
08-25 19:20:44.901 29850 30036 I PartnerAssetManager: CDN download success - partner [Commute] asset [assets/android/commute/2.2.0/fr-FR_NathalieNeural_7.mp3]
08-25 19:20:44.902 29850 30036 I PartnerAssetManager: CDN download success - partner [Commute] asset [assets/android/commute/2.2.0/fr-CA_NathalieNeural_7.mp3]
08-25 19:20:44.903 29850 30036 I PartnerAssetManager: CDN download success - partner [Commute] asset [assets/android/commute/2.2.0/pt-BR_JulianaNeural_7.mp3]
08-25 19:20:44.905 29850 30036 I PartnerAssetManager: CDN download success - partner [Commute] asset [assets/android/commute/2.2.0/en-US_EvanNeural_7.mp3]
08-25 19:20:44.906 29850 30036 I PartnerAssetManager: CDN onActorWithResultsSucceeded 72 assets for partner Commute
08-25 19:20:44.907 29850 30036 I PartnerAssetManager: CDN download success - partner [Commute] asset [assets/android/commute/v2/heycortana_en-US.table]
08-25 19:20:44.909 29850 30036 I PartnerAssetManager: CDN onActorWithResultsSucceeded 1 assets for partner Commute
08-25 19:20:44.911 29850 29949 I PartnerSdkManager: Attempting to create partner[com.microsoft.office.outlook.partner.commute]
08-25 19:20:44.913 29850 29949 I Commute : Commute initialize
08-25 19:20:44.917 29920 30007 W fb4a.MultiSignalANRDetectorLacrima: Pausing error state checks
08-25 19:20:44.918 29850 29975 I System.out: Copied bytes: 743
08-25 19:20:44.922 29850 29975 I System.out: Copied bytes: 803
08-25 19:20:44.929 29850 29975 D CortiniVoiceSearchContribution: Starting eligibility observer.
08-25 19:20:44.934 29850 29850 D CortiniVoiceSearchContribution: Eligibility has been updated. Resetting search account.
08-25 19:20:44.935 29850 29850 W CortiniVoiceSearchContribution: lastKnownSearchAccount is null, will skip account reset.
08-25 19:20:44.989 29850 29949 I Commute : Commute feature flags: [playEmailsCommercial, playEmailsAutoListen, playEmailsFavoritePeople, playEmailsFavoriteFolder, playEmailsReadAllEmails, playEmailsCreateMeeting, playEmailsFeatureTutorial, playEmailsCreateTask, playEmailsReplyImprovement, playEmailsMicForAllPages, playEmailsAcceptOrDeclineMeeting, playEmailsEligibilityServiceV2, playEmailsProactiveFeedback, playEmailsCommercialEnStar, playEmailsMultipleAccounts, playEmailsMediaCenter, playEmailsEnableOnboardingBar, playEmailsSupportHeadsetHFP, playEmailsSnackbarV2, playEmailsPhoneCall, playEmailsTeamsCall, playEmailsById, playEmailsDayOverview, playEmailsOnBoardingFlowV2, playEmailsGoogleAssistant, playEmailsServiceStorage, playEmailsCustomTheme, playEmailsEnCAVoiceFont]
08-25 19:20:44.997 29920 29998 D CompatibilityChangeReporter: Compat change id reported: 147600208; UID 10183; state: ENABLED
08-25 19:20:45.021  5076  7314 V WifiDisplayAdapter: getWifiDisplayStatusLocked: result=WifiDisplayStatus{featureState=2, scanState=0, activeDisplayState=0, activeDisplay=null, displays=[], sessionInfo=WifiDisplaySessionInfo:
08-25 19:20:45.021  5076  7314 V WifiDisplayAdapter:     Client/Owner: Client
08-25 19:20:45.021  5076  7314 V WifiDisplayAdapter:     GroupId:
08-25 19:20:45.021  5076  7314 V WifiDisplayAdapter:     SessionId: 0, connectedState=-1}
08-25 19:20:45.034 29850 29949 V MediaRouter: Selecting route: RouteInfo{ name=Phone, description=null, status=null, category=RouteCategory{ name=System types=ROUTE_TYPE_LIVE_AUDIO ROUTE_TYPE_LIVE_VIDEO  groupable=false }, supportedTypes=ROUTE_TYPE_LIVE_AUDIO ROUTE_TYPE_LIVE_VIDEO , presentationDisplay=null }
08-25 19:20:45.034  5076  7314 V WifiDisplayAdapter: getWifiDisplayStatusLocked: result=WifiDisplayStatus{featureState=2, scanState=0, activeDisplayState=0, activeDisplay=null, displays=[], sessionInfo=WifiDisplaySessionInfo:
08-25 19:20:45.034  5076  7314 V WifiDisplayAdapter:     Client/Owner: Client
08-25 19:20:45.034  5076  7314 V WifiDisplayAdapter:     GroupId:
08-25 19:20:45.034  5076  7314 V WifiDisplayAdapter:     SessionId: 0, connectedState=-1}
08-25 19:20:45.084  4743  7631 V APM_AudioPolicyManager: listAudioPorts() role 0 type 0 num_ports 0 ports 0x76d2480620
08-25 19:20:45.084  4743  7631 V APM_AudioPolicyManager: listAudioPorts() got 0 ports needed 10
08-25 19:20:45.084  4743  7631 V APM_AudioPolicyManager: listAudioPorts() role 0 type 0 num_ports 10 ports 0x7641ea6800
08-25 19:20:45.084  4743  7631 V APM_AudioPolicyManager: listAudioPorts() got 10 ports needed 10
